Discrete Choice Model For Product Demand And Price Sensitivity Estimation/catsales_RefrigOJ_2017Semester_sample.csv
store,week,unibranddff,upc,descripdff,size,reprice,resales,move,sale,prom,whprice,qty
107,372,FLDAGOLD,1110000518,FLORIDAGOLD PREM SEL,64 OZ,2.8499999,31.35,11,,0,2.1001649,1
107,309,FLDAGOLD,1110000518,FLORIDAGOLD PREM SEL,64 OZ,2.6900001,34.970001,13,,0,1.460132,1
107,338,FLDAGOLD,1110000518,FLORIDAGOLD PREM SEL,64 OZ,2.8499999,31.35,11,,0,1.76016,1
107,282,FLDAGOLD,1110000518,FLORIDAGOLD PREM SEL,64 OZ,1.73,27.68,16,,0,1.386076,1
107,332,FLDAGOLD,1110000518,FLORIDAGOLD PREM SEL,64 OZ,2.8499999,17.1,6,,0,1.47516,1
107,277,FLDAGOLD,1110000518,FLORIDAGOLD PREM SEL,64 OZ,2.04,59.16,29,B,1,1.466556,1
107,281,FLDAGOLD,1110000518,FLORIDAGOLD PREM SEL,64 OZ,2.3900001,52.580002,22,,0,1.332186,1
107,367,FLDAGOLD,1110000518,FLORIDAGOLD PREM SEL,64 OZ,2.8499999,25.65,9,,0,1.674945,1
107,295,FLDAGOLD,1110000518,FLORIDAGOLD PREM SEL,64 OZ,2.3900001,7.1700001,3,,0,1.479171,1
137,306,FLDAGOLD,1110000518,FLORIDAGOLD PREM SEL,64 OZ,2.96,62.16,21,,0,1.480592,1
137,277,FLDAGOLD,1110000518,FLORIDAGOLD PREM SEL,64 OZ,2.1099999,69.629997,33,B,1,1.477,1
137,338,FLDAGOLD,1110000518,FLORIDAGOLD PREM SEL,64 OZ,2.99,260.13,87,,0,1.760213,1
137,303,FLDAGOLD,1110000518,FLORIDAGOLD PREM SEL,64 OZ,1.89,124.74,66,B,1,1.694196,1
137,294,FLDAGOLD,1110000518,FLORIDAGOLD PREM SEL,64 OZ,2.3900001,265.29001,111,B,1,1.397911,1
137,290,FLDAGOLD,1110000518,FLORIDAGOLD PREM SEL,64 OZ,2.0699999,93.150002,45,B,1,1.49247,1
137,363,FLDAGOLD,1110000518,FLORIDAGOLD PREM SEL,64 OZ,1.99,191.03999,96,B,1,1.714186,1
137,341,FLDAGOLD,1110000518,FLORIDAGOLD PREM SEL,64 OZ,2.5799999,69.660004,27,,0,1.521426,1
137,357,FLDAGOLD,1110000518,FLORIDAGOLD PREM SEL,64 OZ,2,448,224,,0,1.9457999,1
137,309,FLDAGOLD,1110000518,FLORIDAGOLD PREM SEL,64 OZ,2.99,41.860001,14,,0,1.460017,1
137,285,FLDAGOLD,1110000518,FLORIDAGOLD PREM SEL,64 OZ,2.0699999,16.559999,8,,0,1.55457,1
137,334,FLDAGOLD,1110000518,FLORIDAGOLD PREM SEL,64 OZ,1.5700001,1777.24,1132,B,1,1.044992,1
137,395,FLDAGOLD,1110000518,FLORIDAGOLD PREM SEL,64 OZ,3.05,27.450001,9,,0,1.99409,1
137,393,FLDAGOLD,1110000518,FLORIDAGOLD PREM SEL,64 OZ,3.05,24.4,8,,0,2.0627151,1
137,390,FLDAGOLD,1110000518,FLORIDAGOLD PREM SEL,64 OZ,3.05,30.5,10,,0,2.09901,1
137,389,FLDAGOLD,1110000518,FLORIDAGOLD PREM SEL,64 OZ,3.05,30.5,10,,0,2.09901,1
137,383,FLDAGOLD,1110000518,FLORIDAGOLD PREM SEL,64 OZ,3.05,30.5,10,,0,1.9425451,1
137,368,FLDAGOLD,1110000518,FLORIDAGOLD PREM SEL,64 OZ,2.6800001,26.799999,10,B,1,1.716272,1
137,364,FLDAGOLD,1110000518,FLORIDAGOLD PREM SEL,64 OZ,2.45,36.75,15,B,1,1.913695,1
137,353,FLDAGOLD,1110000518,FLORIDAGOLD PREM SEL,64 OZ,2.6400001,168.96001,64,B,1,1.851432,1
137,352,FLDAGOLD,1110000518,FLORIDAGOLD PREM SEL,64 OZ,2.5,140,56,B,1,1.94425,1
137,346,FLDAGOLD,1110000518,FLORIDAGOLD PREM SEL,64 OZ,1.99,21.889999,11,S,1,1.760155,1
137,336,FLDAGOLD,1110000518,FLORIDAGOLD PREM SEL,64 OZ,2.99,257.14001,86,,0,1.760213,1
137,330,FLDAGOLD,1110000518,FLORIDAGOLD PREM SEL,64 OZ,2.99,32.889999,11,,0,1.475266,1
137,318,FLDAGOLD,1110000518,FLORIDAGOLD PREM SEL,64 OZ,2.99,5.98,2,,0,1.587092,1
137,311,FLDAGOLD,1110000518,FLORIDAGOLD PREM SEL,64 OZ,2.28,66.120003,29,,0,1.456236,1
137,307,FLDAGOLD,1110000518,FLORIDAGOLD PREM SEL,64 OZ,2.8900001,28.9,10,,0,1.4637851,1
137,300,FLDAGOLD,1110000518,FLORIDAGOLD PREM SEL,64 OZ,1.99,27.860001,14,,0,1.75319,1
137,293,FLDAGOLD,1110000518,FLORIDAGOLD PREM SEL,64 OZ,2.29,313.73001,137,B,1,1.3991899,1
137,291,FLDAGOLD,1110000518,FLORIDAGOLD PREM SEL,64 OZ,2.79,145.08,52,,0,1.560168,1
137,331,FLDAGOLD,1110000518,FLORIDAGOLD PREM SEL,64 OZ,2.99,29.9,10,,0,1.475266,1
51,281,FLDAGOLD,1110000518,FLORIDAGOLD PREM SEL,64 OZ,2.6900001,18.83,7,,0,1.332088,1
51,380,FLDAGOLD,1110000518,FLORIDAGOLD PREM SEL,64 OZ,2.8900001,14.45,5,,0,1.988031,1
51,377,FLDAGOLD,1110000518,FLORIDAGOLD PREM SEL,64 OZ,2.6900001,13.45,5,,0,1.6764081,1
51,285,FLDAGOLD,1110000518,FLORIDAGOLD PREM SEL,64 OZ,2.1900001,45.990002,21,,0,1.560156,1
51,384,FLDAGOLD,1110000518,FLORIDAGOLD PREM SEL,64 OZ,2.8900001,37.57,13,,0,2.0990069,1
51,290,FLDAGOLD,1110000518,FLORIDAGOLD PREM SEL,64 OZ,2.25,29.25,13,B,1,1.515375,1
51,294,FLDAGOLD,1110000518,FLORIDAGOLD PREM SEL,64 OZ,2.3699999,45.029999,19,B,1,1.396641,1
51,296,FLDAGOLD,1110000518,FLORIDAGOLD PREM SEL,64 OZ,2.8499999,57,20,,0,1.460055,1
51,300,FLDAGOLD,1110000518,FLORIDAGOLD PREM SEL,64 OZ,2.4200001,14.52,6,,0,1.7530479,1
51,302,FLDAGOLD,1110000518,FLORIDAGOLD PREM SEL,64 OZ,1.96,41.16,21,B,1,1.751848,1
51,358,FLDAGOLD,1110000518,FLORIDAGOLD PREM SEL,64 OZ,2.8499999,37.049999,13,,0,1.4919749,1
51,309,FLDAGOLD,1110000518,FLORIDAGOLD PREM SEL,64 OZ,2.8499999,42.75,15,,0,1.460055,1
51,357,FLDAGOLD,1110000518,FLORIDAGOLD PREM SEL,64 OZ,2.8499999,62.700001,22,,0,1.949115,1
51,356,FLDAGOLD,1110000518,FLORIDAGOLD PREM SEL,64 OZ,2.1700001,49.91,23,B,1,1.946707,1
51,315,FLDAGOLD,1110000518,FLORIDAGOLD PREM SEL,64 OZ,2.5,55,22,S,1,1.46,1
51,347,FLDAGOLD,1110000518,FLORIDAGOLD PREM SEL,64 OZ,1.6900001,145.34,86,,0,1.759966,1
51,342,FLDAGOLD,1110000518,FLORIDAGOLD PREM SEL,64 OZ,2.5599999,20.48,8,B,1,1.758464,1
51,325,FLDAGOLD,1110000518,FLORIDAGOLD PREM SEL,64 OZ,2.8499999,22.799999,8,,0,1.909215,1
51,341,FLDAGOLD,1110000518,FLORIDAGOLD PREM SEL,64 OZ,2.8499999,25.65,9,,0,1.67124,1
51,334,FLDAGOLD,1110000518,FLORIDAGOLD PREM SEL,64 OZ,1.46,1476.0601,1011,G,1,1.03952,1
51,313,FLDAGOLD,1110000518,FLORIDAGOLD PREM SEL,64 OZ,2.8499999,5.6999998,2,,0,1.460055,1
51,354,FLDAGOLD,1110000518,FLORIDAGOLD PREM SEL,64 OZ,1.99,811.91998,408,S,1,1.6491131,1
51,344,FLDAGOLD,1110000518,FLORIDAGOLD PREM SEL,64 OZ,2.3900001,23.9,10,B,1,1.755694,1
51,317,FLDAGOLD,1110000518,FLORIDAGOLD PREM SEL,64 OZ,2.8499999,25.65,9,,0,1.587165,1
51,308,FLDAGOLD,1110000518,FLORIDAGOLD PREM SEL,64 OZ,2.8499999,28.5,10,,0,1.460055,1
51,291,FLDAGOLD,1110000518,FLORIDAGOLD PREM SEL,64 OZ,2.6900001,59.18,22,,0,1.5602,1
51,320,FLDAGOLD,1110000518,FLORIDAGOLD PREM SEL,64 OZ,2.8499999,14.25,5,,0,1.01916,1
51,359,FLDAGOLD,1110000518,FLORIDAGOLD PREM SEL,64 OZ,2.8499999,22.799999,8,,0,1.462905,1
51,297,FLDAGOLD,1110000518,FLORIDAGOLD PREM SEL,64 OZ,2.8499999,57,20,,0,1.04082,1
51,295,FLDAGOLD,1110000518,FLORIDAGOLD PREM SEL,64 OZ,2.77,58.169998,21,,0,1.4672689,1
51,353,FLDAGOLD,1110000518,FLORIDAGOLD PREM SEL,64 OZ,2.76,35.880001,13,B,1,1.71258,1
51,369,FLDAGOLD,1110000518,FLORIDAGOLD PREM SEL,64 OZ,2.8499999,8.5500002,3,,0,2.0001299,1
51,345,FLDAGOLD,1110000518,FLORIDAGOLD PREM SEL,64 OZ,1.99,11.94,6,B,1,1.760155,1
51,381,FLDAGOLD,1110000518,FLORIDAGOLD PREM SEL,64 OZ,2.8900001,28.9,10,,0,1.928208,1
115,308,FLDAGOLD,1110000518,FLORIDAGOLD PREM SEL,64 OZ,2.8499999,19.950001,7,,0,1.460055,1
115,285,FLDAGOLD,1110000518,FLORIDAGOLD PREM SEL,64 OZ,2.5699999,15.42,6,,0,1.5581909,1
115,313,FLDAGOLD,1110000518,FLORIDAGOLD PREM SEL,64 OZ,2.8499999,45.599998,16,,0,1.460055,1
115,353,FLDAGOLD,1110000518,FLORIDAGOLD PREM SEL,64 OZ,2.6800001,56.279999,21,B,1,1.789704,1
115,288,FLDAGOLD,1110000518,FLORIDAGOLD PREM SEL,64 OZ,2.0699999,35.189999,17,B,1,1.558296,1
115,278,FLDAGOLD,1110000518,FLORIDAGOLD PREM SEL,64 OZ,1.6900001,13.52,8,B,1,1.474525,1
115,307,FLDAGOLD,1110000518,FLORIDAGOLD PREM SEL,64 OZ,2.4400001,17.08,7,,0,1.460096,1
115,351,FLDAGOLD,1110000518,FLORIDAGOLD PREM SEL,64 OZ,2.5,17.5,7,B,1,1.949,1
115,277,FLDAGOLD,1110000518,FLORIDAGOLD PREM SEL,64 OZ,2.05,63.549999,31,B,1,1.4667749,1
115,339,FLDAGOLD,1110000518,FLORIDAGOLD PREM SEL,64 OZ,2.8499999,17.1,6,,0,1.4934,1
115,391,FLDAGOLD,1110000518,FLORIDAGOLD PREM SEL,64 OZ,2.8900001,8.6700001,3,,0,2.0990069,1
115,381,FLDAGOLD,1110000518,FLORIDAGOLD PREM SEL,64 OZ,2.8900001,8.6700001,3,,0,1.928208,1
115,303,FLDAGOLD,1110000518,FLORIDAGOLD PREM SEL,64 OZ,1.89,100.17,53,B,1,1.670193,1
115,306,FLDAGOLD,1110000518,FLORIDAGOLD PREM SEL,64 OZ,1.48,20.719999,14,,0,1.566728,1
8,294,FLDAGOLD,1110000518,FLORIDAGOLD PREM SEL,64 OZ,2.3099999,53.130001,23,B,1,1.401477,1
8,285,FLDAGOLD,1110000518,FLORIDAGOLD PREM SEL,64 OZ,2.1900001,26.280001,12,,0,1.560156,1
8,284,FLDAGOLD,1110000518,FLORIDAGOLD PREM SEL,64 OZ,2.51,25.1,10,,0,1.560216,1
8,365,FLDAGOLD,1110000518,FLORIDAGOLD PREM SEL,64 OZ,2.8499999,59.849998,21,,0,2.0822101,1
8,389,FLDAGOLD,1110000518,FLORIDAGOLD PREM SEL,64 OZ,2.8900001,8.6700001,3,,0,2.0990069,1
8,340,FLDAGOLD,1110000518,FLORIDAGOLD PREM SEL,64 OZ,1.42,2112.96,1488,S,1,1.359082,1
8,375,FLDAGOLD,1110000518,FLORIDAGOLD PREM SEL,64 OZ,2.8499999,11.4,4,,0,2.0554199,1
8,343,FLDAGOLD,1110000518,FLORIDAGOLD PREM SEL,64 OZ,2.3900001,114.72,48,B,1,1.760235,1
84,341,FLDAGOLD,1110000518,FLORIDAGOLD PREM SEL,64 OZ,1.22,34.16,28,,0,1.430938,1
84,295,FLDAGOLD,1110000518,FLORIDAGOLD PREM SEL,64 OZ,2.3299999,60.580002,26,,0,1.468133,1
84,282,FLDAGOLD,1110000518,FLORIDAGOLD PREM SEL,64 OZ,1.6900001,21.969999,13,B,1,1.384617,1
84,285,FLDAGOLD,1110000518,FLORIDAGOLD PREM SEL,64 OZ,2.0699999,89.010002,43,,0,1.555812,1
84,287,FLDAGOLD,1110000518,FLORIDAGOLD PREM SEL,64 OZ,1.99,153.23,77,B,1,1.56016,1
84,288,FLDAGOLD,1110000518,FLORIDAGOLD PREM SEL,64 OZ,1.99,115.42,58,B,1,1.553593,1
84,292,FLDAGOLD,1110000518,FLORIDAGOLD PREM SEL,64 OZ,2.1500001,45.150002,21,,0,1.498765,1
84,293,FLDAGOLD,1110000518,FLORIDAGOLD PREM SEL,64 OZ,2.1500001,68.800003,32,,0,1.3990051,1
84,308,FLDAGOLD,1110000518,FLORIDAGOLD PREM SEL,64 OZ,2.6900001,24.209999,9,,0,1.460132,1
84,319,FLDAGOLD,1110000518,FLORIDAGOLD PREM SEL,64 OZ,2.6900001,32.279999,12,,0,1.5871,1
84,349,FLDAGOLD,1110000518,FLORIDAGOLD PREM SEL,64 OZ,1.4299999,2360.9299,1651,G,1,1.592019,1
84,354,FLDAGOLD,1110000518,FLORIDAGOLD PREM SEL,64 OZ,1.99,585.06,294,S,1,1.6491131,1
84,358,FLDAGOLD,1110000518,FLORIDAGOLD PREM SEL,64 OZ,2.6900001,34.970001,13,,0,1.473313,1
84,365,FLDAGOLD,1110000518,FLORIDAGOLD PREM SEL,64 OZ,2.8499999,34.200001,12,,0,2.0822101,1
84,369,FLDAGOLD,1110000518,FLORIDAGOLD PREM SEL,64 OZ,2.8499999,22.799999,8,,0,2.0001299,1
84,372,FLDAGOLD,1110000518,FLORIDAGOLD PREM SEL,64 OZ,2.01,66.330002,33,,0,2.093616,1
84,375,FLDAGOLD,1110000518,FLORIDAGOLD PREM SEL,64 OZ,2.8499999,22.799999,8,,0,2.0576999,1
84,377,FLDAGOLD,1110000518,FLORIDAGOLD PREM SEL,64 OZ,2.8699999,20.09,7,,0,1.816136,1
84,379,FLDAGOLD,1110000518,FLORIDAGOLD PREM SEL,64 OZ,2.8900001,26.01,9,,0,2.0631709,1
84,283,FLDAGOLD,1110000518,FLORIDAGOLD PREM SEL,64 OZ,1.9400001,48.5,25,B,1,1.5539401,1
84,382,FLDAGOLD,1110000518,FLORIDAGOLD PREM SEL,64 OZ,2.8900001,20.23,7,,0,1.928208,1
84,383,FLDAGOLD,1110000518,FLORIDAGOLD PREM SEL,64 OZ,2.8900001,26.01,9,,0,1.939768,1
84,384,FLDAGOLD,1110000518,FLORIDAGOLD PREM SEL,64 OZ,2.8900001,23.120001,8,,0,2.0990069,1
84,388,FLDAGOLD,1110000518,FLORIDAGOLD PREM SEL,64 OZ,2.8900001,20.23,7,,0,2.0990069,1
84,398,FLDAGOLD,1110000518,FLORIDAGOLD PREM SEL,64 OZ,2.1900001,10.95,5,B,1,1.7881351,1
84,364,FLDAGOLD,1110000518,FLORIDAGOLD PREM SEL,64 OZ,2.1099999,132.92999,63,B,1,1.8517359,1
84,328,FLDAGOLD,1110000518,FLORIDAGOLD PREM SEL,64 OZ,2.8499999,34.200001,12,,0,1.53501,1
84,280,FLDAGOLD,1110000518,FLORIDAGOLD PREM SEL,64 OZ,2.1500001,34.400002,16,,0,1.33214,1
84,374,FLDAGOLD,1110000518,FLORIDAGOLD PREM SEL,64 OZ,2.8499999,11.4,4,,0,1.5612299,1
84,378,FLDAGOLD,1110000518,FLORIDAGOLD PREM SEL,64 OZ,2.8900001,31.790001,11,,0,2.100163,1
84,330,FLDAGOLD,1110000518,FLORIDAGOLD PREM SEL,64 OZ,2.8499999,14.25,5,,0,1.47516,1
84,381,FLDAGOLD,1110000518,FLORIDAGOLD PREM SEL,64 OZ,2.8900001,34.68,12,,0,1.928208,1
84,329,FLDAGOLD,1110000518,FLORIDAGOLD PREM SEL,64 OZ,2.8499999,14.25,5,,0,1.47516,1
84,296,FLDAGOLD,1110000518,FLORIDAGOLD PREM SEL,64 OZ,2.6900001,40.349998,15,,0,1.460132,1
124,300,FLDAGOLD,1110000518,FLORIDAGOLD PREM SEL,64 OZ,2.3699999,49.77,21,,0,1.752378,1
124,298,FLDAGOLD,1110000518,FLORIDAGOLD PREM SEL,64 OZ,1.5,1252.5,835,S,1,0.97245002,1
124,393,FLDAGOLD,1110000518,FLORIDAGOLD PREM SEL,64 OZ,3.05,21.35,7,,0,2.0785749,1
124,380,FLDAGOLD,1110000518,FLORIDAGOLD PREM SEL,64 OZ,3.05,21.35,7,,0,1.92821,1
124,309,FLDAGOLD,1110000518,FLORIDAGOLD PREM SEL,64 OZ,2.99,5.98,2,,0,1.460017,1
124,291,FLDAGOLD,1110000518,FLORIDAGOLD PREM SEL,64 OZ,2.79,58.59,21,,0,1.560168,1
124,325,FLDAGOLD,1110000518,FLORIDAGOLD PREM SEL,64 OZ,2.99,20.93,7,,0,1.909115,1
124,316,FLDAGOLD,1110000518,FLORIDAGOLD PREM SEL,64 OZ,2.99,5.98,2,,0,1.587092,1
124,381,FLDAGOLD,1110000518,FLORIDAGOLD PREM SEL,64 OZ,3.05,3.05,1,,0,1.92821,1
124,397,FLDAGOLD,1110000518,FLORIDAGOLD PREM SEL,64 OZ,2.6199999,15.72,6,B,1,1.7100739,1
124,356,FLDAGOLD,1110000518,FLORIDAGOLD PREM SEL,64 OZ,1.99,115.42,58,B,1,1.949006,1
124,350,FLDAGOLD,1110000518,FLORIDAGOLD PREM SEL,64 OZ,1.5,25.5,17,,0,1.58955,1
124,384,FLDAGOLD,1110000518,FLORIDAGOLD PREM SEL,64 OZ,3.05,48.799999,16,,0,2.09901,1
124,320,FLDAGOLD,1110000518,FLORIDAGOLD PREM SEL,64 OZ,2.99,5.98,2,,0,1.232179,1
21,303,FLDAGOLD,1110000518,FLORIDAGOLD PREM SEL,64 OZ,1.89,102.06,54,B,1,1.6998661,1
21,389,FLDAGOLD,1110000518,FLORIDAGOLD PREM SEL,64 OZ,2.8900001,5.7800002,2,,0,2.0990069,1
21,387,FLDAGOLD,1110000518,FLORIDAGOLD PREM SEL,64 OZ,2.8900001,5.7800002,2,,0,2.0990069,1
21,380,FLDAGOLD,1110000518,FLORIDAGOLD PREM SEL,64 OZ,2.8900001,5.7800002,2,,0,2.0030589,1
21,282,FLDAGOLD,1110000518,FLORIDAGOLD PREM SEL,64 OZ,1.86,7.4400001,4,,0,1.3853281,1
21,309,FLDAGOLD,1110000518,FLORIDAGOLD PREM SEL,64 OZ,2.6900001,2.6900001,1,,0,1.460132,1
21,325,FLDAGOLD,1110000518,FLORIDAGOLD PREM SEL,64 OZ,2.8499999,2.8499999,1,,0,1.909215,1
21,337,FLDAGOLD,1110000518,FLORIDAGOLD PREM SEL,64 OZ,2.8499999,11.4,4,,0,1.76016,1
21,343,FLDAGOLD,1110000518,FLORIDAGOLD PREM SEL,64 OZ,2.3900001,117.11,49,B,1,1.760235,1
21,338,FLDAGOLD,1110000518,FLORIDAGOLD PREM SEL,64 OZ,1.13,203.39999,180,,0,1.752743,1
21,296,FLDAGOLD,1110000518,FLORIDAGOLD PREM SEL,64 OZ,2.6900001,21.52,8,,0,1.460132,1
21,357,FLDAGOLD,1110000518,FLORIDAGOLD PREM SEL,64 OZ,2.8499999,31.35,11,,0,1.949115,1
21,393,FLDAGOLD,1110000518,FLORIDAGOLD PREM SEL,64 OZ,2.8900001,2.8900001,1,,0,2.100163,1
67,346,FLDAGOLD,1110000518,FLORIDAGOLD PREM SEL,64 OZ,1.87,13.09,7,S,1,1.7548079,1
67,299,FLDAGOLD,1110000518,FLORIDAGOLD PREM SEL,64 OZ,2.8499999,2.8499999,1,,0,1.7530349,1
67,295,FLDAGOLD,1110000518,FLORIDAGOLD PREM SEL,64 OZ,2.74,30.139999,11,,0,1.467818,1
67,294,FLDAGOLD,1110000518,FLORIDAGOLD PREM SEL,64 OZ,2.3399999,49.139999,21,B,1,1.398618,1
67,361,FLDAGOLD,1110000518,FLORIDAGOLD PREM SEL,64 OZ,2.8499999,22.799999,8,,0,1.460055,1
67,341,FLDAGOLD,1110000518,FLORIDAGOLD PREM SEL,64 OZ,1.7,17,10,,0,1.43497,1
67,311,FLDAGOLD,1110000518,FLORIDAGOLD PREM SEL,64 OZ,2.8499999,31.35,11,,0,1.460055,1
67,367,FLDAGOLD,1110000518,FLORIDAGOLD PREM SEL,64 OZ,2.6800001,13.4,5,B,1,1.650076,1
67,319,FLDAGOLD,1110000518,FLORIDAGOLD PREM SEL,64 OZ,2.8499999,19.950001,7,,0,1.587165,1
67,387,FLDAGOLD,1110000518,FLORIDAGOLD PREM SEL,64 OZ,2.8900001,5.7800002,2,,0,2.0990069,1
67,397,FLDAGOLD,1110000518,FLORIDAGOLD PREM SEL,64 OZ,2.1900001,8.7600002,4,B,1,1.710171,1
67,287,FLDAGOLD,1110000518,FLORIDAGOLD PREM SEL,64 OZ,1.99,33.830002,17,B,1,1.56016,1
67,284,FLDAGOLD,1110000518,FLORIDAGOLD PREM SEL,64 OZ,2.6900001,10.76,4,,0,1.5602,1
67,317,FLDAGOLD,1110000518,FLORIDAGOLD PREM SEL,64 OZ,1.26,63,50,,0,1.581426,1
67,375,FLDAGOLD,1110000518,FLORIDAGOLD PREM SEL,64 OZ,2.8499999,31.35,11,,0,2.0118151,1
67,307,FLDAGOLD,1110000518,FLORIDAGOLD PREM SEL,64 OZ,2.8499999,11.4,4,,0,1.461195,1
67,378,FLDAGOLD,1110000518,FLORIDAGOLD PREM SEL,64 OZ,2.8900001,11.56,4,,0,2.062593,1
67,376,FLDAGOLD,1110000518,FLORIDAGOLD PREM SEL,64 OZ,2,1120,560,S,1,1.7526,1
67,338,FLDAGOLD,1110000518,FLORIDAGOLD PREM SEL,64 OZ,2.8499999,5.6999998,2,,0,1.76016,1
67,322,FLDAGOLD,1110000518,FLORIDAGOLD PREM SEL,64 OZ,2.8499999,5.6999998,2,,0,0.87722999,1
67,379,FLDAGOLD,1110000518,FLORIDAGOLD PREM SEL,64 OZ,2.8900001,14.45,5,,0,2.0261791,1
67,362,FLDAGOLD,1110000518,FLORIDAGOLD PREM SEL,64 OZ,2.8499999,19.950001,7,,0,1.600275,1
67,298,FLDAGOLD,1110000518,FLORIDAGOLD PREM SEL,64 OZ,1.45,2270.7,1566,,0,0.97106498,1
67,320,FLDAGOLD,1110000518,FLORIDAGOLD PREM SEL,64 OZ,2.8499999,5.6999998,2,,0,1.2320549,1
