Discrete Choice Model For Product Demand And Price Sensitivity Estimation/catsales_RefrigOJ_2017Semester_sample.csv
store,week,unibranddff,upc,descripdff,size,reprice,resales,move,sale,prom,whprice,qty
88,351,FLDAGOLD,1110000518,FLORIDAGOLD PREM SEL,64 OZ,2.5,52.5,21,B,1,1.949,1
88,315,FLDAGOLD,1110000518,FLORIDAGOLD PREM SEL,64 OZ,2.5,210,84,S,1,1.46,1
88,345,FLDAGOLD,1110000518,FLORIDAGOLD PREM SEL,64 OZ,1.99,13.93,7,B,1,1.760155,1
88,339,FLDAGOLD,1110000518,FLORIDAGOLD PREM SEL,64 OZ,2.8499999,11.4,4,,0,1.5600899,1
88,328,FLDAGOLD,1110000518,FLORIDAGOLD PREM SEL,64 OZ,2.8499999,8.5500002,3,,0,1.5022351,1
88,317,FLDAGOLD,1110000518,FLORIDAGOLD PREM SEL,64 OZ,2.8499999,17.1,6,,0,1.587165,1
88,399,FLDAGOLD,1110000518,FLORIDAGOLD PREM SEL,64 OZ,2.3,13.8,6,,0,2.0941501,1
88,354,FLDAGOLD,1110000518,FLORIDAGOLD PREM SEL,64 OZ,1.99,467.64999,235,S,1,1.6491131,1
88,358,FLDAGOLD,1110000518,FLORIDAGOLD PREM SEL,64 OZ,2.3599999,200.60001,85,,0,1.483968,1
88,361,FLDAGOLD,1110000518,FLORIDAGOLD PREM SEL,64 OZ,2.8499999,2.8499999,1,,0,1.460055,1
88,366,FLDAGOLD,1110000518,FLORIDAGOLD PREM SEL,64 OZ,2.6800001,18.76,7,B,1,1.7822,1
88,367,FLDAGOLD,1110000518,FLORIDAGOLD PREM SEL,64 OZ,2.6800001,29.48,11,B,1,1.65892,1
88,377,FLDAGOLD,1110000518,FLORIDAGOLD PREM SEL,64 OZ,2.6400001,42.240002,16,,0,1.636008,1
88,313,FLDAGOLD,1110000518,FLORIDAGOLD PREM SEL,64 OZ,2.8499999,39.900002,14,,0,1.460055,1
88,311,FLDAGOLD,1110000518,FLORIDAGOLD PREM SEL,64 OZ,2.79,66.959999,24,,0,1.460007,1
88,310,FLDAGOLD,1110000518,FLORIDAGOLD PREM SEL,64 OZ,1.42,673.08002,474,S,1,1.459902,1
88,307,FLDAGOLD,1110000518,FLORIDAGOLD PREM SEL,64 OZ,2.8499999,22.799999,8,,0,1.462905,1
88,294,FLDAGOLD,1110000518,FLORIDAGOLD PREM SEL,64 OZ,2.4200001,58.080002,24,B,1,1.40723,1
88,293,FLDAGOLD,1110000518,FLORIDAGOLD PREM SEL,64 OZ,2.29,203.81,89,B,1,1.3991899,1
88,352,FLDAGOLD,1110000518,FLORIDAGOLD PREM SEL,64 OZ,2.5,7.5,3,B,1,1.949,1
88,316,FLDAGOLD,1110000518,FLORIDAGOLD PREM SEL,64 OZ,2.8499999,37.049999,13,,0,1.587165,1
88,286,FLDAGOLD,1110000518,FLORIDAGOLD PREM SEL,64 OZ,1.99,302.48001,152,B,1,1.56016,1
88,302,FLDAGOLD,1110000518,FLORIDAGOLD PREM SEL,64 OZ,1.97,55.16,28,B,1,1.7448291,1
88,389,FLDAGOLD,1110000518,FLORIDAGOLD PREM SEL,64 OZ,2.8900001,8.6700001,3,,0,2.0990069,1
88,321,FLDAGOLD,1110000518,FLORIDAGOLD PREM SEL,64 OZ,1.9,11.4,6,,0,0.87704003,1
88,279,FLDAGOLD,1110000518,FLORIDAGOLD PREM SEL,64 OZ,1.73,39.790001,23,B,1,1.557,1
88,303,FLDAGOLD,1110000518,FLORIDAGOLD PREM SEL,64 OZ,1.89,9.4499998,5,B,1,1.7531641,1
88,397,FLDAGOLD,1110000518,FLORIDAGOLD PREM SEL,64 OZ,2.3599999,9.4399996,4,B,1,1.706516,1
88,344,FLDAGOLD,1110000518,FLORIDAGOLD PREM SEL,64 OZ,2.54,15.24,6,B,1,1.757934,1
88,277,FLDAGOLD,1110000518,FLORIDAGOLD PREM SEL,64 OZ,2.1600001,25.92,12,B,1,1.471176,1
62,365,FLDAGOLD,1110000518,FLORIDAGOLD PREM SEL,64 OZ,2.8199999,19.74,7,B,1,2.07693,1
62,379,FLDAGOLD,1110000518,FLORIDAGOLD PREM SEL,64 OZ,3.05,18.299999,6,,0,2.048075,1
62,378,FLDAGOLD,1110000518,FLORIDAGOLD PREM SEL,64 OZ,3.05,15.25,5,,0,2.10023,1
62,377,FLDAGOLD,1110000518,FLORIDAGOLD PREM SEL,64 OZ,2.6400001,36.959999,14,,0,1.623072,1
62,355,FLDAGOLD,1110000518,FLORIDAGOLD PREM SEL,64 OZ,2.03,18.27,9,B,1,1.67881,1
62,373,FLDAGOLD,1110000518,FLORIDAGOLD PREM SEL,64 OZ,2.99,68.769997,23,,0,1.7318079,1
62,280,FLDAGOLD,1110000518,FLORIDAGOLD PREM SEL,64 OZ,2.79,64.169998,23,,0,1.332225,1
62,360,FLDAGOLD,1110000518,FLORIDAGOLD PREM SEL,64 OZ,2.99,17.940001,6,,0,1.460017,1
62,335,FLDAGOLD,1110000518,FLORIDAGOLD PREM SEL,64 OZ,2.99,17.940001,6,,0,1.760213,1
62,328,FLDAGOLD,1110000518,FLORIDAGOLD PREM SEL,64 OZ,2.99,26.91,9,,0,1.636427,1
62,324,FLDAGOLD,1110000518,FLORIDAGOLD PREM SEL,64 OZ,2.99,2.99,1,,0,1.909115,1
62,303,FLDAGOLD,1110000518,FLORIDAGOLD PREM SEL,64 OZ,1.89,126.63,67,B,1,1.667358,1
62,294,FLDAGOLD,1110000518,FLORIDAGOLD PREM SEL,64 OZ,2.4300001,136.08,56,B,1,1.405998,1
62,293,FLDAGOLD,1110000518,FLORIDAGOLD PREM SEL,64 OZ,2.29,135.11,59,B,1,1.3991899,1
62,343,FLDAGOLD,1110000518,FLORIDAGOLD PREM SEL,64 OZ,2.3900001,83.650002,35,B,1,1.760235,1
62,298,FLDAGOLD,1110000518,FLORIDAGOLD PREM SEL,64 OZ,1.5,1357.5,905,S,1,0.97245002,1
62,300,FLDAGOLD,1110000518,FLORIDAGOLD PREM SEL,64 OZ,1.99,19.9,10,,0,1.75319,1
62,307,FLDAGOLD,1110000518,FLORIDAGOLD PREM SEL,64 OZ,2.99,14.95,5,,0,1.463306,1
62,301,FLDAGOLD,1110000518,FLORIDAGOLD PREM SEL,64 OZ,1.99,232.83,117,B,1,1.75319,1
62,323,FLDAGOLD,1110000518,FLORIDAGOLD PREM SEL,64 OZ,2.99,2.99,1,,0,1.909115,1
62,289,FLDAGOLD,1110000518,FLORIDAGOLD PREM SEL,64 OZ,1.99,230.84,116,B,1,1.532499,1
71,375,FLDAGOLD,1110000518,FLORIDAGOLD PREM SEL,64 OZ,2.6900001,10.76,4,,0,1.912859,1
71,352,FLDAGOLD,1110000518,FLORIDAGOLD PREM SEL,64 OZ,2.5,25,10,B,1,1.949,1
71,355,FLDAGOLD,1110000518,FLORIDAGOLD PREM SEL,64 OZ,1.5700001,75.360001,48,B,1,1.896089,1
71,359,FLDAGOLD,1110000518,FLORIDAGOLD PREM SEL,64 OZ,2.6900001,21.52,8,,0,1.463629,1
71,345,FLDAGOLD,1110000518,FLORIDAGOLD PREM SEL,64 OZ,1.99,15.92,8,B,1,1.760155,1
71,342,FLDAGOLD,1110000518,FLORIDAGOLD PREM SEL,64 OZ,2.55,38.25,15,B,1,1.76001,1
71,339,FLDAGOLD,1110000518,FLORIDAGOLD PREM SEL,64 OZ,2.6900001,48.419998,18,,0,1.493488,1
71,317,FLDAGOLD,1110000518,FLORIDAGOLD PREM SEL,64 OZ,2.6900001,8.0699997,3,,0,1.5871,1
71,366,FLDAGOLD,1110000518,FLORIDAGOLD PREM SEL,64 OZ,2.6900001,18.83,7,,0,1.932227,1
71,326,FLDAGOLD,1110000518,FLORIDAGOLD PREM SEL,64 OZ,2.6900001,21.52,8,,0,1.909093,1
71,297,FLDAGOLD,1110000518,FLORIDAGOLD PREM SEL,64 OZ,2.6900001,32.279999,12,,0,1.1233439,1
71,298,FLDAGOLD,1110000518,FLORIDAGOLD PREM SEL,64 OZ,1.5,2239.5,1493,S,1,0.97259998,1
71,313,FLDAGOLD,1110000518,FLORIDAGOLD PREM SEL,64 OZ,2.6900001,13.45,5,,0,1.460132,1
71,301,FLDAGOLD,1110000518,FLORIDAGOLD PREM SEL,64 OZ,1.99,65.669998,33,B,1,1.75319,1
71,293,FLDAGOLD,1110000518,FLORIDAGOLD PREM SEL,64 OZ,2.23,292.13,131,,0,1.39375,1
71,290,FLDAGOLD,1110000518,FLORIDAGOLD PREM SEL,64 OZ,2.02,60.599998,30,B,1,1.498638,1
71,381,FLDAGOLD,1110000518,FLORIDAGOLD PREM SEL,64 OZ,2.75,22,8,,0,1.928025,1
71,383,FLDAGOLD,1110000518,FLORIDAGOLD PREM SEL,64 OZ,2.3699999,4.7399998,2,,0,1.944111,1
71,388,FLDAGOLD,1110000518,FLORIDAGOLD PREM SEL,64 OZ,2.75,22,8,,0,2.0990751,1
71,389,FLDAGOLD,1110000518,FLORIDAGOLD PREM SEL,64 OZ,2.75,11,4,,0,2.0990751,1
71,393,FLDAGOLD,1110000518,FLORIDAGOLD PREM SEL,64 OZ,2.75,19.25,7,,0,2.1001749,1
71,333,FLDAGOLD,1110000518,FLORIDAGOLD PREM SEL,64 OZ,2.6900001,5.3800001,2,,0,1.564235,1
71,354,FLDAGOLD,1110000518,FLORIDAGOLD PREM SEL,64 OZ,1.99,831.82001,418,S,1,1.6491131,1
71,277,FLDAGOLD,1110000518,FLORIDAGOLD PREM SEL,64 OZ,2.01,26.129999,13,B,1,1.444587,1
71,365,FLDAGOLD,1110000518,FLORIDAGOLD PREM SEL,64 OZ,2.6900001,26.9,10,,0,2.0820601,1
71,281,FLDAGOLD,1110000518,FLORIDAGOLD PREM SEL,64 OZ,2.1500001,25.799999,12,,0,1.33214,1
71,321,FLDAGOLD,1110000518,FLORIDAGOLD PREM SEL,64 OZ,1.08,9.7200003,9,,0,0.86993998,1
71,378,FLDAGOLD,1110000518,FLORIDAGOLD PREM SEL,64 OZ,2.75,44,16,,0,2.1001749,1
71,343,FLDAGOLD,1110000518,FLORIDAGOLD PREM SEL,64 OZ,2.3900001,52.580002,22,B,1,1.760235,1
71,364,FLDAGOLD,1110000518,FLORIDAGOLD PREM SEL,64 OZ,2.4100001,12.05,5,B,1,2.012109,1
71,351,FLDAGOLD,1110000518,FLORIDAGOLD PREM SEL,64 OZ,2.5,22.5,9,B,1,1.949,1
90,285,FLDAGOLD,1110000518,FLORIDAGOLD PREM SEL,64 OZ,2.1500001,32.25,15,,0,1.56004,1
90,372,FLDAGOLD,1110000518,FLORIDAGOLD PREM SEL,64 OZ,2.99,14.95,5,,0,2.1001761,1
90,286,FLDAGOLD,1110000518,FLORIDAGOLD PREM SEL,64 OZ,1.99,55.720001,28,B,1,1.56016,1
90,383,FLDAGOLD,1110000518,FLORIDAGOLD PREM SEL,64 OZ,3.05,9.1499996,3,,0,1.92821,1
90,379,FLDAGOLD,1110000518,FLORIDAGOLD PREM SEL,64 OZ,3.05,6.0999999,2,,0,2.065155,1
90,353,FLDAGOLD,1110000518,FLORIDAGOLD PREM SEL,64 OZ,2.99,8.9700003,3,,0,1.649284,1
90,380,FLDAGOLD,1110000518,FLORIDAGOLD PREM SEL,64 OZ,3.05,3.05,1,,0,1.92821,1
90,394,FLDAGOLD,1110000518,FLORIDAGOLD PREM SEL,64 OZ,3.05,15.25,5,,0,2.0401449,1
90,312,FLDAGOLD,1110000518,FLORIDAGOLD PREM SEL,64 OZ,2.99,8.9700003,3,,0,1.460017,1
90,283,FLDAGOLD,1110000518,FLORIDAGOLD PREM SEL,64 OZ,1.92,99.839996,52,B,1,1.557888,1
90,288,FLDAGOLD,1110000518,FLORIDAGOLD PREM SEL,64 OZ,1.99,47.759998,24,B,1,1.56016,1
90,307,FLDAGOLD,1110000518,FLORIDAGOLD PREM SEL,64 OZ,2.99,5.98,2,,0,1.464203,1
90,320,FLDAGOLD,1110000518,FLORIDAGOLD PREM SEL,64 OZ,2.99,11.96,4,,0,1.409785,1
90,333,FLDAGOLD,1110000518,FLORIDAGOLD PREM SEL,64 OZ,2.9200001,5.8400002,2,,0,1.607168,1
90,354,FLDAGOLD,1110000518,FLORIDAGOLD PREM SEL,64 OZ,1.99,471.63,237,S,1,1.6491131,1
90,362,FLDAGOLD,1110000518,FLORIDAGOLD PREM SEL,64 OZ,2.99,5.98,2,,0,1.950078,1
90,366,FLDAGOLD,1110000518,FLORIDAGOLD PREM SEL,64 OZ,2.6099999,7.8299999,3,B,1,1.798812,1
90,381,FLDAGOLD,1110000518,FLORIDAGOLD PREM SEL,64 OZ,3.05,9.1499996,3,,0,1.92821,1
90,391,FLDAGOLD,1110000518,FLORIDAGOLD PREM SEL,64 OZ,3.05,6.0999999,2,,0,2.09901,1
90,292,FLDAGOLD,1110000518,FLORIDAGOLD PREM SEL,64 OZ,2.54,15.24,6,,0,1.47955,1
90,395,FLDAGOLD,1110000518,FLORIDAGOLD PREM SEL,64 OZ,3.05,3.05,1,,0,1.99409,1
90,352,FLDAGOLD,1110000518,FLORIDAGOLD PREM SEL,64 OZ,2.5,12.5,5,B,1,1.949,1
90,346,FLDAGOLD,1110000518,FLORIDAGOLD PREM SEL,64 OZ,1.99,7.96,4,S,1,1.760155,1
9,393,FLDAGOLD,1110000518,FLORIDAGOLD PREM SEL,64 OZ,2.8900001,43.349998,15,,0,2.0900481,1
9,297,FLDAGOLD,1110000518,FLORIDAGOLD PREM SEL,64 OZ,2.8499999,25.65,9,,0,1.06761,1
9,326,FLDAGOLD,1110000518,FLORIDAGOLD PREM SEL,64 OZ,2.8499999,2.8499999,1,,0,1.909215,1
9,282,FLDAGOLD,1110000518,FLORIDAGOLD PREM SEL,64 OZ,1.88,52.639999,28,,0,1.424852,1
9,395,FLDAGOLD,1110000518,FLORIDAGOLD PREM SEL,64 OZ,2.8900001,28.9,10,,0,1.9941,1
9,284,FLDAGOLD,1110000518,FLORIDAGOLD PREM SEL,64 OZ,2.79,11.16,4,,0,1.560168,1
9,324,FLDAGOLD,1110000518,FLORIDAGOLD PREM SEL,64 OZ,2.8499999,2.8499999,1,,0,1.909215,1
9,278,FLDAGOLD,1110000518,FLORIDAGOLD PREM SEL,64 OZ,1.88,52.639999,28,,0,1.424852,1
9,358,FLDAGOLD,1110000518,FLORIDAGOLD PREM SEL,64 OZ,2.8499999,62.700001,22,,0,1.46946,1
9,293,FLDAGOLD,1110000518,FLORIDAGOLD PREM SEL,64 OZ,2.28,111.72,49,B,1,1.396728,1
83,286,FLDAGOLD,1110000518,FLORIDAGOLD PREM SEL,64 OZ,1.72,25.799999,15,B,1,1.555912,1
83,320,FLDAGOLD,1110000518,FLORIDAGOLD PREM SEL,64 OZ,2.8499999,8.5500002,3,,0,1.587165,1
83,305,FLDAGOLD,1110000518,FLORIDAGOLD PREM SEL,64 OZ,2.6900001,34.970001,13,,0,1.584141,1
83,314,FLDAGOLD,1110000518,FLORIDAGOLD PREM SEL,64 OZ,2.8499999,19.950001,7,,0,1.460055,1
83,335,FLDAGOLD,1110000518,FLORIDAGOLD PREM SEL,64 OZ,2.8499999,5.6999998,2,,0,1.40505,1
83,336,FLDAGOLD,1110000518,FLORIDAGOLD PREM SEL,64 OZ,2.8499999,28.5,10,,0,1.76016,1
83,339,FLDAGOLD,1110000518,FLORIDAGOLD PREM SEL,64 OZ,2.8499999,11.4,4,,0,1.460055,1
83,354,FLDAGOLD,1110000518,FLORIDAGOLD PREM SEL,64 OZ,1.99,1040.77,523,S,1,1.6491131,1
83,351,FLDAGOLD,1110000518,FLORIDAGOLD PREM SEL,64 OZ,2.5,17.5,7,B,1,1.949,1
83,355,FLDAGOLD,1110000518,FLORIDAGOLD PREM SEL,64 OZ,2.1300001,417.48001,196,B,1,1.763214,1
83,357,FLDAGOLD,1110000518,FLORIDAGOLD PREM SEL,64 OZ,1.87,424.48999,227,,0,1.9427429,1
83,358,FLDAGOLD,1110000518,FLORIDAGOLD PREM SEL,64 OZ,2.6900001,51.110001,19,,0,1.47681,1
83,360,FLDAGOLD,1110000518,FLORIDAGOLD PREM SEL,64 OZ,2.6900001,18.83,7,,0,1.460132,1
83,366,FLDAGOLD,1110000518,FLORIDAGOLD PREM SEL,64 OZ,2.8499999,17.1,6,,0,1.740495,1
83,391,FLDAGOLD,1110000518,FLORIDAGOLD PREM SEL,64 OZ,2.8900001,28.9,10,,0,2.0990069,1
83,382,FLDAGOLD,1110000518,FLORIDAGOLD PREM SEL,64 OZ,2.8900001,34.68,12,,0,1.928208,1
83,292,FLDAGOLD,1110000518,FLORIDAGOLD PREM SEL,64 OZ,2.1500001,36.549999,17,,0,1.50328,1
83,308,FLDAGOLD,1110000518,FLORIDAGOLD PREM SEL,64 OZ,2.6900001,18.83,7,,0,1.460132,1
83,302,FLDAGOLD,1110000518,FLORIDAGOLD PREM SEL,64 OZ,1.96,278.32001,142,B,1,1.750868,1
83,297,FLDAGOLD,1110000518,FLORIDAGOLD PREM SEL,64 OZ,2.6900001,45.73,17,,0,1.0937541,1
83,289,FLDAGOLD,1110000518,FLORIDAGOLD PREM SEL,64 OZ,1.99,29.85,15,B,1,1.546827,1
83,285,FLDAGOLD,1110000518,FLORIDAGOLD PREM SEL,64 OZ,2.0899999,22.99,11,,0,1.558722,1
83,282,FLDAGOLD,1110000518,FLORIDAGOLD PREM SEL,64 OZ,1.74,31.32,18,,0,1.521108,1
83,279,FLDAGOLD,1110000518,FLORIDAGOLD PREM SEL,64 OZ,1.85,57.349998,31,B,1,1.55733,1
83,293,FLDAGOLD,1110000518,FLORIDAGOLD PREM SEL,64 OZ,2.1500001,38.700001,18,,0,1.3990051,1
83,393,FLDAGOLD,1110000518,FLORIDAGOLD PREM SEL,64 OZ,2.8900001,23.120001,8,,0,2.081378,1
83,316,FLDAGOLD,1110000518,FLORIDAGOLD PREM SEL,64 OZ,2.8499999,28.5,10,,0,1.587165,1
83,294,FLDAGOLD,1110000518,FLORIDAGOLD PREM SEL,64 OZ,2.1500001,30.1,14,,0,1.410615,1
83,300,FLDAGOLD,1110000518,FLORIDAGOLD PREM SEL,64 OZ,2.27,22.700001,10,,0,1.753121,1
83,356,FLDAGOLD,1110000518,FLORIDAGOLD PREM SEL,64 OZ,1.16,261,225,B,1,1.946364,1
83,368,FLDAGOLD,1110000518,FLORIDAGOLD PREM SEL,64 OZ,2.8499999,2.8499999,1,,0,1.6501499,1
83,363,FLDAGOLD,1110000518,FLORIDAGOLD PREM SEL,64 OZ,1.99,79.599998,40,B,1,1.715579,1
83,344,FLDAGOLD,1110000518,FLORIDAGOLD PREM SEL,64 OZ,2.4400001,183,75,B,1,1.7582639,1
83,342,FLDAGOLD,1110000518,FLORIDAGOLD PREM SEL,64 OZ,2.48,49.599998,20,,0,1.758816,1
83,389,FLDAGOLD,1110000518,FLORIDAGOLD PREM SEL,64 OZ,2.8900001,20.23,7,,0,2.0990069,1
103,298,FLDAGOLD,1110000518,FLORIDAGOLD PREM SEL,64 OZ,1.5,1770,1180,,0,0.97184998,1
103,294,FLDAGOLD,1110000518,FLORIDAGOLD PREM SEL,64 OZ,2.4100001,24.1,10,B,1,1.407199,1
103,295,FLDAGOLD,1110000518,FLORIDAGOLD PREM SEL,64 OZ,2.75,19.25,7,,0,1.4663,1
103,384,FLDAGOLD,1110000518,FLORIDAGOLD PREM SEL,64 OZ,2.8900001,8.6700001,3,,0,2.0990069,1
103,348,FLDAGOLD,1110000518,FLORIDAGOLD PREM SEL,64 OZ,1.74,154.86,89,,0,1.869282,1
103,339,FLDAGOLD,1110000518,FLORIDAGOLD PREM SEL,64 OZ,2.8499999,17.1,6,,0,1.42671,1
103,377,FLDAGOLD,1110000518,FLORIDAGOLD PREM SEL,64 OZ,2.8599999,14.3,5,,0,1.766336,1
103,389,FLDAGOLD,1110000518,FLORIDAGOLD PREM SEL,64 OZ,2.8900001,5.7800002,2,,0,2.0990069,1
103,309,FLDAGOLD,1110000518,FLORIDAGOLD PREM SEL,64 OZ,2.8499999,5.6999998,2,,0,1.460055,1
103,337,FLDAGOLD,1110000518,FLORIDAGOLD PREM SEL,64 OZ,2.8499999,5.6999998,2,,0,1.76016,1
103,394,FLDAGOLD,1110000518,FLORIDAGOLD PREM SEL,64 OZ,2.8900001,2.8900001,1,,0,2.100163,1
103,365,FLDAGOLD,1110000518,FLORIDAGOLD PREM SEL,64 OZ,2.79,8.3699999,3,,0,2.0796659,1
103,282,FLDAGOLD,1110000518,FLORIDAGOLD PREM SEL,64 OZ,1.89,9.4499998,5,,0,1.423359,1
103,399,FLDAGOLD,1110000518,FLORIDAGOLD PREM SEL,64 OZ,2.1900001,2.1900001,1,B,1,2.10021,1
47,298,FLDAGOLD,1110000518,FLORIDAGOLD PREM SEL,64 OZ,1.5,1519.5,1013,S,1,0.97275001,1
47,394,FLDAGOLD,1110000518,FLORIDAGOLD PREM SEL,64 OZ,2.8900001,23.120001,8,,0,2.100163,1
47,280,FLDAGOLD,1110000518,FLORIDAGOLD PREM SEL,64 OZ,2.6900001,26.9,10,,0,1.332088,1
47,381,FLDAGOLD,1110000518,FLORIDAGOLD PREM SEL,64 OZ,2.8900001,2.8900001,1,,0,1.928208,1
47,334,FLDAGOLD,1110000518,FLORIDAGOLD PREM SEL,64 OZ,1.45,1189,820,G,1,1.038635,1
47,315,FLDAGOLD,1110000518,FLORIDAGOLD PREM SEL,64 OZ,2.5,150,60,S,1,1.46,1
47,359,FLDAGOLD,1110000518,FLORIDAGOLD PREM SEL,64 OZ,2.8499999,17.1,6,,0,1.462905,1
47,339,FLDAGOLD,1110000518,FLORIDAGOLD PREM SEL,64 OZ,2.8499999,2.8499999,1,,0,1.36002,1
47,320,FLDAGOLD,1110000518,FLORIDAGOLD PREM SEL,64 OZ,2.8499999,14.25,5,,0,1.587165,1
47,379,FLDAGOLD,1110000518,FLORIDAGOLD PREM SEL,64 OZ,1.05,151.2,144,,0,2.0599949,1
47,342,FLDAGOLD,1110000518,FLORIDAGOLD PREM SEL,64 OZ,2.4000001,62.400002,26,B,1,1.7544,1
47,397,FLDAGOLD,1110000518,FLORIDAGOLD PREM SEL,64 OZ,2.1900001,6.5700002,3,B,1,1.710171,1
47,313,FLDAGOLD,1110000518,FLORIDAGOLD PREM SEL,64 OZ,2.8499999,19.950001,7,,0,1.460055,1
47,388,FLDAGOLD,1110000518,FLORIDAGOLD PREM SEL,64 OZ,2.8900001,17.34,6,,0,2.0990069,1
47,372,FLDAGOLD,1110000518,FLORIDAGOLD PREM SEL,64 OZ,2.8499999,11.4,4,,0,2.1001649,1
47,306,FLDAGOLD,1110000518,FLORIDAGOLD PREM SEL,64 OZ,2.8499999,17.1,6,,0,1.48428,1
47,304,FLDAGOLD,1110000518,FLORIDAGOLD PREM SEL,64 OZ,2.6900001,91.459999,34,B,1,1.584141,1
47,302,FLDAGOLD,1110000518,FLORIDAGOLD PREM SEL,64 OZ,1.96,35.279999,18,B,1,1.746164,1
47,297,FLDAGOLD,1110000518,FLORIDAGOLD PREM SEL,64 OZ,2.8499999,17.1,6,,0,1.292475,1
47,295,FLDAGOLD,1110000518,FLORIDAGOLD PREM SEL,64 OZ,2.74,30.139999,11,,0,1.467818,1
47,289,FLDAGOLD,1110000518,FLORIDAGOLD PREM SEL,64 OZ,1.99,222.88,112,B,1,1.504838,1
47,286,FLDAGOLD,1110000518,FLORIDAGOLD PREM SEL,64 OZ,1.99,107.46,54,B,1,1.56016,1
47,282,FLDAGOLD,1110000518,FLORIDAGOLD PREM SEL,64 OZ,1.6900001,23.66,14,B,1,1.364675,1
47,385,FLDAGOLD,1110000518,FLORIDAGOLD PREM SEL,64 OZ,2.8900001,8.6700001,3,,0,2.0990069,1
47,285,FLDAGOLD,1110000518,FLORIDAGOLD PREM SEL,64 OZ,2.45,36.75,15,,0,1.555995,1
47,305,FLDAGOLD,1110000518,FLORIDAGOLD PREM SEL,64 OZ,2.6900001,51.110001,19,B,1,1.584141,1
47,383,FLDAGOLD,1110000518,FLORIDAGOLD PREM SEL,64 OZ,0.99000001,106.92,108,,0,1.9279259,1
