Discrete Choice Model For Product Demand And Price Sensitivity Estimation/catsales_RefrigOJ_2017Semester_sample.csv
store,week,unibranddff,upc,descripdff,size,reprice,resales,move,sale,prom,whprice,qty
131,319,FLDAGOLD,1110000518,FLORIDAGOLD PREM SEL,64 OZ,2.8499999,11.4,4,,0,1.587165,1
131,363,FLDAGOLD,1110000518,FLORIDAGOLD PREM SEL,64 OZ,1.99,240.78999,121,B,1,1.705828,1
131,361,FLDAGOLD,1110000518,FLORIDAGOLD PREM SEL,64 OZ,2.8499999,17.1,6,,0,1.460055,1
131,348,FLDAGOLD,1110000518,FLORIDAGOLD PREM SEL,64 OZ,2.01,72.360001,36,,0,1.823472,1
131,278,FLDAGOLD,1110000518,FLORIDAGOLD PREM SEL,64 OZ,1.92,32.639999,17,,0,1.3820159,1
131,396,FLDAGOLD,1110000518,FLORIDAGOLD PREM SEL,64 OZ,2.8900001,46.240002,16,,0,1.86983,1
131,372,FLDAGOLD,1110000518,FLORIDAGOLD PREM SEL,64 OZ,2.8499999,5.6999998,2,,0,2.1001649,1
131,355,FLDAGOLD,1110000518,FLORIDAGOLD PREM SEL,64 OZ,2.25,51.75,23,B,1,1.753425,1
131,388,FLDAGOLD,1110000518,FLORIDAGOLD PREM SEL,64 OZ,2.8900001,17.34,6,,0,2.0990069,1
131,373,FLDAGOLD,1110000518,FLORIDAGOLD PREM SEL,64 OZ,2.8499999,22.799999,8,,0,1.656705,1
131,344,FLDAGOLD,1110000518,FLORIDAGOLD PREM SEL,64 OZ,1.53,215.73,141,B,1,1.753227,1
131,397,FLDAGOLD,1110000518,FLORIDAGOLD PREM SEL,64 OZ,2.54,5.0799999,2,B,1,1.710182,1
131,378,FLDAGOLD,1110000518,FLORIDAGOLD PREM SEL,64 OZ,2.8900001,40.459999,14,,0,2.0894699,1
131,375,FLDAGOLD,1110000518,FLORIDAGOLD PREM SEL,64 OZ,2.8499999,22.799999,8,,0,1.921185,1
131,374,FLDAGOLD,1110000518,FLORIDAGOLD PREM SEL,64 OZ,2.8499999,14.25,5,,0,1.5612299,1
131,364,FLDAGOLD,1110000518,FLORIDAGOLD PREM SEL,64 OZ,1.99,25.870001,13,B,1,1.8128901,1
131,357,FLDAGOLD,1110000518,FLORIDAGOLD PREM SEL,64 OZ,2.1300001,715.67999,336,,0,1.942134,1
131,350,FLDAGOLD,1110000518,FLORIDAGOLD PREM SEL,64 OZ,2.51,105.42,42,B,1,1.703788,1
131,346,FLDAGOLD,1110000518,FLORIDAGOLD PREM SEL,64 OZ,1.99,59.700001,30,S,1,1.760155,1
131,341,FLDAGOLD,1110000518,FLORIDAGOLD PREM SEL,64 OZ,2.6500001,58.299999,22,,0,1.53912,1
131,340,FLDAGOLD,1110000518,FLORIDAGOLD PREM SEL,64 OZ,1.42,1262.38,889,S,1,1.360076,1
131,339,FLDAGOLD,1110000518,FLORIDAGOLD PREM SEL,64 OZ,2.8499999,14.25,5,,0,1.52019,1
131,316,FLDAGOLD,1110000518,FLORIDAGOLD PREM SEL,64 OZ,2.8499999,25.65,9,,0,1.587165,1
131,314,FLDAGOLD,1110000518,FLORIDAGOLD PREM SEL,64 OZ,2.8499999,17.1,6,,0,1.460055,1
131,312,FLDAGOLD,1110000518,FLORIDAGOLD PREM SEL,64 OZ,2.8499999,19.950001,7,,0,1.460055,1
131,308,FLDAGOLD,1110000518,FLORIDAGOLD PREM SEL,64 OZ,2.8499999,17.1,6,,0,1.460055,1
131,298,FLDAGOLD,1110000518,FLORIDAGOLD PREM SEL,64 OZ,1.5,2434.5,1623,S,1,0.97259998,1
131,289,FLDAGOLD,1110000518,FLORIDAGOLD PREM SEL,64 OZ,1.99,165.17,83,B,1,1.519166,1
131,287,FLDAGOLD,1110000518,FLORIDAGOLD PREM SEL,64 OZ,1.99,320.39001,161,B,1,1.56016,1
131,277,FLDAGOLD,1110000518,FLORIDAGOLD PREM SEL,64 OZ,2.02,82.82,41,B,1,1.472782,1
133,307,FLDAGOLD,1110000518,FLORIDAGOLD PREM SEL,64 OZ,2.8499999,22.799999,8,,0,1.4617651,1
133,359,FLDAGOLD,1110000518,FLORIDAGOLD PREM SEL,64 OZ,2.8499999,22.799999,8,,0,1.4617651,1
133,355,FLDAGOLD,1110000518,FLORIDAGOLD PREM SEL,64 OZ,2.21,83.980003,38,B,1,1.795625,1
133,390,FLDAGOLD,1110000518,FLORIDAGOLD PREM SEL,64 OZ,2.8900001,14.45,5,,0,2.0990069,1
133,361,FLDAGOLD,1110000518,FLORIDAGOLD PREM SEL,64 OZ,2.8499999,31.35,11,,0,1.460055,1
133,316,FLDAGOLD,1110000518,FLORIDAGOLD PREM SEL,64 OZ,2.8499999,19.950001,7,,0,1.53273,1
133,358,FLDAGOLD,1110000518,FLORIDAGOLD PREM SEL,64 OZ,2.8499999,57,20,,0,1.464045,1
133,363,FLDAGOLD,1110000518,FLORIDAGOLD PREM SEL,64 OZ,2,192,96,B,1,1.7006,1
133,333,FLDAGOLD,1110000518,FLORIDAGOLD PREM SEL,64 OZ,2.8499999,37.049999,13,,0,1.61709,1
133,398,FLDAGOLD,1110000518,FLORIDAGOLD PREM SEL,64 OZ,2.1900001,10.95,5,,0,1.710171,1
133,395,FLDAGOLD,1110000518,FLORIDAGOLD PREM SEL,64 OZ,2.8900001,11.56,4,,0,1.9941,1
133,393,FLDAGOLD,1110000518,FLORIDAGOLD PREM SEL,64 OZ,2.8900001,20.23,7,,0,2.0357161,1
133,388,FLDAGOLD,1110000518,FLORIDAGOLD PREM SEL,64 OZ,2.8900001,23.120001,8,,0,2.0990069,1
133,387,FLDAGOLD,1110000518,FLORIDAGOLD PREM SEL,64 OZ,2.8900001,23.120001,8,,0,2.0990069,1
133,386,FLDAGOLD,1110000518,FLORIDAGOLD PREM SEL,64 OZ,2.8900001,23.120001,8,,0,2.0990069,1
133,382,FLDAGOLD,1110000518,FLORIDAGOLD PREM SEL,64 OZ,2.8900001,31.790001,11,,0,1.928208,1
133,381,FLDAGOLD,1110000518,FLORIDAGOLD PREM SEL,64 OZ,2.8900001,43.349998,15,,0,1.928208,1
133,368,FLDAGOLD,1110000518,FLORIDAGOLD PREM SEL,64 OZ,2.6800001,16.08,6,B,1,1.650076,1
133,356,FLDAGOLD,1110000518,FLORIDAGOLD PREM SEL,64 OZ,2.1900001,100.74,46,B,1,1.9491,1
133,352,FLDAGOLD,1110000518,FLORIDAGOLD PREM SEL,64 OZ,2.5,17.5,7,B,1,1.949,1
133,349,FLDAGOLD,1110000518,FLORIDAGOLD PREM SEL,64 OZ,1.45,1983.6,1368,G,1,1.597755,1
133,345,FLDAGOLD,1110000518,FLORIDAGOLD PREM SEL,64 OZ,1.99,280.59,141,B,1,1.760155,1
133,337,FLDAGOLD,1110000518,FLORIDAGOLD PREM SEL,64 OZ,2.8499999,37.049999,13,,0,1.76016,1
133,336,FLDAGOLD,1110000518,FLORIDAGOLD PREM SEL,64 OZ,2.8499999,48.450001,17,,0,1.76016,1
133,328,FLDAGOLD,1110000518,FLORIDAGOLD PREM SEL,64 OZ,2.8499999,28.5,10,,0,1.66383,1
133,321,FLDAGOLD,1110000518,FLORIDAGOLD PREM SEL,64 OZ,1.34,8.04,6,,0,0.87381399,1
133,315,FLDAGOLD,1110000518,FLORIDAGOLD PREM SEL,64 OZ,2.5,235,94,S,1,1.46,1
133,310,FLDAGOLD,1110000518,FLORIDAGOLD PREM SEL,64 OZ,1.42,2771.8401,1952,S,1,1.458482,1
133,306,FLDAGOLD,1110000518,FLORIDAGOLD PREM SEL,64 OZ,2.8499999,57,20,,0,1.464045,1
133,305,FLDAGOLD,1110000518,FLORIDAGOLD PREM SEL,64 OZ,2.71,108.4,40,B,1,1.581827,1
133,301,FLDAGOLD,1110000518,FLORIDAGOLD PREM SEL,64 OZ,1.99,1201.96,604,B,1,1.75319,1
133,297,FLDAGOLD,1110000518,FLORIDAGOLD PREM SEL,64 OZ,2.8499999,71.25,25,,0,1.0203,1
133,291,FLDAGOLD,1110000518,FLORIDAGOLD PREM SEL,64 OZ,2.6900001,80.699997,30,,0,1.5602,1
133,279,FLDAGOLD,1110000518,FLORIDAGOLD PREM SEL,64 OZ,2.26,15.82,7,B,1,1.5591739,1
133,278,FLDAGOLD,1110000518,FLORIDAGOLD PREM SEL,64 OZ,1.6900001,119.99,71,B,1,1.335269,1
133,282,FLDAGOLD,1110000518,FLORIDAGOLD PREM SEL,64 OZ,1.6900001,119.99,71,B,1,1.335269,1
133,287,FLDAGOLD,1110000518,FLORIDAGOLD PREM SEL,64 OZ,1.99,147.25999,74,B,1,1.56016,1
91,316,FLDAGOLD,1110000518,FLORIDAGOLD PREM SEL,64 OZ,2.8499999,17.1,6,,0,1.587165,1
91,297,FLDAGOLD,1110000518,FLORIDAGOLD PREM SEL,64 OZ,2.8499999,17.1,6,,0,1.163655,1
91,389,FLDAGOLD,1110000518,FLORIDAGOLD PREM SEL,64 OZ,2.8900001,2.8900001,1,,0,2.0990069,1
91,292,FLDAGOLD,1110000518,FLORIDAGOLD PREM SEL,64 OZ,2.47,37.049999,15,,0,1.470391,1
91,302,FLDAGOLD,1110000518,FLORIDAGOLD PREM SEL,64 OZ,1.96,62.720001,32,B,1,1.7487119,1
91,304,FLDAGOLD,1110000518,FLORIDAGOLD PREM SEL,64 OZ,2.6900001,129.12,48,B,1,1.584141,1
91,325,FLDAGOLD,1110000518,FLORIDAGOLD PREM SEL,64 OZ,2.8499999,14.25,5,,0,1.909215,1
91,327,FLDAGOLD,1110000518,FLORIDAGOLD PREM SEL,64 OZ,2.8499999,2.8499999,1,,0,1.909215,1
91,328,FLDAGOLD,1110000518,FLORIDAGOLD PREM SEL,64 OZ,2.8499999,5.6999998,2,,0,1.909215,1
91,331,FLDAGOLD,1110000518,FLORIDAGOLD PREM SEL,64 OZ,2.8499999,2.8499999,1,,0,1.47516,1
91,335,FLDAGOLD,1110000518,FLORIDAGOLD PREM SEL,64 OZ,2.6099999,31.32,12,,0,1.344672,1
91,342,FLDAGOLD,1110000518,FLORIDAGOLD PREM SEL,64 OZ,2.54,7.6199999,3,B,1,1.757934,1
91,339,FLDAGOLD,1110000518,FLORIDAGOLD PREM SEL,64 OZ,2.8499999,14.25,5,,0,1.52019,1
91,347,FLDAGOLD,1110000518,FLORIDAGOLD PREM SEL,64 OZ,2.8499999,19.950001,7,,0,1.76016,1
91,348,FLDAGOLD,1110000518,FLORIDAGOLD PREM SEL,64 OZ,2.8499999,19.950001,7,,0,1.722255,1
91,351,FLDAGOLD,1110000518,FLORIDAGOLD PREM SEL,64 OZ,2.5,15,6,B,1,1.949,1
91,360,FLDAGOLD,1110000518,FLORIDAGOLD PREM SEL,64 OZ,2.8499999,11.4,4,,0,1.460055,1
91,380,FLDAGOLD,1110000518,FLORIDAGOLD PREM SEL,64 OZ,2.8900001,5.7800002,2,,0,1.928208,1
91,387,FLDAGOLD,1110000518,FLORIDAGOLD PREM SEL,64 OZ,2.8900001,5.7800002,2,,0,2.0990069,1
91,397,FLDAGOLD,1110000518,FLORIDAGOLD PREM SEL,64 OZ,2.6500001,7.9499998,3,B,1,1.7058049,1
91,356,FLDAGOLD,1110000518,FLORIDAGOLD PREM SEL,64 OZ,2.1900001,179.58,82,B,1,1.9491,1
91,306,FLDAGOLD,1110000518,FLORIDAGOLD PREM SEL,64 OZ,2.8499999,34.200001,12,,0,1.47402,1
91,314,FLDAGOLD,1110000518,FLORIDAGOLD PREM SEL,64 OZ,2.8499999,17.1,6,,0,1.460055,1
91,308,FLDAGOLD,1110000518,FLORIDAGOLD PREM SEL,64 OZ,2.8499999,11.4,4,,0,1.460055,1
91,372,FLDAGOLD,1110000518,FLORIDAGOLD PREM SEL,64 OZ,2.8499999,2.8499999,1,,0,2.1001649,1
91,338,FLDAGOLD,1110000518,FLORIDAGOLD PREM SEL,64 OZ,2.8499999,25.65,9,,0,1.76016,1
95,372,FLDAGOLD,1110000518,FLORIDAGOLD PREM SEL,64 OZ,2.99,17.940001,6,,0,2.1001761,1
95,309,FLDAGOLD,1110000518,FLORIDAGOLD PREM SEL,64 OZ,2.99,44.849998,15,,0,1.460017,1
95,359,FLDAGOLD,1110000518,FLORIDAGOLD PREM SEL,64 OZ,2.99,11.96,4,,0,1.462708,1
95,277,FLDAGOLD,1110000518,FLORIDAGOLD PREM SEL,64 OZ,2.03,36.540001,18,B,1,1.471547,1
95,280,FLDAGOLD,1110000518,FLORIDAGOLD PREM SEL,64 OZ,2.79,30.690001,11,,0,1.332225,1
95,305,FLDAGOLD,1110000518,FLORIDAGOLD PREM SEL,64 OZ,2.72,165.92,61,B,1,1.578688,1
95,284,FLDAGOLD,1110000518,FLORIDAGOLD PREM SEL,64 OZ,2.79,39.060001,14,,0,1.560168,1
95,288,FLDAGOLD,1110000518,FLORIDAGOLD PREM SEL,64 OZ,2.1900001,26.280001,12,B,1,1.560156,1
95,306,FLDAGOLD,1110000518,FLORIDAGOLD PREM SEL,64 OZ,2.99,50.830002,17,,0,1.464203,1
95,307,FLDAGOLD,1110000518,FLORIDAGOLD PREM SEL,64 OZ,2.99,11.96,4,,0,1.462708,1
95,313,FLDAGOLD,1110000518,FLORIDAGOLD PREM SEL,64 OZ,2.99,11.96,4,,0,1.460017,1
95,333,FLDAGOLD,1110000518,FLORIDAGOLD PREM SEL,64 OZ,2.8900001,8.6700001,3,B,1,1.5276541,1
95,342,FLDAGOLD,1110000518,FLORIDAGOLD PREM SEL,64 OZ,2.77,30.469999,11,B,1,1.75895,1
95,348,FLDAGOLD,1110000518,FLORIDAGOLD PREM SEL,64 OZ,2.03,326.82999,161,,0,1.9213949,1
95,354,FLDAGOLD,1110000518,FLORIDAGOLD PREM SEL,64 OZ,1.99,979.08002,492,S,1,1.64573,1
95,358,FLDAGOLD,1110000518,FLORIDAGOLD PREM SEL,64 OZ,2.99,50.830002,17,,0,1.464203,1
95,366,FLDAGOLD,1110000518,FLORIDAGOLD PREM SEL,64 OZ,2.6099999,26.1,10,B,1,1.7870671,1
95,377,FLDAGOLD,1110000518,FLORIDAGOLD PREM SEL,64 OZ,2.8499999,17.1,6,,0,1.722255,1
95,380,FLDAGOLD,1110000518,FLORIDAGOLD PREM SEL,64 OZ,3.05,9.1499996,3,,0,1.97823,1
95,383,FLDAGOLD,1110000518,FLORIDAGOLD PREM SEL,64 OZ,3.05,12.2,4,,0,1.95444,1
95,389,FLDAGOLD,1110000518,FLORIDAGOLD PREM SEL,64 OZ,3.05,9.1499996,3,,0,2.09901,1
95,392,FLDAGOLD,1110000518,FLORIDAGOLD PREM SEL,64 OZ,3.05,3.05,1,,0,2.09901,1
95,396,FLDAGOLD,1110000518,FLORIDAGOLD PREM SEL,64 OZ,3.05,15.25,5,,0,1.8239,1
95,397,FLDAGOLD,1110000518,FLORIDAGOLD PREM SEL,64 OZ,2.6199999,5.2399998,2,B,1,1.7100739,1
123,363,FLDAGOLD,1110000518,FLORIDAGOLD PREM SEL,64 OZ,1.99,65.669998,33,B,1,1.6920969,1
123,344,FLDAGOLD,1110000518,FLORIDAGOLD PREM SEL,64 OZ,2.5899999,15.54,6,B,1,1.760164,1
123,367,FLDAGOLD,1110000518,FLORIDAGOLD PREM SEL,64 OZ,2.6099999,13.05,5,B,1,1.6500421,1
123,366,FLDAGOLD,1110000518,FLORIDAGOLD PREM SEL,64 OZ,2.6099999,10.44,4,B,1,1.76958,1
123,351,FLDAGOLD,1110000518,FLORIDAGOLD PREM SEL,64 OZ,1.51,37.75,25,B,1,1.943823,1
123,319,FLDAGOLD,1110000518,FLORIDAGOLD PREM SEL,64 OZ,2.99,5.98,2,,0,1.587092,1
123,308,FLDAGOLD,1110000518,FLORIDAGOLD PREM SEL,64 OZ,2.99,5.98,2,,0,1.460017,1
123,297,FLDAGOLD,1110000518,FLORIDAGOLD PREM SEL,64 OZ,2.99,35.880001,12,,0,1.1394891,1
123,352,FLDAGOLD,1110000518,FLORIDAGOLD PREM SEL,64 OZ,1.64,37.720001,23,B,1,1.944712,1
123,392,FLDAGOLD,1110000518,FLORIDAGOLD PREM SEL,64 OZ,1.29,27.09,21,,0,2.098959,1
123,397,FLDAGOLD,1110000518,FLORIDAGOLD PREM SEL,64 OZ,2.4000001,9.6000004,4,B,1,1.70664,1
123,373,FLDAGOLD,1110000518,FLORIDAGOLD PREM SEL,64 OZ,2.99,11.96,4,,0,1.771874,1
123,282,FLDAGOLD,1110000518,FLORIDAGOLD PREM SEL,64 OZ,1.89,20.790001,11,,0,1.435644,1
123,380,FLDAGOLD,1110000518,FLORIDAGOLD PREM SEL,64 OZ,3.05,9.1499996,3,,0,1.92821,1
123,383,FLDAGOLD,1110000518,FLORIDAGOLD PREM SEL,64 OZ,3.05,9.1499996,3,,0,1.92821,1
123,315,FLDAGOLD,1110000518,FLORIDAGOLD PREM SEL,64 OZ,2.3099999,50.82,22,S,1,1.4559931,1
94,294,FLDAGOLD,1110000518,FLORIDAGOLD PREM SEL,64 OZ,2.3900001,38.240002,16,B,1,1.404125,1
94,399,FLDAGOLD,1110000518,FLORIDAGOLD PREM SEL,64 OZ,2.3900001,16.73,7,B,1,2.1000929,1
94,289,FLDAGOLD,1110000518,FLORIDAGOLD PREM SEL,64 OZ,1.99,79.599998,40,B,1,1.500062,1
94,373,FLDAGOLD,1110000518,FLORIDAGOLD PREM SEL,64 OZ,2.8499999,2.8499999,1,,0,1.5612299,1
94,360,FLDAGOLD,1110000518,FLORIDAGOLD PREM SEL,64 OZ,2.8499999,5.6999998,2,,0,1.460055,1
94,383,FLDAGOLD,1110000518,FLORIDAGOLD PREM SEL,64 OZ,2.8900001,8.6700001,3,,0,1.928208,1
94,386,FLDAGOLD,1110000518,FLORIDAGOLD PREM SEL,64 OZ,2.8900001,11.56,4,,0,2.0990069,1
94,297,FLDAGOLD,1110000518,FLORIDAGOLD PREM SEL,64 OZ,2.8499999,34.200001,12,,0,1.053645,1
94,303,FLDAGOLD,1110000518,FLORIDAGOLD PREM SEL,64 OZ,1.89,37.799999,20,B,1,1.6769969,1
94,306,FLDAGOLD,1110000518,FLORIDAGOLD PREM SEL,64 OZ,2.8499999,25.65,9,,0,1.47744,1
94,320,FLDAGOLD,1110000518,FLORIDAGOLD PREM SEL,64 OZ,2.8499999,8.5500002,3,,0,1.11378,1
94,345,FLDAGOLD,1110000518,FLORIDAGOLD PREM SEL,64 OZ,1.99,7.96,4,B,1,1.760155,1
94,348,FLDAGOLD,1110000518,FLORIDAGOLD PREM SEL,64 OZ,1.02,102,100,,0,1.931778,1
94,378,FLDAGOLD,1110000518,FLORIDAGOLD PREM SEL,64 OZ,2.8900001,40.459999,14,,0,2.100163,1
94,359,FLDAGOLD,1110000518,FLORIDAGOLD PREM SEL,64 OZ,2.8499999,11.4,4,,0,1.464045,1
94,363,FLDAGOLD,1110000518,FLORIDAGOLD PREM SEL,64 OZ,1.99,55.720001,28,B,1,1.703838,1
94,375,FLDAGOLD,1110000518,FLORIDAGOLD PREM SEL,64 OZ,2.8499999,2.8499999,1,,0,2.080215,1
94,379,FLDAGOLD,1110000518,FLORIDAGOLD PREM SEL,64 OZ,2.8900001,5.7800002,2,,0,2.0521891,1
94,382,FLDAGOLD,1110000518,FLORIDAGOLD PREM SEL,64 OZ,2.8900001,8.6700001,3,,0,1.928208,1
94,338,FLDAGOLD,1110000518,FLORIDAGOLD PREM SEL,64 OZ,2.8499999,28.5,10,,0,1.76016,1
54,382,FLDAGOLD,1110000518,FLORIDAGOLD PREM SEL,64 OZ,2.8900001,28.9,10,,0,1.928208,1
54,342,FLDAGOLD,1110000518,FLORIDAGOLD PREM SEL,64 OZ,2.6199999,5.2399998,2,,0,1.760116,1
54,295,FLDAGOLD,1110000518,FLORIDAGOLD PREM SEL,64 OZ,2.75,22,8,,0,1.472075,1
54,282,FLDAGOLD,1110000518,FLORIDAGOLD PREM SEL,64 OZ,1.72,55.040001,32,,0,1.509128,1
54,374,FLDAGOLD,1110000518,FLORIDAGOLD PREM SEL,64 OZ,2.8499999,5.6999998,2,,0,1.5612299,1
54,360,FLDAGOLD,1110000518,FLORIDAGOLD PREM SEL,64 OZ,2.8499999,5.6999998,2,,0,1.460055,1
54,278,FLDAGOLD,1110000518,FLORIDAGOLD PREM SEL,64 OZ,1.72,55.040001,32,,0,1.509128,1
54,367,FLDAGOLD,1110000518,FLORIDAGOLD PREM SEL,64 OZ,2.8499999,2.8499999,1,,0,1.6501499,1
54,387,FLDAGOLD,1110000518,FLORIDAGOLD PREM SEL,64 OZ,2.8900001,5.7800002,2,,0,2.0990069,1
54,303,FLDAGOLD,1110000518,FLORIDAGOLD PREM SEL,64 OZ,1.89,83.160004,44,B,1,1.68777,1
54,280,FLDAGOLD,1110000518,FLORIDAGOLD PREM SEL,64 OZ,2.6900001,13.45,5,,0,1.332088,1
54,284,FLDAGOLD,1110000518,FLORIDAGOLD PREM SEL,64 OZ,2.6900001,24.209999,9,,0,1.5602,1
54,291,FLDAGOLD,1110000518,FLORIDAGOLD PREM SEL,64 OZ,2.6900001,32.279999,12,,0,1.5602,1
54,292,FLDAGOLD,1110000518,FLORIDAGOLD PREM SEL,64 OZ,2.46,22.139999,9,,0,1.4661601,1
54,300,FLDAGOLD,1110000518,FLORIDAGOLD PREM SEL,64 OZ,2.27,6.8099999,3,,0,1.7479,1
54,311,FLDAGOLD,1110000518,FLORIDAGOLD PREM SEL,64 OZ,2.03,28.42,14,,0,1.458149,1
54,324,FLDAGOLD,1110000518,FLORIDAGOLD PREM SEL,64 OZ,2.8499999,2.8499999,1,,0,1.909215,1
54,330,FLDAGOLD,1110000518,FLORIDAGOLD PREM SEL,64 OZ,2.8499999,5.6999998,2,,0,1.47516,1
54,332,FLDAGOLD,1110000518,FLORIDAGOLD PREM SEL,64 OZ,2.8499999,5.6999998,2,,0,1.47516,1
54,341,FLDAGOLD,1110000518,FLORIDAGOLD PREM SEL,64 OZ,1.5700001,14.13,9,,0,1.396672,1
54,345,FLDAGOLD,1110000518,FLORIDAGOLD PREM SEL,64 OZ,1.99,7.96,4,,0,1.760155,1
54,347,FLDAGOLD,1110000518,FLORIDAGOLD PREM SEL,64 OZ,2.77,33.240002,12,,0,1.754795,1
54,349,FLDAGOLD,1110000518,FLORIDAGOLD PREM SEL,64 OZ,1.47,1221.5699,831,,0,1.5974489,1
54,359,FLDAGOLD,1110000518,FLORIDAGOLD PREM SEL,64 OZ,2.1700001,21.700001,10,,0,1.460844,1
54,373,FLDAGOLD,1110000518,FLORIDAGOLD PREM SEL,64 OZ,2.8499999,8.5500002,3,,0,1.84224,1
54,377,FLDAGOLD,1110000518,FLORIDAGOLD PREM SEL,64 OZ,2.77,27.700001,10,,0,1.720724,1
54,318,FLDAGOLD,1110000518,FLORIDAGOLD PREM SEL,64 OZ,2.8499999,14.25,5,,0,1.587165,1
54,296,FLDAGOLD,1110000518,FLORIDAGOLD PREM SEL,64 OZ,2.8499999,5.6999998,2,,0,1.460055,1
54,381,FLDAGOLD,1110000518,FLORIDAGOLD PREM SEL,64 OZ,2.8900001,28.9,10,,0,1.928208,1
121,385,FLDAGOLD,1110000518,FLORIDAGOLD PREM SEL,64 OZ,2.8900001,8.6700001,3,,0,2.0990069,1
121,365,FLDAGOLD,1110000518,FLORIDAGOLD PREM SEL,64 OZ,2.73,8.1899996,3,B,1,2.0769839,1
121,369,FLDAGOLD,1110000518,FLORIDAGOLD PREM SEL,64 OZ,2.8499999,5.6999998,2,,0,2.0001299,1
121,378,FLDAGOLD,1110000518,FLORIDAGOLD PREM SEL,64 OZ,2.8900001,14.45,5,,0,2.040051,1
121,349,FLDAGOLD,1110000518,FLORIDAGOLD PREM SEL,64 OZ,1.4299999,1788.9301,1251,G,1,1.591018,1
121,286,FLDAGOLD,1110000518,FLORIDAGOLD PREM SEL,64 OZ,1.99,171.14,86,B,1,1.56016,1
121,327,FLDAGOLD,1110000518,FLORIDAGOLD PREM SEL,64 OZ,2.8499999,34.200001,12,,0,1.909215,1
121,328,FLDAGOLD,1110000518,FLORIDAGOLD PREM SEL,64 OZ,2.8499999,14.25,5,,0,1.49967,1
121,376,FLDAGOLD,1110000518,FLORIDAGOLD PREM SEL,64 OZ,2,2128,1064,S,1,1.711,1
121,333,FLDAGOLD,1110000518,FLORIDAGOLD PREM SEL,64 OZ,2.8499999,17.1,6,,0,1.51905,1
121,366,FLDAGOLD,1110000518,FLORIDAGOLD PREM SEL,64 OZ,2.6800001,37.52,14,B,1,1.85724,1
121,291,FLDAGOLD,1110000518,FLORIDAGOLD PREM SEL,64 OZ,2.6900001,118.36,44,,0,1.5602,1
121,393,FLDAGOLD,1110000518,FLORIDAGOLD PREM SEL,64 OZ,2.8900001,20.23,7,,0,2.0573909,1
121,330,FLDAGOLD,1110000518,FLORIDAGOLD PREM SEL,64 OZ,2.8499999,39.900002,14,,0,1.47516,1
121,337,FLDAGOLD,1110000518,FLORIDAGOLD PREM SEL,64 OZ,2.8499999,34.200001,12,,0,1.76016,1
121,283,FLDAGOLD,1110000518,FLORIDAGOLD PREM SEL,64 OZ,1.98,67.32,34,B,1,1.556874,1
121,338,FLDAGOLD,1110000518,FLORIDAGOLD PREM SEL,64 OZ,2.8499999,34.200001,12,,0,1.76016,1
