Discrete Choice Model For Product Demand And Price Sensitivity Estimation/catsales_RefrigOJ_2017Semester_sample.csv
store,week,unibranddff,upc,descripdff,size,reprice,resales,move,sale,prom,whprice,qty
48,341,FLDAGOLD,1110000518,FLORIDAGOLD PREM SEL,64 OZ,2.3699999,14.22,6,,0,1.558038,1
48,317,FLDAGOLD,1110000518,FLORIDAGOLD PREM SEL,64 OZ,2.8499999,2.8499999,1,,0,1.587165,1
48,348,FLDAGOLD,1110000518,FLORIDAGOLD PREM SEL,64 OZ,1.5599999,235.56,151,,0,1.906008,1
48,349,FLDAGOLD,1110000518,FLORIDAGOLD PREM SEL,64 OZ,1.4299999,489.06,342,G,1,1.595165,1
48,343,FLDAGOLD,1110000518,FLORIDAGOLD PREM SEL,64 OZ,2.3900001,4.7800002,2,B,1,1.760235,1
48,338,FLDAGOLD,1110000518,FLORIDAGOLD PREM SEL,64 OZ,2.8499999,22.799999,8,,0,1.76016,1
48,320,FLDAGOLD,1110000518,FLORIDAGOLD PREM SEL,64 OZ,2.8499999,11.4,4,,0,1.2320549,1
48,319,FLDAGOLD,1110000518,FLORIDAGOLD PREM SEL,64 OZ,2.8499999,5.6999998,2,,0,1.587165,1
48,301,FLDAGOLD,1110000518,FLORIDAGOLD PREM SEL,64 OZ,1.99,212.92999,107,B,1,1.75319,1
48,292,FLDAGOLD,1110000518,FLORIDAGOLD PREM SEL,64 OZ,2.29,22.9,10,B,1,1.3991899,1
48,288,FLDAGOLD,1110000518,FLORIDAGOLD PREM SEL,64 OZ,2.01,68.339996,34,B,1,1.559559,1
48,285,FLDAGOLD,1110000518,FLORIDAGOLD PREM SEL,64 OZ,2.25,29.25,13,,0,1.5538501,1
48,284,FLDAGOLD,1110000518,FLORIDAGOLD PREM SEL,64 OZ,2.6900001,29.59,11,,0,1.5602,1
48,277,FLDAGOLD,1110000518,FLORIDAGOLD PREM SEL,64 OZ,2.0899999,43.889999,21,B,1,1.476585,1
48,346,FLDAGOLD,1110000518,FLORIDAGOLD PREM SEL,64 OZ,1.99,135.32001,68,S,1,1.760155,1
73,368,FLDAGOLD,1110000518,FLORIDAGOLD PREM SEL,64 OZ,2.77,19.389999,7,B,1,1.895234,1
73,380,FLDAGOLD,1110000518,FLORIDAGOLD PREM SEL,64 OZ,2.8900001,17.34,6,,0,1.9530621,1
73,285,FLDAGOLD,1110000518,FLORIDAGOLD PREM SEL,64 OZ,2.3399999,42.119999,18,,0,1.560078,1
73,279,FLDAGOLD,1110000518,FLORIDAGOLD PREM SEL,64 OZ,1.4,81.199997,58,B,1,1.5538599,1
73,284,FLDAGOLD,1110000518,FLORIDAGOLD PREM SEL,64 OZ,2.6900001,34.970001,13,,0,1.5602,1
73,288,FLDAGOLD,1110000518,FLORIDAGOLD PREM SEL,64 OZ,2.02,88.879997,44,B,1,1.558632,1
73,300,FLDAGOLD,1110000518,FLORIDAGOLD PREM SEL,64 OZ,2.0599999,22.66,11,,0,1.746262,1
73,325,FLDAGOLD,1110000518,FLORIDAGOLD PREM SEL,64 OZ,2.8499999,28.5,10,,0,1.909215,1
73,328,FLDAGOLD,1110000518,FLORIDAGOLD PREM SEL,64 OZ,2.8499999,11.4,4,,0,1.5022351,1
73,331,FLDAGOLD,1110000518,FLORIDAGOLD PREM SEL,64 OZ,2.8499999,14.25,5,,0,1.47516,1
73,335,FLDAGOLD,1110000518,FLORIDAGOLD PREM SEL,64 OZ,1.9,28.5,15,,0,1.14475,1
73,342,FLDAGOLD,1110000518,FLORIDAGOLD PREM SEL,64 OZ,2.6600001,13.3,5,B,1,1.756132,1
73,348,FLDAGOLD,1110000518,FLORIDAGOLD PREM SEL,64 OZ,2.8499999,31.35,11,,0,1.631055,1
73,363,FLDAGOLD,1110000518,FLORIDAGOLD PREM SEL,64 OZ,1.99,348.25,175,B,1,1.712395,1
73,365,FLDAGOLD,1110000518,FLORIDAGOLD PREM SEL,64 OZ,2.73,8.1899996,3,B,1,2.0769839,1
73,377,FLDAGOLD,1110000518,FLORIDAGOLD PREM SEL,64 OZ,2.21,8.8400002,4,,0,1.6108691,1
73,378,FLDAGOLD,1110000518,FLORIDAGOLD PREM SEL,64 OZ,2.8900001,14.45,5,,0,2.040051,1
73,379,FLDAGOLD,1110000518,FLORIDAGOLD PREM SEL,64 OZ,2.8900001,11.56,4,,0,2.039762,1
73,388,FLDAGOLD,1110000518,FLORIDAGOLD PREM SEL,64 OZ,2.8900001,8.6700001,3,,0,2.0990069,1
73,352,FLDAGOLD,1110000518,FLORIDAGOLD PREM SEL,64 OZ,2.5,67.5,27,B,1,1.949,1
73,278,FLDAGOLD,1110000518,FLORIDAGOLD PREM SEL,64 OZ,1.75,28,16,,0,1.4441,1
73,337,FLDAGOLD,1110000518,FLORIDAGOLD PREM SEL,64 OZ,2.8499999,19.950001,7,,0,1.76016,1
73,390,FLDAGOLD,1110000518,FLORIDAGOLD PREM SEL,64 OZ,2.8900001,2.8900001,1,,0,2.0990069,1
73,356,FLDAGOLD,1110000518,FLORIDAGOLD PREM SEL,64 OZ,2.1900001,81.029999,37,B,1,1.9491,1
73,316,FLDAGOLD,1110000518,FLORIDAGOLD PREM SEL,64 OZ,1.9299999,472.85001,245,,0,1.579898,1
73,358,FLDAGOLD,1110000518,FLORIDAGOLD PREM SEL,64 OZ,2.8499999,45.599998,16,,0,1.4942549,1
44,333,FLDAGOLD,1110000518,FLORIDAGOLD PREM SEL,64 OZ,2.8499999,11.4,4,,0,1.6940399,1
44,315,FLDAGOLD,1110000518,FLORIDAGOLD PREM SEL,64 OZ,2.5,300,120,S,1,1.46,1
44,278,FLDAGOLD,1110000518,FLORIDAGOLD PREM SEL,64 OZ,1.73,39.790001,23,,0,1.428288,1
44,356,FLDAGOLD,1110000518,FLORIDAGOLD PREM SEL,64 OZ,2.1900001,582.53998,266,B,1,1.9491,1
44,332,FLDAGOLD,1110000518,FLORIDAGOLD PREM SEL,64 OZ,2.8499999,17.1,6,,0,1.47516,1
44,345,FLDAGOLD,1110000518,FLORIDAGOLD PREM SEL,64 OZ,2.02,341.38,169,B,1,1.751946,1
44,351,FLDAGOLD,1110000518,FLORIDAGOLD PREM SEL,64 OZ,2.5,35,14,B,1,1.949,1
44,314,FLDAGOLD,1110000518,FLORIDAGOLD PREM SEL,64 OZ,2.8499999,25.65,9,,0,1.460055,1
44,284,FLDAGOLD,1110000518,FLORIDAGOLD PREM SEL,64 OZ,2.6900001,43.040001,16,,0,1.5602,1
44,298,FLDAGOLD,1110000518,FLORIDAGOLD PREM SEL,64 OZ,1.49,2184.3401,1466,S,1,0.96626502,1
44,280,FLDAGOLD,1110000518,FLORIDAGOLD PREM SEL,64 OZ,2.6900001,29.59,11,,0,1.332088,1
44,392,FLDAGOLD,1110000518,FLORIDAGOLD PREM SEL,64 OZ,2.8900001,14.45,5,,0,2.0990069,1
44,373,FLDAGOLD,1110000518,FLORIDAGOLD PREM SEL,64 OZ,2.8499999,8.5500002,3,,0,1.713135,1
44,355,FLDAGOLD,1110000518,FLORIDAGOLD PREM SEL,64 OZ,2.1199999,19.08,9,B,1,1.6466039,1
44,354,FLDAGOLD,1110000518,FLORIDAGOLD PREM SEL,64 OZ,1.99,1564.14,786,S,1,1.6491131,1
44,342,FLDAGOLD,1110000518,FLORIDAGOLD PREM SEL,64 OZ,2.72,29.92,11,B,1,1.75712,1
44,334,FLDAGOLD,1110000518,FLORIDAGOLD PREM SEL,64 OZ,1.4299999,1884.74,1318,G,1,1.042756,1
44,329,FLDAGOLD,1110000518,FLORIDAGOLD PREM SEL,64 OZ,2.8499999,11.4,4,,0,1.47516,1
44,319,FLDAGOLD,1110000518,FLORIDAGOLD PREM SEL,64 OZ,2.48,17.360001,7,,0,1.586208,1
44,306,FLDAGOLD,1110000518,FLORIDAGOLD PREM SEL,64 OZ,2.79,41.849998,15,,0,1.4787,1
44,299,FLDAGOLD,1110000518,FLORIDAGOLD PREM SEL,64 OZ,1.6900001,27.040001,16,,0,1.265641,1
44,287,FLDAGOLD,1110000518,FLORIDAGOLD PREM SEL,64 OZ,1.9400001,77.599998,40,B,1,1.559954,1
44,394,FLDAGOLD,1110000518,FLORIDAGOLD PREM SEL,64 OZ,2.8900001,11.56,4,,0,2.100163,1
130,381,FLDAGOLD,1110000518,FLORIDAGOLD PREM SEL,64 OZ,3.05,3.05,1,,0,1.92821,1
130,293,FLDAGOLD,1110000518,FLORIDAGOLD PREM SEL,64 OZ,2.29,89.309998,39,B,1,1.3991899,1
130,320,FLDAGOLD,1110000518,FLORIDAGOLD PREM SEL,64 OZ,2.99,14.95,5,,0,1.019291,1
130,286,FLDAGOLD,1110000518,FLORIDAGOLD PREM SEL,64 OZ,1.99,67.660004,34,B,1,1.56016,1
130,342,FLDAGOLD,1110000518,FLORIDAGOLD PREM SEL,64 OZ,2.5599999,17.92,7,B,1,1.759232,1
130,338,FLDAGOLD,1110000518,FLORIDAGOLD PREM SEL,64 OZ,2.99,14.95,5,,0,1.760213,1
130,399,FLDAGOLD,1110000518,FLORIDAGOLD PREM SEL,64 OZ,2.3099999,16.17,7,B,1,2.0974801,1
130,390,FLDAGOLD,1110000518,FLORIDAGOLD PREM SEL,64 OZ,3.05,24.4,8,,0,2.09901,1
130,375,FLDAGOLD,1110000518,FLORIDAGOLD PREM SEL,64 OZ,2.99,26.91,9,,0,1.935128,1
130,374,FLDAGOLD,1110000518,FLORIDAGOLD PREM SEL,64 OZ,2.99,14.95,5,,0,1.561079,1
130,362,FLDAGOLD,1110000518,FLORIDAGOLD PREM SEL,64 OZ,2.99,8.9700003,3,,0,1.600248,1
130,350,FLDAGOLD,1110000518,FLORIDAGOLD PREM SEL,64 OZ,2.22,35.52,16,B,1,1.61505,1
130,321,FLDAGOLD,1110000518,FLORIDAGOLD PREM SEL,64 OZ,1.8099999,19.91,11,,0,0.87531602,1
130,314,FLDAGOLD,1110000518,FLORIDAGOLD PREM SEL,64 OZ,2.99,35.880001,12,,0,1.460017,1
130,312,FLDAGOLD,1110000518,FLORIDAGOLD PREM SEL,64 OZ,2.02,919.09998,455,,0,1.4531879,1
130,299,FLDAGOLD,1110000518,FLORIDAGOLD PREM SEL,64 OZ,2.99,20.93,7,,0,1.4187551,1
130,298,FLDAGOLD,1110000518,FLORIDAGOLD PREM SEL,64 OZ,1.5,3129,2086,S,1,0.97275001,1
130,282,FLDAGOLD,1110000518,FLORIDAGOLD PREM SEL,64 OZ,1.96,31.360001,16,,0,1.385524,1
74,390,FLDAGOLD,1110000518,FLORIDAGOLD PREM SEL,64 OZ,2.8900001,28.9,10,,0,2.0990069,1
74,301,FLDAGOLD,1110000518,FLORIDAGOLD PREM SEL,64 OZ,1.99,93.529999,47,B,1,1.75319,1
74,294,FLDAGOLD,1110000518,FLORIDAGOLD PREM SEL,64 OZ,2.3900001,38.240002,16,B,1,1.404125,1
74,312,FLDAGOLD,1110000518,FLORIDAGOLD PREM SEL,64 OZ,2.8499999,22.799999,8,,0,1.460055,1
74,378,FLDAGOLD,1110000518,FLORIDAGOLD PREM SEL,64 OZ,2.8900001,23.120001,8,,0,2.100163,1
74,314,FLDAGOLD,1110000518,FLORIDAGOLD PREM SEL,64 OZ,2.8499999,19.950001,7,,0,1.460055,1
74,279,FLDAGOLD,1110000518,FLORIDAGOLD PREM SEL,64 OZ,2.0899999,31.35,15,B,1,1.560185,1
74,285,FLDAGOLD,1110000518,FLORIDAGOLD PREM SEL,64 OZ,2.0899999,14.63,7,,0,1.560185,1
74,287,FLDAGOLD,1110000518,FLORIDAGOLD PREM SEL,64 OZ,1.99,35.82,18,B,1,1.56016,1
74,288,FLDAGOLD,1110000518,FLORIDAGOLD PREM SEL,64 OZ,2.0899999,14.63,7,B,1,1.560185,1
74,290,FLDAGOLD,1110000518,FLORIDAGOLD PREM SEL,64 OZ,2.1400001,66.339996,31,B,1,1.493292,1
74,302,FLDAGOLD,1110000518,FLORIDAGOLD PREM SEL,64 OZ,1.96,64.68,33,B,1,1.747928,1
74,330,FLDAGOLD,1110000518,FLORIDAGOLD PREM SEL,64 OZ,2.8499999,34.200001,12,,0,1.47516,1
74,334,FLDAGOLD,1110000518,FLORIDAGOLD PREM SEL,64 OZ,1.4400001,2685.6001,1865,G,1,1.044432,1
74,345,FLDAGOLD,1110000518,FLORIDAGOLD PREM SEL,64 OZ,1.99,31.84,16,B,1,1.760155,1
74,353,FLDAGOLD,1110000518,FLORIDAGOLD PREM SEL,64 OZ,2.54,81.279999,32,B,1,1.899412,1
74,361,FLDAGOLD,1110000518,FLORIDAGOLD PREM SEL,64 OZ,2.8499999,22.799999,8,,0,1.460055,1
74,365,FLDAGOLD,1110000518,FLORIDAGOLD PREM SEL,64 OZ,2.76,16.559999,6,,0,2.07828,1
74,373,FLDAGOLD,1110000518,FLORIDAGOLD PREM SEL,64 OZ,2.8499999,48.450001,17,,0,1.61538,1
74,376,FLDAGOLD,1110000518,FLORIDAGOLD PREM SEL,64 OZ,2,1614,807,S,1,1.8154,1
74,377,FLDAGOLD,1110000518,FLORIDAGOLD PREM SEL,64 OZ,2.8499999,14.25,5,,0,1.770135,1
74,388,FLDAGOLD,1110000518,FLORIDAGOLD PREM SEL,64 OZ,2.8900001,11.56,4,,0,2.0990069,1
74,389,FLDAGOLD,1110000518,FLORIDAGOLD PREM SEL,64 OZ,2.8900001,23.120001,8,,0,2.0990069,1
74,355,FLDAGOLD,1110000518,FLORIDAGOLD PREM SEL,64 OZ,2.0899999,25.08,12,B,1,1.724041,1
74,299,FLDAGOLD,1110000518,FLORIDAGOLD PREM SEL,64 OZ,2.8499999,19.950001,7,,0,1.530165,1
75,383,FLDAGOLD,1110000518,FLORIDAGOLD PREM SEL,64 OZ,3.05,36.599998,12,,0,1.946815,1
75,302,FLDAGOLD,1110000518,FLORIDAGOLD PREM SEL,64 OZ,1.9,112.1,59,B,1,1.74667,1
75,316,FLDAGOLD,1110000518,FLORIDAGOLD PREM SEL,64 OZ,2.99,68.769997,23,,0,1.58171,1
75,352,FLDAGOLD,1110000518,FLORIDAGOLD PREM SEL,64 OZ,2.5,45,18,B,1,1.949,1
75,354,FLDAGOLD,1110000518,FLORIDAGOLD PREM SEL,64 OZ,1.99,805.95001,405,S,1,1.647123,1
75,369,FLDAGOLD,1110000518,FLORIDAGOLD PREM SEL,64 OZ,2.99,53.82,18,,0,2.000011,1
75,350,FLDAGOLD,1110000518,FLORIDAGOLD PREM SEL,64 OZ,2.1900001,109.5,50,B,1,1.663743,1
75,348,FLDAGOLD,1110000518,FLORIDAGOLD PREM SEL,64 OZ,2.99,59.799999,20,B,1,1.805063,1
75,298,FLDAGOLD,1110000518,FLORIDAGOLD PREM SEL,64 OZ,1.5,1780.5,1187,,0,0.97170001,1
75,291,FLDAGOLD,1110000518,FLORIDAGOLD PREM SEL,64 OZ,2.79,78.120003,28,,0,1.560168,1
75,380,FLDAGOLD,1110000518,FLORIDAGOLD PREM SEL,64 OZ,3.05,33.549999,11,,0,1.9419349,1
75,319,FLDAGOLD,1110000518,FLORIDAGOLD PREM SEL,64 OZ,2.99,20.93,7,,0,1.587092,1
132,289,FLDAGOLD,1110000518,FLORIDAGOLD PREM SEL,64 OZ,1.99,83.580002,42,B,1,1.514788,1
132,351,FLDAGOLD,1110000518,FLORIDAGOLD PREM SEL,64 OZ,2.5,22.5,9,B,1,1.949,1
132,372,FLDAGOLD,1110000518,FLORIDAGOLD PREM SEL,64 OZ,2.6900001,8.0699997,3,,0,2.1000831,1
132,300,FLDAGOLD,1110000518,FLORIDAGOLD PREM SEL,64 OZ,2.22,6.6599998,3,,0,1.75047,1
132,354,FLDAGOLD,1110000518,FLORIDAGOLD PREM SEL,64 OZ,1.99,720.38,362,S,1,1.6491131,1
132,383,FLDAGOLD,1110000518,FLORIDAGOLD PREM SEL,64 OZ,2.8900001,26.01,9,,0,1.968668,1
132,326,FLDAGOLD,1110000518,FLORIDAGOLD PREM SEL,64 OZ,2.6900001,10.76,4,,0,1.909093,1
132,381,FLDAGOLD,1110000518,FLORIDAGOLD PREM SEL,64 OZ,2.8900001,37.57,13,,0,1.928208,1
132,384,FLDAGOLD,1110000518,FLORIDAGOLD PREM SEL,64 OZ,2.8900001,31.790001,11,,0,2.0990069,1
132,284,FLDAGOLD,1110000518,FLORIDAGOLD PREM SEL,64 OZ,2.3900001,19.120001,8,,0,1.560192,1
132,390,FLDAGOLD,1110000518,FLORIDAGOLD PREM SEL,64 OZ,2.8900001,14.45,5,,0,2.0990069,1
132,397,FLDAGOLD,1110000518,FLORIDAGOLD PREM SEL,64 OZ,2.1900001,8.7600002,4,B,1,1.710171,1
132,394,FLDAGOLD,1110000518,FLORIDAGOLD PREM SEL,64 OZ,2.8900001,23.120001,8,,0,2.025023,1
132,388,FLDAGOLD,1110000518,FLORIDAGOLD PREM SEL,64 OZ,2.8900001,5.7800002,2,,0,2.0990069,1
132,380,FLDAGOLD,1110000518,FLORIDAGOLD PREM SEL,64 OZ,2.8900001,8.6700001,3,,0,1.928208,1
132,365,FLDAGOLD,1110000518,FLORIDAGOLD PREM SEL,64 OZ,2.6900001,5.3800001,2,,0,2.0820601,1
132,352,FLDAGOLD,1110000518,FLORIDAGOLD PREM SEL,64 OZ,2.5,5,2,B,1,1.949,1
132,345,FLDAGOLD,1110000518,FLORIDAGOLD PREM SEL,64 OZ,1.34,443.54001,331,B,1,1.749638,1
132,344,FLDAGOLD,1110000518,FLORIDAGOLD PREM SEL,64 OZ,2.4200001,67.760002,28,B,1,1.7532901,1
132,339,FLDAGOLD,1110000518,FLORIDAGOLD PREM SEL,64 OZ,2.6900001,18.83,7,,0,1.417361,1
132,315,FLDAGOLD,1110000518,FLORIDAGOLD PREM SEL,64 OZ,2.5,102.5,41,S,1,1.46,1
132,314,FLDAGOLD,1110000518,FLORIDAGOLD PREM SEL,64 OZ,2.6900001,13.45,5,,0,1.460132,1
132,313,FLDAGOLD,1110000518,FLORIDAGOLD PREM SEL,64 OZ,2.6900001,13.45,5,,0,1.460132,1
132,310,FLDAGOLD,1110000518,FLORIDAGOLD PREM SEL,64 OZ,1.34,1855.9,1385,S,1,1.456714,1
132,303,FLDAGOLD,1110000518,FLORIDAGOLD PREM SEL,64 OZ,1.89,32.130001,17,B,1,1.643733,1
132,287,FLDAGOLD,1110000518,FLORIDAGOLD PREM SEL,64 OZ,1.99,63.68,32,B,1,1.56016,1
132,281,FLDAGOLD,1110000518,FLORIDAGOLD PREM SEL,64 OZ,2.3900001,19.120001,8,,0,1.332186,1
59,307,FLDAGOLD,1110000518,FLORIDAGOLD PREM SEL,64 OZ,2.3900001,11.95,5,,0,1.46268,1
59,309,FLDAGOLD,1110000518,FLORIDAGOLD PREM SEL,64 OZ,2.3900001,11.95,5,,0,1.4600509,1
59,310,FLDAGOLD,1110000518,FLORIDAGOLD PREM SEL,64 OZ,1.1900001,1507.73,1267,S,1,1.459892,1
59,308,FLDAGOLD,1110000518,FLORIDAGOLD PREM SEL,64 OZ,2.3900001,7.1700001,3,,0,1.4600509,1
59,397,FLDAGOLD,1110000518,FLORIDAGOLD PREM SEL,64 OZ,2.1900001,2.1900001,1,B,1,1.710171,1
59,393,FLDAGOLD,1110000518,FLORIDAGOLD PREM SEL,64 OZ,2.45,4.9000001,2,,0,2.1001401,1
59,375,FLDAGOLD,1110000518,FLORIDAGOLD PREM SEL,64 OZ,2.3900001,26.290001,11,,0,1.91439,1
59,368,FLDAGOLD,1110000518,FLORIDAGOLD PREM SEL,64 OZ,2.3900001,2.3900001,1,,0,1.650056,1
59,366,FLDAGOLD,1110000518,FLORIDAGOLD PREM SEL,64 OZ,2.3900001,14.34,6,,0,1.973901,1
59,347,FLDAGOLD,1110000518,FLORIDAGOLD PREM SEL,64 OZ,2.3900001,9.5600004,4,,0,1.760235,1
59,321,FLDAGOLD,1110000518,FLORIDAGOLD PREM SEL,64 OZ,1.22,13.42,11,,0,0.87181199,1
59,302,FLDAGOLD,1110000518,FLORIDAGOLD PREM SEL,64 OZ,1.9400001,40.740002,21,B,1,1.751044,1
59,289,FLDAGOLD,1110000518,FLORIDAGOLD PREM SEL,64 OZ,1.99,41.790001,21,B,1,1.498271,1
59,284,FLDAGOLD,1110000518,FLORIDAGOLD PREM SEL,64 OZ,1.98,25.74,13,,0,1.556478,1
59,279,FLDAGOLD,1110000518,FLORIDAGOLD PREM SEL,64 OZ,1.76,63.360001,36,B,1,1.554256,1
59,373,FLDAGOLD,1110000518,FLORIDAGOLD PREM SEL,64 OZ,2.3900001,31.07,13,,0,1.767644,1
59,298,FLDAGOLD,1110000518,FLORIDAGOLD PREM SEL,64 OZ,1.5,1801.5,1201,S,1,0.97245002,1
59,361,FLDAGOLD,1110000518,FLORIDAGOLD PREM SEL,64 OZ,2.3900001,11.95,5,,0,1.4600509,1
59,285,FLDAGOLD,1110000518,FLORIDAGOLD PREM SEL,64 OZ,1.67,36.740002,22,,0,1.551597,1
59,345,FLDAGOLD,1110000518,FLORIDAGOLD PREM SEL,64 OZ,1.99,179.10001,90,B,1,1.760155,1
59,303,FLDAGOLD,1110000518,FLORIDAGOLD PREM SEL,64 OZ,1.89,18.9,10,B,1,1.7193331,1
59,344,FLDAGOLD,1110000518,FLORIDAGOLD PREM SEL,64 OZ,2.3,112.7,49,,0,1.75375,1
59,318,FLDAGOLD,1110000518,FLORIDAGOLD PREM SEL,64 OZ,2.3900001,4.7800002,2,,0,1.587199,1
80,309,FLDAGOLD,1110000518,FLORIDAGOLD PREM SEL,64 OZ,2.6900001,13.45,5,,0,1.460132,1
80,350,FLDAGOLD,1110000518,FLORIDAGOLD PREM SEL,64 OZ,2.3399999,32.759998,14,B,1,1.719432,1
80,320,FLDAGOLD,1110000518,FLORIDAGOLD PREM SEL,64 OZ,2.8499999,19.950001,7,,0,1.181325,1
80,389,FLDAGOLD,1110000518,FLORIDAGOLD PREM SEL,64 OZ,2.8900001,37.57,13,,0,2.0990069,1
80,296,FLDAGOLD,1110000518,FLORIDAGOLD PREM SEL,64 OZ,2.6900001,56.490002,21,,0,1.460132,1
80,295,FLDAGOLD,1110000518,FLORIDAGOLD PREM SEL,64 OZ,2.45,53.900002,22,,0,1.47,1
80,398,FLDAGOLD,1110000518,FLORIDAGOLD PREM SEL,64 OZ,2.1900001,10.95,5,B,1,1.7881351,1
80,390,FLDAGOLD,1110000518,FLORIDAGOLD PREM SEL,64 OZ,2.8900001,43.349998,15,,0,2.0990069,1
80,376,FLDAGOLD,1110000518,FLORIDAGOLD PREM SEL,64 OZ,2,1788,894,S,1,1.7192,1
80,368,FLDAGOLD,1110000518,FLORIDAGOLD PREM SEL,64 OZ,2.8499999,5.6999998,2,,0,1.6501499,1
80,367,FLDAGOLD,1110000518,FLORIDAGOLD PREM SEL,64 OZ,2.8499999,8.5500002,3,,0,1.6501499,1
80,358,FLDAGOLD,1110000518,FLORIDAGOLD PREM SEL,64 OZ,2.6900001,107.6,40,,0,1.4760031,1
80,357,FLDAGOLD,1110000518,FLORIDAGOLD PREM SEL,64 OZ,2.05,125.05,61,,0,1.940735,1
80,355,FLDAGOLD,1110000518,FLORIDAGOLD PREM SEL,64 OZ,2.1600001,49.68,23,B,1,1.785024,1
80,347,FLDAGOLD,1110000518,FLORIDAGOLD PREM SEL,64 OZ,2.8499999,48.450001,17,,0,1.76016,1
80,342,FLDAGOLD,1110000518,FLORIDAGOLD PREM SEL,64 OZ,2.55,43.349998,17,B,1,1.75848,1
80,341,FLDAGOLD,1110000518,FLORIDAGOLD PREM SEL,64 OZ,1.97,35.459999,18,,0,1.466665,1
80,338,FLDAGOLD,1110000518,FLORIDAGOLD PREM SEL,64 OZ,2.8499999,51.299999,18,,0,1.76016,1
80,328,FLDAGOLD,1110000518,FLORIDAGOLD PREM SEL,64 OZ,2.8499999,22.799999,8,,0,1.500525,1
80,316,FLDAGOLD,1110000518,FLORIDAGOLD PREM SEL,64 OZ,1.85,314.5,170,,0,1.576755,1
80,312,FLDAGOLD,1110000518,FLORIDAGOLD PREM SEL,64 OZ,2.6900001,53.799999,20,,0,1.460132,1
80,300,FLDAGOLD,1110000518,FLORIDAGOLD PREM SEL,64 OZ,2.25,72,32,,0,1.751175,1
80,287,FLDAGOLD,1110000518,FLORIDAGOLD PREM SEL,64 OZ,1.99,125.37,63,B,1,1.56016,1
80,284,FLDAGOLD,1110000518,FLORIDAGOLD PREM SEL,64 OZ,2.3900001,35.849998,15,,0,1.560192,1
80,280,FLDAGOLD,1110000518,FLORIDAGOLD PREM SEL,64 OZ,2.3900001,40.630001,17,,0,1.332186,1
80,294,FLDAGOLD,1110000518,FLORIDAGOLD PREM SEL,64 OZ,2.3,110.4,48,B,1,1.39886,1
80,396,FLDAGOLD,1110000518,FLORIDAGOLD PREM SEL,64 OZ,2.8900001,52.02,18,,0,1.883702,1
80,366,FLDAGOLD,1110000518,FLORIDAGOLD PREM SEL,64 OZ,2.8499999,31.35,11,,0,1.8730201,1
80,352,FLDAGOLD,1110000518,FLORIDAGOLD PREM SEL,64 OZ,2.5,37.5,15,B,1,1.949,1
