Discrete Choice Model For Product Demand And Price Sensitivity Estimation/catsales_RefrigOJ_2017Semester_sample.csv
store,week,unibranddff,upc,descripdff,size,reprice,resales,move,sale,prom,whprice,qty
78,348,FLDAGOLD,1110000518,FLORIDAGOLD PREM SEL,64 OZ,2.1199999,205.64,97,,0,1.8656,1
78,278,FLDAGOLD,1110000518,FLORIDAGOLD PREM SEL,64 OZ,1.74,20.879999,12,,0,1.439154,1
78,339,FLDAGOLD,1110000518,FLORIDAGOLD PREM SEL,64 OZ,2.1900001,28.469999,13,,0,1.573734,1
78,304,FLDAGOLD,1110000518,FLORIDAGOLD PREM SEL,64 OZ,2.6900001,137.19,51,,0,1.584141,1
78,295,FLDAGOLD,1110000518,FLORIDAGOLD PREM SEL,64 OZ,2.45,36.75,15,,0,1.47539,1
78,388,FLDAGOLD,1110000518,FLORIDAGOLD PREM SEL,64 OZ,2.8900001,11.56,4,,0,2.0990069,1
78,392,FLDAGOLD,1110000518,FLORIDAGOLD PREM SEL,64 OZ,2.8900001,34.68,12,,0,2.0990069,1
78,383,FLDAGOLD,1110000518,FLORIDAGOLD PREM SEL,64 OZ,2.8900001,8.6700001,3,,0,1.928208,1
78,374,FLDAGOLD,1110000518,FLORIDAGOLD PREM SEL,64 OZ,2.8499999,17.1,6,,0,1.5612299,1
78,373,FLDAGOLD,1110000518,FLORIDAGOLD PREM SEL,64 OZ,2.8499999,8.5500002,3,,0,1.5623699,1
78,366,FLDAGOLD,1110000518,FLORIDAGOLD PREM SEL,64 OZ,2.8499999,11.4,4,,0,1.769565,1
78,362,FLDAGOLD,1110000518,FLORIDAGOLD PREM SEL,64 OZ,2.8499999,2.8499999,1,,0,1.600275,1
78,346,FLDAGOLD,1110000518,FLORIDAGOLD PREM SEL,64 OZ,1.3,477.10001,367,S,1,1.75617,1
78,330,FLDAGOLD,1110000518,FLORIDAGOLD PREM SEL,64 OZ,2.8499999,11.4,4,,0,1.47516,1
78,328,FLDAGOLD,1110000518,FLORIDAGOLD PREM SEL,64 OZ,2.8499999,34.200001,12,,0,1.53615,1
78,327,FLDAGOLD,1110000518,FLORIDAGOLD PREM SEL,64 OZ,2.8499999,11.4,4,,0,1.909215,1
78,315,FLDAGOLD,1110000518,FLORIDAGOLD PREM SEL,64 OZ,2.5,212.5,85,S,1,1.46,1
78,364,FLDAGOLD,1110000518,FLORIDAGOLD PREM SEL,64 OZ,2.0799999,37.439999,18,B,1,1.7856801,1
78,303,FLDAGOLD,1110000518,FLORIDAGOLD PREM SEL,64 OZ,1.79,103.82,58,B,1,1.710166,1
78,289,FLDAGOLD,1110000518,FLORIDAGOLD PREM SEL,64 OZ,1.99,200.99001,101,B,1,1.5026489,1
78,282,FLDAGOLD,1110000518,FLORIDAGOLD PREM SEL,64 OZ,1.74,20.879999,12,,0,1.439154,1
78,349,FLDAGOLD,1110000518,FLORIDAGOLD PREM SEL,64 OZ,1.4400001,2465.28,1712,G,1,1.595232,1
78,285,FLDAGOLD,1110000518,FLORIDAGOLD PREM SEL,64 OZ,1.88,58.279999,31,,0,1.553632,1
78,395,FLDAGOLD,1110000518,FLORIDAGOLD PREM SEL,64 OZ,2.8900001,8.6700001,3,,0,1.9941,1
78,389,FLDAGOLD,1110000518,FLORIDAGOLD PREM SEL,64 OZ,2.8900001,11.56,4,,0,2.0990069,1
78,301,FLDAGOLD,1110000518,FLORIDAGOLD PREM SEL,64 OZ,1.99,87.559998,44,B,1,1.75319,1
78,284,FLDAGOLD,1110000518,FLORIDAGOLD PREM SEL,64 OZ,1.75,85.75,49,,0,1.556625,1
78,318,FLDAGOLD,1110000518,FLORIDAGOLD PREM SEL,64 OZ,2.8499999,25.65,9,,0,1.587165,1
78,291,FLDAGOLD,1110000518,FLORIDAGOLD PREM SEL,64 OZ,2.3900001,57.360001,24,,0,1.560192,1
106,296,FLDAGOLD,1110000518,FLORIDAGOLD PREM SEL,64 OZ,2.8499999,5.6999998,2,,0,1.460055,1
106,313,FLDAGOLD,1110000518,FLORIDAGOLD PREM SEL,64 OZ,2.8499999,2.8499999,1,,0,1.460055,1
106,314,FLDAGOLD,1110000518,FLORIDAGOLD PREM SEL,64 OZ,2.8499999,5.6999998,2,,0,1.460055,1
106,307,FLDAGOLD,1110000518,FLORIDAGOLD PREM SEL,64 OZ,2.8499999,5.6999998,2,,0,1.46205,1
106,320,FLDAGOLD,1110000518,FLORIDAGOLD PREM SEL,64 OZ,2.8499999,2.8499999,1,,0,0.87722999,1
106,318,FLDAGOLD,1110000518,FLORIDAGOLD PREM SEL,64 OZ,2.8499999,2.8499999,1,,0,1.587165,1
106,366,FLDAGOLD,1110000518,FLORIDAGOLD PREM SEL,64 OZ,2.6800001,8.04,3,B,1,1.682236,1
106,316,FLDAGOLD,1110000518,FLORIDAGOLD PREM SEL,64 OZ,2.8499999,5.6999998,2,,0,1.587165,1
106,349,FLDAGOLD,1110000518,FLORIDAGOLD PREM SEL,64 OZ,1.45,578.54999,399,G,1,1.598915,1
106,376,FLDAGOLD,1110000518,FLORIDAGOLD PREM SEL,64 OZ,2,294,147,S,1,1.9033999,1
106,386,FLDAGOLD,1110000518,FLORIDAGOLD PREM SEL,64 OZ,2.8900001,2.8900001,1,,0,2.0990069,1
70,327,FLDAGOLD,1110000518,FLORIDAGOLD PREM SEL,64 OZ,2.3900001,7.1700001,3,,0,1.909132,1
70,389,FLDAGOLD,1110000518,FLORIDAGOLD PREM SEL,64 OZ,2.45,17.15,7,,0,2.09916,1
70,378,FLDAGOLD,1110000518,FLORIDAGOLD PREM SEL,64 OZ,2.45,19.6,8,,0,2.1001401,1
70,375,FLDAGOLD,1110000518,FLORIDAGOLD PREM SEL,64 OZ,2.3900001,35.849998,15,,0,2.02672,1
70,374,FLDAGOLD,1110000518,FLORIDAGOLD PREM SEL,64 OZ,2.3900001,4.7800002,2,,0,1.561148,1
70,368,FLDAGOLD,1110000518,FLORIDAGOLD PREM SEL,64 OZ,2.3900001,21.51,9,,0,1.805645,1
70,358,FLDAGOLD,1110000518,FLORIDAGOLD PREM SEL,64 OZ,2.3900001,16.73,7,,0,1.464114,1
70,356,FLDAGOLD,1110000518,FLORIDAGOLD PREM SEL,64 OZ,1.25,517.5,414,B,1,1.9432499,1
70,355,FLDAGOLD,1110000518,FLORIDAGOLD PREM SEL,64 OZ,1.8099999,119.46,66,B,1,1.9138941,1
70,340,FLDAGOLD,1110000518,FLORIDAGOLD PREM SEL,64 OZ,1.1900001,1975.4,1660,S,1,1.358266,1
70,339,FLDAGOLD,1110000518,FLORIDAGOLD PREM SEL,64 OZ,2.3900001,31.07,13,,0,1.4524029,1
70,329,FLDAGOLD,1110000518,FLORIDAGOLD PREM SEL,64 OZ,2.3900001,11.95,5,,0,1.475108,1
70,321,FLDAGOLD,1110000518,FLORIDAGOLD PREM SEL,64 OZ,1.12,17.92,16,,0,0.87315202,1
70,320,FLDAGOLD,1110000518,FLORIDAGOLD PREM SEL,64 OZ,2.3900001,11.95,5,,0,1.303028,1
70,317,FLDAGOLD,1110000518,FLORIDAGOLD PREM SEL,64 OZ,2.3900001,14.34,6,,0,1.587199,1
70,302,FLDAGOLD,1110000518,FLORIDAGOLD PREM SEL,64 OZ,1.95,64.349998,33,B,1,1.752465,1
70,285,FLDAGOLD,1110000518,FLORIDAGOLD PREM SEL,64 OZ,2.1099999,8.4399996,4,,0,1.5601341,1
70,376,FLDAGOLD,1110000518,FLORIDAGOLD PREM SEL,64 OZ,2,860,430,S,1,1.7168,1
70,310,FLDAGOLD,1110000518,FLORIDAGOLD PREM SEL,64 OZ,1.1900001,946.04999,795,S,1,1.459892,1
70,384,FLDAGOLD,1110000518,FLORIDAGOLD PREM SEL,64 OZ,2.45,22.049999,9,,0,2.09916,1
70,279,FLDAGOLD,1110000518,FLORIDAGOLD PREM SEL,64 OZ,1.97,25.610001,13,B,1,1.5576791,1
70,287,FLDAGOLD,1110000518,FLORIDAGOLD PREM SEL,64 OZ,1.99,53.73,27,B,1,1.56016,1
70,280,FLDAGOLD,1110000518,FLORIDAGOLD PREM SEL,64 OZ,2.1500001,19.35,9,,0,1.33214,1
70,379,FLDAGOLD,1110000518,FLORIDAGOLD PREM SEL,64 OZ,2.45,7.3499999,3,,0,2.018065,1
70,360,FLDAGOLD,1110000518,FLORIDAGOLD PREM SEL,64 OZ,2.3900001,7.1700001,3,,0,1.4600509,1
70,334,FLDAGOLD,1110000518,FLORIDAGOLD PREM SEL,64 OZ,1.2,2518.8,2099,G,1,1.04628,1
70,296,FLDAGOLD,1110000518,FLORIDAGOLD PREM SEL,64 OZ,2.3900001,28.68,12,,0,1.4600509,1
70,380,FLDAGOLD,1110000518,FLORIDAGOLD PREM SEL,64 OZ,2.45,7.3499999,3,,0,1.9281501,1
81,308,FLDAGOLD,1110000518,FLORIDAGOLD PREM SEL,64 OZ,2.8499999,14.25,5,,0,1.460055,1
81,301,FLDAGOLD,1110000518,FLORIDAGOLD PREM SEL,64 OZ,1.99,216.91,109,B,1,1.75319,1
81,373,FLDAGOLD,1110000518,FLORIDAGOLD PREM SEL,64 OZ,2.8499999,11.4,4,,0,1.80975,1
81,368,FLDAGOLD,1110000518,FLORIDAGOLD PREM SEL,64 OZ,2.76,5.52,2,B,1,1.821876,1
81,365,FLDAGOLD,1110000518,FLORIDAGOLD PREM SEL,64 OZ,2.8099999,14.05,5,B,1,2.077714,1
81,353,FLDAGOLD,1110000518,FLORIDAGOLD PREM SEL,64 OZ,2.6700001,5.3400002,2,,0,1.7958421,1
81,347,FLDAGOLD,1110000518,FLORIDAGOLD PREM SEL,64 OZ,1.61,20.93,13,,0,1.7549,1
81,345,FLDAGOLD,1110000518,FLORIDAGOLD PREM SEL,64 OZ,1.99,11.94,6,B,1,1.760155,1
81,344,FLDAGOLD,1110000518,FLORIDAGOLD PREM SEL,64 OZ,2.4200001,36.299999,15,B,1,1.756678,1
81,335,FLDAGOLD,1110000518,FLORIDAGOLD PREM SEL,64 OZ,2.5699999,53.970001,21,,0,1.383688,1
81,318,FLDAGOLD,1110000518,FLORIDAGOLD PREM SEL,64 OZ,2.03,119.77,59,,0,1.5842119,1
81,303,FLDAGOLD,1110000518,FLORIDAGOLD PREM SEL,64 OZ,1.89,88.830002,47,B,1,1.695519,1
81,298,FLDAGOLD,1110000518,FLORIDAGOLD PREM SEL,64 OZ,1.5,747,498,S,1,0.97229999,1
81,293,FLDAGOLD,1110000518,FLORIDAGOLD PREM SEL,64 OZ,2.29,103.05,45,B,1,1.3991899,1
81,289,FLDAGOLD,1110000518,FLORIDAGOLD PREM SEL,64 OZ,1.99,119.4,60,B,1,1.535086,1
81,355,FLDAGOLD,1110000518,FLORIDAGOLD PREM SEL,64 OZ,2.26,24.860001,11,B,1,1.67579,1
81,394,FLDAGOLD,1110000518,FLORIDAGOLD PREM SEL,64 OZ,2.8900001,31.790001,11,,0,2.0319591,1
81,380,FLDAGOLD,1110000518,FLORIDAGOLD PREM SEL,64 OZ,2.8900001,8.6700001,3,,0,1.928208,1
81,361,FLDAGOLD,1110000518,FLORIDAGOLD PREM SEL,64 OZ,2.8499999,14.25,5,,0,1.460055,1
81,351,FLDAGOLD,1110000518,FLORIDAGOLD PREM SEL,64 OZ,2.5,67.5,27,B,1,1.949,1
81,317,FLDAGOLD,1110000518,FLORIDAGOLD PREM SEL,64 OZ,2.8499999,22.799999,8,,0,1.587165,1
81,328,FLDAGOLD,1110000518,FLORIDAGOLD PREM SEL,64 OZ,2.8499999,19.950001,7,,0,1.500525,1
81,314,FLDAGOLD,1110000518,FLORIDAGOLD PREM SEL,64 OZ,2.8499999,25.65,9,,0,1.460055,1
104,288,FLDAGOLD,1110000518,FLORIDAGOLD PREM SEL,64 OZ,2.2,72.599998,33,B,1,1.5587,1
104,393,FLDAGOLD,1110000518,FLORIDAGOLD PREM SEL,64 OZ,2.8900001,8.6700001,3,,0,2.0501659,1
104,282,FLDAGOLD,1110000518,FLORIDAGOLD PREM SEL,64 OZ,1.6900001,3.3800001,2,B,1,1.332058,1
104,349,FLDAGOLD,1110000518,FLORIDAGOLD PREM SEL,64 OZ,1.4299999,2907.1899,2033,G,1,1.588158,1
104,365,FLDAGOLD,1110000518,FLORIDAGOLD PREM SEL,64 OZ,2.79,8.3699999,3,B,1,2.0796659,1
104,333,FLDAGOLD,1110000518,FLORIDAGOLD PREM SEL,64 OZ,2.8499999,17.1,6,,0,1.7390701,1
104,301,FLDAGOLD,1110000518,FLORIDAGOLD PREM SEL,64 OZ,1.99,105.47,53,B,1,1.75319,1
104,302,FLDAGOLD,1110000518,FLORIDAGOLD PREM SEL,64 OZ,1.9,32.299999,17,B,1,1.75142,1
104,336,FLDAGOLD,1110000518,FLORIDAGOLD PREM SEL,64 OZ,2.8499999,31.35,11,,0,1.76016,1
104,285,FLDAGOLD,1110000518,FLORIDAGOLD PREM SEL,64 OZ,2.21,41.990002,19,,0,1.559376,1
139,374,FLDAGOLD,1110000518,FLORIDAGOLD PREM SEL,64 OZ,2.8499999,31.35,11,,0,1.5612299,1
139,373,FLDAGOLD,1110000518,FLORIDAGOLD PREM SEL,64 OZ,2.8499999,25.65,9,,0,1.9112099,1
139,355,FLDAGOLD,1110000518,FLORIDAGOLD PREM SEL,64 OZ,1.13,753.71002,667,B,1,1.864952,1
139,365,FLDAGOLD,1110000518,FLORIDAGOLD PREM SEL,64 OZ,2.8099999,30.91,11,B,1,2.0754659,1
139,299,FLDAGOLD,1110000518,FLORIDAGOLD PREM SEL,64 OZ,2.8499999,31.35,11,,0,1.398495,1
139,283,FLDAGOLD,1110000518,FLORIDAGOLD PREM SEL,64 OZ,1.49,62.580002,42,B,1,1.559881,1
139,376,FLDAGOLD,1110000518,FLORIDAGOLD PREM SEL,64 OZ,2,1694,847,S,1,1.7366,1
139,398,FLDAGOLD,1110000518,FLORIDAGOLD PREM SEL,64 OZ,2.1900001,4.3800001,2,B,1,1.710171,1
139,397,FLDAGOLD,1110000518,FLORIDAGOLD PREM SEL,64 OZ,2.1900001,13.14,6,B,1,1.710171,1
139,390,FLDAGOLD,1110000518,FLORIDAGOLD PREM SEL,64 OZ,2.8900001,14.45,5,,0,2.0990069,1
139,388,FLDAGOLD,1110000518,FLORIDAGOLD PREM SEL,64 OZ,2.8900001,26.01,9,,0,2.0990069,1
139,381,FLDAGOLD,1110000518,FLORIDAGOLD PREM SEL,64 OZ,2.8900001,23.120001,8,,0,1.928208,1
139,372,FLDAGOLD,1110000518,FLORIDAGOLD PREM SEL,64 OZ,2.8499999,11.4,4,,0,2.1001649,1
139,368,FLDAGOLD,1110000518,FLORIDAGOLD PREM SEL,64 OZ,2.72,19.040001,7,B,1,1.794384,1
139,363,FLDAGOLD,1110000518,FLORIDAGOLD PREM SEL,64 OZ,1.99,87.559998,44,B,1,1.693092,1
139,359,FLDAGOLD,1110000518,FLORIDAGOLD PREM SEL,64 OZ,2.8499999,19.950001,7,,0,1.462335,1
139,358,FLDAGOLD,1110000518,FLORIDAGOLD PREM SEL,64 OZ,2.8499999,42.75,15,,0,1.480005,1
139,349,FLDAGOLD,1110000518,FLORIDAGOLD PREM SEL,64 OZ,1.4400001,2615.04,1816,G,1,1.596096,1
139,347,FLDAGOLD,1110000518,FLORIDAGOLD PREM SEL,64 OZ,2,114,57,,0,1.7556,1
139,345,FLDAGOLD,1110000518,FLORIDAGOLD PREM SEL,64 OZ,1.99,73.629997,37,B,1,1.760155,1
139,339,FLDAGOLD,1110000518,FLORIDAGOLD PREM SEL,64 OZ,2.8499999,68.400002,24,,0,1.393365,1
139,335,FLDAGOLD,1110000518,FLORIDAGOLD PREM SEL,64 OZ,2.8499999,31.35,11,,0,1.24374,1
139,334,FLDAGOLD,1110000518,FLORIDAGOLD PREM SEL,64 OZ,1.45,1893.7,1306,G,1,1.036605,1
139,325,FLDAGOLD,1110000518,FLORIDAGOLD PREM SEL,64 OZ,2.8499999,22.799999,8,,0,1.909215,1
139,319,FLDAGOLD,1110000518,FLORIDAGOLD PREM SEL,64 OZ,2.8499999,17.1,6,,0,1.587165,1
139,311,FLDAGOLD,1110000518,FLORIDAGOLD PREM SEL,64 OZ,1.95,31.200001,16,,0,1.45548,1
139,306,FLDAGOLD,1110000518,FLORIDAGOLD PREM SEL,64 OZ,2.8499999,42.75,15,,0,1.480005,1
139,303,FLDAGOLD,1110000518,FLORIDAGOLD PREM SEL,64 OZ,1.89,18.9,10,B,1,1.6855021,1
139,292,FLDAGOLD,1110000518,FLORIDAGOLD PREM SEL,64 OZ,2.54,55.880001,22,,0,1.498854,1
139,278,FLDAGOLD,1110000518,FLORIDAGOLD PREM SEL,64 OZ,1.85,11.1,6,,0,1.4030401,1
139,336,FLDAGOLD,1110000518,FLORIDAGOLD PREM SEL,64 OZ,2.8499999,57,20,,0,1.76016,1
139,356,FLDAGOLD,1110000518,FLORIDAGOLD PREM SEL,64 OZ,1.89,7.5599999,4,B,1,1.9489681,1
139,279,FLDAGOLD,1110000518,FLORIDAGOLD PREM SEL,64 OZ,1.49,62.580002,42,B,1,1.559881,1
93,292,FLDAGOLD,1110000518,FLORIDAGOLD PREM SEL,64 OZ,2.5799999,61.919998,24,,0,1.4920141,1
93,321,FLDAGOLD,1110000518,FLORIDAGOLD PREM SEL,64 OZ,1.5,28.5,19,,0,0.87704998,1
93,291,FLDAGOLD,1110000518,FLORIDAGOLD PREM SEL,64 OZ,2.79,78.120003,28,,0,1.560168,1
93,342,FLDAGOLD,1110000518,FLORIDAGOLD PREM SEL,64 OZ,2.6300001,13.15,5,B,1,1.760259,1
93,317,FLDAGOLD,1110000518,FLORIDAGOLD PREM SEL,64 OZ,2.99,14.95,5,,0,1.587092,1
93,285,FLDAGOLD,1110000518,FLORIDAGOLD PREM SEL,64 OZ,2.1199999,38.16,18,,0,1.557564,1
93,295,FLDAGOLD,1110000518,FLORIDAGOLD PREM SEL,64 OZ,2.8199999,73.32,26,,0,1.469502,1
93,297,FLDAGOLD,1110000518,FLORIDAGOLD PREM SEL,64 OZ,2.99,20.93,7,,0,1.055769,1
93,306,FLDAGOLD,1110000518,FLORIDAGOLD PREM SEL,64 OZ,2.99,41.860001,14,,0,1.4725749,1
93,320,FLDAGOLD,1110000518,FLORIDAGOLD PREM SEL,64 OZ,2.99,17.940001,6,,0,1.350583,1
93,326,FLDAGOLD,1110000518,FLORIDAGOLD PREM SEL,64 OZ,2.99,11.96,4,,0,1.909115,1
93,328,FLDAGOLD,1110000518,FLORIDAGOLD PREM SEL,64 OZ,2.99,5.98,2,,0,1.496196,1
93,332,FLDAGOLD,1110000518,FLORIDAGOLD PREM SEL,64 OZ,2.99,2.99,1,,0,1.475266,1
93,347,FLDAGOLD,1110000518,FLORIDAGOLD PREM SEL,64 OZ,0.99000001,193.05,195,,0,1.759923,1
93,354,FLDAGOLD,1110000518,FLORIDAGOLD PREM SEL,64 OZ,1.99,569.14001,286,S,1,1.6461281,1
93,359,FLDAGOLD,1110000518,FLORIDAGOLD PREM SEL,64 OZ,2.99,11.96,4,,0,1.463306,1
93,361,FLDAGOLD,1110000518,FLORIDAGOLD PREM SEL,64 OZ,2.99,2.99,1,,0,1.460017,1
93,363,FLDAGOLD,1110000518,FLORIDAGOLD PREM SEL,64 OZ,2,124,62,B,1,1.697,1
93,369,FLDAGOLD,1110000518,FLORIDAGOLD PREM SEL,64 OZ,2.99,14.95,5,,0,2.000011,1
93,380,FLDAGOLD,1110000518,FLORIDAGOLD PREM SEL,64 OZ,3.05,18.299999,6,,0,1.95322,1
93,388,FLDAGOLD,1110000518,FLORIDAGOLD PREM SEL,64 OZ,3.05,24.4,8,,0,2.09901,1
93,389,FLDAGOLD,1110000518,FLORIDAGOLD PREM SEL,64 OZ,3.05,27.450001,9,,0,2.09901,1
93,396,FLDAGOLD,1110000518,FLORIDAGOLD PREM SEL,64 OZ,3.05,30.5,10,,0,1.8239,1
93,397,FLDAGOLD,1110000518,FLORIDAGOLD PREM SEL,64 OZ,2.26,24.860001,11,B,1,1.7040401,1
93,399,FLDAGOLD,1110000518,FLORIDAGOLD PREM SEL,64 OZ,2.6800001,18.76,7,B,1,2.0989759,1
93,358,FLDAGOLD,1110000518,FLORIDAGOLD PREM SEL,64 OZ,2.99,41.860001,14,,0,1.4725749,1
93,333,FLDAGOLD,1110000518,FLORIDAGOLD PREM SEL,64 OZ,2.8900001,17.34,6,,0,1.6473,1
111,287,FLDAGOLD,1110000518,FLORIDAGOLD PREM SEL,64 OZ,1.99,45.77,23,B,1,1.56016,1
111,356,FLDAGOLD,1110000518,FLORIDAGOLD PREM SEL,64 OZ,0.99000001,707.84998,715,B,1,1.939113,1
111,320,FLDAGOLD,1110000518,FLORIDAGOLD PREM SEL,64 OZ,2.99,8.9700003,3,,0,1.350583,1
111,315,FLDAGOLD,1110000518,FLORIDAGOLD PREM SEL,64 OZ,2.5,20,8,S,1,1.46,1
111,295,FLDAGOLD,1110000518,FLORIDAGOLD PREM SEL,64 OZ,2.9200001,8.7600002,3,,0,1.464672,1
111,310,FLDAGOLD,1110000518,FLORIDAGOLD PREM SEL,64 OZ,1.42,1253.86,883,S,1,1.458056,1
111,364,FLDAGOLD,1110000518,FLORIDAGOLD PREM SEL,64 OZ,2.0599999,28.84,14,B,1,1.88078,1
111,306,FLDAGOLD,1110000518,FLORIDAGOLD PREM SEL,64 OZ,2.99,29.9,10,,0,1.4881231,1
111,361,FLDAGOLD,1110000518,FLORIDAGOLD PREM SEL,64 OZ,2.99,38.869999,13,,0,1.460017,1
72,308,FLDAGOLD,1110000518,FLORIDAGOLD PREM SEL,64 OZ,2.99,20.93,7,,0,1.460017,1
72,278,FLDAGOLD,1110000518,FLORIDAGOLD PREM SEL,64 OZ,1.84,12.88,7,,0,1.391776,1
72,279,FLDAGOLD,1110000518,FLORIDAGOLD PREM SEL,64 OZ,1.6900001,70.980003,42,B,1,1.560039,1
72,287,FLDAGOLD,1110000518,FLORIDAGOLD PREM SEL,64 OZ,1.99,193.03,97,B,1,1.56016,1
72,291,FLDAGOLD,1110000518,FLORIDAGOLD PREM SEL,64 OZ,2.79,83.699997,30,,0,1.560168,1
72,295,FLDAGOLD,1110000518,FLORIDAGOLD PREM SEL,64 OZ,2.8399999,71,25,,0,1.4699841,1
72,311,FLDAGOLD,1110000518,FLORIDAGOLD PREM SEL,64 OZ,1.84,20.24,11,,0,1.4536,1
72,317,FLDAGOLD,1110000518,FLORIDAGOLD PREM SEL,64 OZ,2.99,11.96,4,,0,1.587092,1
72,319,FLDAGOLD,1110000518,FLORIDAGOLD PREM SEL,64 OZ,2.1199999,86.919998,41,,0,1.584064,1
72,328,FLDAGOLD,1110000518,FLORIDAGOLD PREM SEL,64 OZ,2.99,11.96,4,,0,1.499186,1
72,342,FLDAGOLD,1110000518,FLORIDAGOLD PREM SEL,64 OZ,2.5999999,28.6,11,B,1,1.75448,1
72,344,FLDAGOLD,1110000518,FLORIDAGOLD PREM SEL,64 OZ,2.3,92,40,B,1,1.7562799,1
72,350,FLDAGOLD,1110000518,FLORIDAGOLD PREM SEL,64 OZ,1.96,60.759998,31,B,1,1.6279759,1
72,357,FLDAGOLD,1110000518,FLORIDAGOLD PREM SEL,64 OZ,2.97,190.08,64,,0,1.944162,1
72,367,FLDAGOLD,1110000518,FLORIDAGOLD PREM SEL,64 OZ,2.6099999,5.2199998,2,B,1,1.666224,1
72,305,FLDAGOLD,1110000518,FLORIDAGOLD PREM SEL,64 OZ,2.6900001,185.61,69,B,1,1.57903,1
72,374,FLDAGOLD,1110000518,FLORIDAGOLD PREM SEL,64 OZ,2.99,23.92,8,,0,1.561079,1
72,377,FLDAGOLD,1110000518,FLORIDAGOLD PREM SEL,64 OZ,2.9300001,38.09,13,,0,1.671858,1
72,387,FLDAGOLD,1110000518,FLORIDAGOLD PREM SEL,64 OZ,3.05,12.2,4,,0,2.09901,1
72,396,FLDAGOLD,1110000518,FLORIDAGOLD PREM SEL,64 OZ,3.05,6.0999999,2,,0,1.852265,1
72,312,FLDAGOLD,1110000518,FLORIDAGOLD PREM SEL,64 OZ,2.99,20.93,7,,0,1.460017,1
72,375,FLDAGOLD,1110000518,FLORIDAGOLD PREM SEL,64 OZ,2.99,20.93,7,,0,1.9895459,1
72,343,FLDAGOLD,1110000518,FLORIDAGOLD PREM SEL,64 OZ,2.3900001,86.040001,36,B,1,1.760235,1
72,302,FLDAGOLD,1110000518,FLORIDAGOLD PREM SEL,64 OZ,1.9400001,240.56,124,B,1,1.749492,1
72,309,FLDAGOLD,1110000518,FLORIDAGOLD PREM SEL,64 OZ,2.99,47.84,16,,0,1.460017,1
72,378,FLDAGOLD,1110000518,FLORIDAGOLD PREM SEL,64 OZ,3.05,18.299999,6,,0,2.10023,1
72,294,FLDAGOLD,1110000518,FLORIDAGOLD PREM SEL,64 OZ,2.3,220.8,96,B,1,1.39748,1
72,325,FLDAGOLD,1110000518,FLORIDAGOLD PREM SEL,64 OZ,2.99,23.92,8,,0,1.909115,1
72,386,FLDAGOLD,1110000518,FLORIDAGOLD PREM SEL,64 OZ,3.05,18.299999,6,,0,2.09901,1
