Discrete Choice Model For Product Demand And Price Sensitivity Estimation/catsales_RefrigOJ_2017Semester_sample.csv
store,week,unibranddff,upc,descripdff,size,reprice,resales,move,sale,prom,whprice,qty
33,280,FLDAGOLD,1110000518,FLORIDAGOLD PREM SEL,64 OZ,2.79,16.74,6,,0,1.332225,1
33,319,FLDAGOLD,1110000518,FLORIDAGOLD PREM SEL,64 OZ,0.99000001,31.68,32,,0,1.58697,1
33,283,FLDAGOLD,1110000518,FLORIDAGOLD PREM SEL,64 OZ,1.92,53.759998,28,B,1,1.555392,1
33,361,FLDAGOLD,1110000518,FLORIDAGOLD PREM SEL,64 OZ,2.99,20.93,7,,0,1.460017,1
33,381,FLDAGOLD,1110000518,FLORIDAGOLD PREM SEL,64 OZ,3.05,39.650002,13,,0,1.92821,1
33,336,FLDAGOLD,1110000518,FLORIDAGOLD PREM SEL,64 OZ,2.99,38.869999,13,,0,1.760213,1
33,346,FLDAGOLD,1110000518,FLORIDAGOLD PREM SEL,64 OZ,1.99,15.92,8,S,1,1.760155,1
33,300,FLDAGOLD,1110000518,FLORIDAGOLD PREM SEL,64 OZ,2.27,15.89,7,,0,1.748808,1
33,288,FLDAGOLD,1110000518,FLORIDAGOLD PREM SEL,64 OZ,2.05,133.25,65,B,1,1.559025,1
33,397,FLDAGOLD,1110000518,FLORIDAGOLD PREM SEL,64 OZ,2.3099999,16.17,7,B,1,1.708014,1
33,377,FLDAGOLD,1110000518,FLORIDAGOLD PREM SEL,64 OZ,2.99,2.99,1,,0,1.500083,1
33,360,FLDAGOLD,1110000518,FLORIDAGOLD PREM SEL,64 OZ,2.99,17.940001,6,,0,1.460017,1
33,357,FLDAGOLD,1110000518,FLORIDAGOLD PREM SEL,64 OZ,2.99,26.91,9,,0,1.949181,1
33,356,FLDAGOLD,1110000518,FLORIDAGOLD PREM SEL,64 OZ,2.1900001,35.040001,16,B,1,1.9491,1
33,355,FLDAGOLD,1110000518,FLORIDAGOLD PREM SEL,64 OZ,2.3399999,21.059999,9,B,1,1.744938,1
33,354,FLDAGOLD,1110000518,FLORIDAGOLD PREM SEL,64 OZ,1.99,879.58002,442,S,1,1.6491131,1
33,338,FLDAGOLD,1110000518,FLORIDAGOLD PREM SEL,64 OZ,2.99,11.96,4,,0,1.760213,1
33,326,FLDAGOLD,1110000518,FLORIDAGOLD PREM SEL,64 OZ,2.99,14.95,5,,0,1.909115,1
33,311,FLDAGOLD,1110000518,FLORIDAGOLD PREM SEL,64 OZ,2.25,72,32,,0,1.45755,1
33,310,FLDAGOLD,1110000518,FLORIDAGOLD PREM SEL,64 OZ,1.42,1495.26,1053,S,1,1.459902,1
33,309,FLDAGOLD,1110000518,FLORIDAGOLD PREM SEL,64 OZ,2.99,20.93,7,,0,1.460017,1
33,302,FLDAGOLD,1110000518,FLORIDAGOLD PREM SEL,64 OZ,1.96,194.03999,99,B,1,1.747928,1
33,292,FLDAGOLD,1110000518,FLORIDAGOLD PREM SEL,64 OZ,2.49,59.759998,24,,0,1.461381,1
33,290,FLDAGOLD,1110000518,FLORIDAGOLD PREM SEL,64 OZ,2.1600001,88.559998,41,B,1,1.50012,1
33,282,FLDAGOLD,1110000518,FLORIDAGOLD PREM SEL,64 OZ,1.75,140,80,,0,1.5183001,1
12,317,FLDAGOLD,1110000518,FLORIDAGOLD PREM SEL,64 OZ,2.99,23.92,8,,0,1.587092,1
12,313,FLDAGOLD,1110000518,FLORIDAGOLD PREM SEL,64 OZ,2.99,35.880001,12,,0,1.460017,1
12,295,FLDAGOLD,1110000518,FLORIDAGOLD PREM SEL,64 OZ,2.8399999,34.080002,12,,0,1.472824,1
12,362,FLDAGOLD,1110000518,FLORIDAGOLD PREM SEL,64 OZ,2.99,2.99,1,,0,1.600248,1
12,305,FLDAGOLD,1110000518,FLORIDAGOLD PREM SEL,64 OZ,2.74,49.32,18,B,1,1.584268,1
12,290,FLDAGOLD,1110000518,FLORIDAGOLD PREM SEL,64 OZ,2.1099999,82.290001,39,B,1,1.496412,1
12,368,FLDAGOLD,1110000518,FLORIDAGOLD PREM SEL,64 OZ,2.76,27.6,10,B,1,1.788756,1
12,302,FLDAGOLD,1110000518,FLORIDAGOLD PREM SEL,64 OZ,1.92,23.040001,12,B,1,1.75008,1
12,379,FLDAGOLD,1110000518,FLORIDAGOLD PREM SEL,64 OZ,3.05,30.5,10,,0,2.04228,1
12,382,FLDAGOLD,1110000518,FLORIDAGOLD PREM SEL,64 OZ,3.05,33.549999,11,,0,1.92821,1
12,358,FLDAGOLD,1110000518,FLORIDAGOLD PREM SEL,64 OZ,2.99,56.810001,19,,0,1.470482,1
12,291,FLDAGOLD,1110000518,FLORIDAGOLD PREM SEL,64 OZ,2.79,86.489998,31,,0,1.560168,1
12,298,FLDAGOLD,1110000518,FLORIDAGOLD PREM SEL,64 OZ,1.5,2283,1522,,0,0.972,1
12,303,FLDAGOLD,1110000518,FLORIDAGOLD PREM SEL,64 OZ,1.89,17.01,9,B,1,1.696842,1
12,306,FLDAGOLD,1110000518,FLORIDAGOLD PREM SEL,64 OZ,2.99,56.810001,19,,0,1.470482,1
12,325,FLDAGOLD,1110000518,FLORIDAGOLD PREM SEL,64 OZ,2.99,35.880001,12,,0,1.909115,1
112,324,FLDAGOLD,1110000518,FLORIDAGOLD PREM SEL,64 OZ,2.8499999,2.8499999,1,,0,1.909215,1
112,290,FLDAGOLD,1110000518,FLORIDAGOLD PREM SEL,64 OZ,2.0899999,58.52,28,B,1,1.5135781,1
112,350,FLDAGOLD,1110000518,FLORIDAGOLD PREM SEL,64 OZ,2.52,65.519997,26,B,1,1.6752959,1
112,363,FLDAGOLD,1110000518,FLORIDAGOLD PREM SEL,64 OZ,1.99,167.16,84,B,1,1.6974699,1
112,393,FLDAGOLD,1110000518,FLORIDAGOLD PREM SEL,64 OZ,2.8900001,34.68,12,,0,2.0750201,1
112,373,FLDAGOLD,1110000518,FLORIDAGOLD PREM SEL,64 OZ,2.8499999,22.799999,8,,0,1.58118,1
112,349,FLDAGOLD,1110000518,FLORIDAGOLD PREM SEL,64 OZ,1.45,1845.85,1273,G,1,1.598045,1
112,282,FLDAGOLD,1110000518,FLORIDAGOLD PREM SEL,64 OZ,1.85,22.200001,12,,0,1.3462451,1
112,387,FLDAGOLD,1110000518,FLORIDAGOLD PREM SEL,64 OZ,2.8900001,26.01,9,,0,2.0990069,1
112,292,FLDAGOLD,1110000518,FLORIDAGOLD PREM SEL,64 OZ,2.5,75,30,,0,1.483,1
112,307,FLDAGOLD,1110000518,FLORIDAGOLD PREM SEL,64 OZ,2.8499999,22.799999,8,,0,1.46319,1
112,336,FLDAGOLD,1110000518,FLORIDAGOLD PREM SEL,64 OZ,2.8499999,79.800003,28,,0,1.76016,1
112,303,FLDAGOLD,1110000518,FLORIDAGOLD PREM SEL,64 OZ,1.89,111.51,59,B,1,1.681533,1
112,395,FLDAGOLD,1110000518,FLORIDAGOLD PREM SEL,64 OZ,2.8900001,8.6700001,3,,0,1.9941,1
112,278,FLDAGOLD,1110000518,FLORIDAGOLD PREM SEL,64 OZ,1.85,22.200001,12,,0,1.3462451,1
112,325,FLDAGOLD,1110000518,FLORIDAGOLD PREM SEL,64 OZ,2.8499999,19.950001,7,,0,1.909215,1
112,304,FLDAGOLD,1110000518,FLORIDAGOLD PREM SEL,64 OZ,2.6500001,119.25,45,B,1,1.58152,1
86,313,FLDAGOLD,1110000518,FLORIDAGOLD PREM SEL,64 OZ,2.8499999,25.65,9,,0,1.460055,1
86,351,FLDAGOLD,1110000518,FLORIDAGOLD PREM SEL,64 OZ,2.5,45,18,B,1,1.949,1
86,281,FLDAGOLD,1110000518,FLORIDAGOLD PREM SEL,64 OZ,2.6900001,67.25,25,,0,1.332088,1
86,288,FLDAGOLD,1110000518,FLORIDAGOLD PREM SEL,64 OZ,2.05,161.95,79,B,1,1.558615,1
86,300,FLDAGOLD,1110000518,FLORIDAGOLD PREM SEL,64 OZ,2.25,36,16,,0,1.746225,1
86,397,FLDAGOLD,1110000518,FLORIDAGOLD PREM SEL,64 OZ,3.05,30.5,10,,0,1.710135,1
86,301,FLDAGOLD,1110000518,FLORIDAGOLD PREM SEL,64 OZ,1.99,276.60999,139,B,1,1.75319,1
86,383,FLDAGOLD,1110000518,FLORIDAGOLD PREM SEL,64 OZ,3.05,9.1499996,3,,0,1.92821,1
86,362,FLDAGOLD,1110000518,FLORIDAGOLD PREM SEL,64 OZ,2.8499999,17.1,6,,0,1.833405,1
86,327,FLDAGOLD,1110000518,FLORIDAGOLD PREM SEL,64 OZ,2.8499999,28.5,10,,0,1.909215,1
86,328,FLDAGOLD,1110000518,FLORIDAGOLD PREM SEL,64 OZ,2.8499999,8.5500002,3,,0,1.498245,1
86,331,FLDAGOLD,1110000518,FLORIDAGOLD PREM SEL,64 OZ,2.8499999,39.900002,14,,0,1.47516,1
86,335,FLDAGOLD,1110000518,FLORIDAGOLD PREM SEL,64 OZ,1.92,65.279999,34,,0,1.149696,1
86,337,FLDAGOLD,1110000518,FLORIDAGOLD PREM SEL,64 OZ,2.8499999,25.65,9,,0,1.76016,1
86,338,FLDAGOLD,1110000518,FLORIDAGOLD PREM SEL,64 OZ,2.53,48.07,19,,0,1.757844,1
86,350,FLDAGOLD,1110000518,FLORIDAGOLD PREM SEL,64 OZ,2.3199999,27.84,12,B,1,1.80264,1
86,341,FLDAGOLD,1110000518,FLORIDAGOLD PREM SEL,64 OZ,2.23,62.439999,28,,0,1.5266581,1
86,363,FLDAGOLD,1110000518,FLORIDAGOLD PREM SEL,64 OZ,1.99,264.67001,133,B,1,1.724136,1
86,334,FLDAGOLD,1110000518,FLORIDAGOLD PREM SEL,64 OZ,1.4400001,1552.3199,1078,G,1,1.041984,1
86,299,FLDAGOLD,1110000518,FLORIDAGOLD PREM SEL,64 OZ,2.3699999,73.470001,31,S,1,1.098495,1
86,293,FLDAGOLD,1110000518,FLORIDAGOLD PREM SEL,64 OZ,2.29,107.63,47,B,1,1.3991899,1
134,315,FLDAGOLD,1110000518,FLORIDAGOLD PREM SEL,64 OZ,2.5,105,42,S,1,1.46,1
134,382,FLDAGOLD,1110000518,FLORIDAGOLD PREM SEL,64 OZ,2.8900001,2.8900001,1,,0,1.928208,1
134,327,FLDAGOLD,1110000518,FLORIDAGOLD PREM SEL,64 OZ,2.8499999,2.8499999,1,,0,1.909215,1
134,355,FLDAGOLD,1110000518,FLORIDAGOLD PREM SEL,64 OZ,2.05,6.1500001,3,B,1,1.64369,1
134,317,FLDAGOLD,1110000518,FLORIDAGOLD PREM SEL,64 OZ,2.8499999,8.5500002,3,,0,1.587165,1
134,282,FLDAGOLD,1110000518,FLORIDAGOLD PREM SEL,64 OZ,1.6900001,15.21,9,B,1,1.408108,1
134,319,FLDAGOLD,1110000518,FLORIDAGOLD PREM SEL,64 OZ,2.8499999,5.6999998,2,,0,1.587165,1
134,292,FLDAGOLD,1110000518,FLORIDAGOLD PREM SEL,64 OZ,2.55,30.6,12,,0,1.50246,1
134,387,FLDAGOLD,1110000518,FLORIDAGOLD PREM SEL,64 OZ,2.8900001,8.6700001,3,,0,2.0990069,1
134,307,FLDAGOLD,1110000518,FLORIDAGOLD PREM SEL,64 OZ,2.8499999,5.6999998,2,,0,1.464045,1
134,278,FLDAGOLD,1110000518,FLORIDAGOLD PREM SEL,64 OZ,1.6900001,15.21,9,B,1,1.408108,1
134,398,FLDAGOLD,1110000518,FLORIDAGOLD PREM SEL,64 OZ,2.1900001,2.1900001,1,B,1,1.710171,1
134,389,FLDAGOLD,1110000518,FLORIDAGOLD PREM SEL,64 OZ,2.8900001,2.8900001,1,,0,2.0990069,1
134,375,FLDAGOLD,1110000518,FLORIDAGOLD PREM SEL,64 OZ,2.8499999,17.1,6,,0,1.879005,1
134,356,FLDAGOLD,1110000518,FLORIDAGOLD PREM SEL,64 OZ,2.1900001,61.32,28,B,1,1.9491,1
134,349,FLDAGOLD,1110000518,FLORIDAGOLD PREM SEL,64 OZ,1.4400001,1503.36,1044,G,1,1.58832,1
134,348,FLDAGOLD,1110000518,FLORIDAGOLD PREM SEL,64 OZ,1.76,79.199997,45,,0,1.754016,1
134,346,FLDAGOLD,1110000518,FLORIDAGOLD PREM SEL,64 OZ,1.99,31.84,16,S,1,1.760155,1
134,336,FLDAGOLD,1110000518,FLORIDAGOLD PREM SEL,64 OZ,1.9,28.5,15,,0,1.76016,1
134,333,FLDAGOLD,1110000518,FLORIDAGOLD PREM SEL,64 OZ,2.8499999,2.8499999,1,,0,1.47516,1
134,311,FLDAGOLD,1110000518,FLORIDAGOLD PREM SEL,64 OZ,2.8499999,5.6999998,2,,0,1.460055,1
134,308,FLDAGOLD,1110000518,FLORIDAGOLD PREM SEL,64 OZ,2.8499999,5.6999998,2,,0,1.460055,1
134,304,FLDAGOLD,1110000518,FLORIDAGOLD PREM SEL,64 OZ,2.6600001,71.82,27,B,1,1.58403,1
134,298,FLDAGOLD,1110000518,FLORIDAGOLD PREM SEL,64 OZ,1.5,993,662,S,1,0.97259998,1
134,290,FLDAGOLD,1110000518,FLORIDAGOLD PREM SEL,64 OZ,2.0599999,41.200001,20,B,1,1.500092,1
134,288,FLDAGOLD,1110000518,FLORIDAGOLD PREM SEL,64 OZ,1.99,59.700001,30,B,1,1.56016,1
134,285,FLDAGOLD,1110000518,FLORIDAGOLD PREM SEL,64 OZ,2.1500001,64.5,30,,0,1.557675,1
129,362,FLDAGOLD,1110000518,FLORIDAGOLD PREM SEL,64 OZ,2.8499999,25.65,9,,0,1.794645,1
129,289,FLDAGOLD,1110000518,FLORIDAGOLD PREM SEL,64 OZ,1.99,43.779999,22,B,1,1.52832,1
129,347,FLDAGOLD,1110000518,FLORIDAGOLD PREM SEL,64 OZ,1.89,240.03,127,,0,1.760157,1
129,353,FLDAGOLD,1110000518,FLORIDAGOLD PREM SEL,64 OZ,2.7,32.400002,12,B,1,1.77147,1
129,381,FLDAGOLD,1110000518,FLORIDAGOLD PREM SEL,64 OZ,2.8900001,31.790001,11,,0,1.928208,1
129,395,FLDAGOLD,1110000518,FLORIDAGOLD PREM SEL,64 OZ,2.8900001,5.7800002,2,,0,1.9941,1
129,331,FLDAGOLD,1110000518,FLORIDAGOLD PREM SEL,64 OZ,2.8499999,25.65,9,,0,1.47516,1
129,394,FLDAGOLD,1110000518,FLORIDAGOLD PREM SEL,64 OZ,2.8900001,28.9,10,,0,2.085135,1
129,364,FLDAGOLD,1110000518,FLORIDAGOLD PREM SEL,64 OZ,1.99,5.9699998,3,B,1,1.8487099,1
129,333,FLDAGOLD,1110000518,FLORIDAGOLD PREM SEL,64 OZ,2.8499999,34.200001,12,,0,1.584885,1
129,319,FLDAGOLD,1110000518,FLORIDAGOLD PREM SEL,64 OZ,2.8499999,19.950001,7,,0,1.587165,1
129,387,FLDAGOLD,1110000518,FLORIDAGOLD PREM SEL,64 OZ,2.8900001,8.6700001,3,,0,2.0990069,1
129,377,FLDAGOLD,1110000518,FLORIDAGOLD PREM SEL,64 OZ,2.8699999,5.7399998,2,,0,1.725157,1
129,393,FLDAGOLD,1110000518,FLORIDAGOLD PREM SEL,64 OZ,2.8900001,28.9,10,,0,2.085135,1
129,376,FLDAGOLD,1110000518,FLORIDAGOLD PREM SEL,64 OZ,2,1592,796,S,1,1.7503999,1
129,351,FLDAGOLD,1110000518,FLORIDAGOLD PREM SEL,64 OZ,2.5,45,18,B,1,1.949,1
129,342,FLDAGOLD,1110000518,FLORIDAGOLD PREM SEL,64 OZ,2.7,35.099998,13,B,1,1.75473,1
129,339,FLDAGOLD,1110000518,FLORIDAGOLD PREM SEL,64 OZ,2.8499999,48.450001,17,,0,1.66611,1
129,337,FLDAGOLD,1110000518,FLORIDAGOLD PREM SEL,64 OZ,2.8499999,28.5,10,,0,1.76016,1
101,384,FLDAGOLD,1110000518,FLORIDAGOLD PREM SEL,64 OZ,2.8900001,28.9,10,,0,2.0990069,1
101,296,FLDAGOLD,1110000518,FLORIDAGOLD PREM SEL,64 OZ,2.8499999,25.65,9,,0,1.460055,1
101,329,FLDAGOLD,1110000518,FLORIDAGOLD PREM SEL,64 OZ,2.8499999,5.6999998,2,,0,1.47516,1
101,378,FLDAGOLD,1110000518,FLORIDAGOLD PREM SEL,64 OZ,2.8900001,34.68,12,,0,2.025023,1
101,365,FLDAGOLD,1110000518,FLORIDAGOLD PREM SEL,64 OZ,2.79,16.74,6,B,1,2.0796659,1
101,380,FLDAGOLD,1110000518,FLORIDAGOLD PREM SEL,64 OZ,2.8900001,17.34,6,,0,1.9530621,1
101,393,FLDAGOLD,1110000518,FLORIDAGOLD PREM SEL,64 OZ,2.8900001,34.68,12,,0,2.000169,1
101,300,FLDAGOLD,1110000518,FLORIDAGOLD PREM SEL,64 OZ,2.22,39.959999,18,,0,1.74603,1
101,376,FLDAGOLD,1110000518,FLORIDAGOLD PREM SEL,64 OZ,2,996,498,S,1,1.757,1
101,398,FLDAGOLD,1110000518,FLORIDAGOLD PREM SEL,64 OZ,2.1900001,4.3800001,2,,0,1.905081,1
101,343,FLDAGOLD,1110000518,FLORIDAGOLD PREM SEL,64 OZ,2.3900001,33.459999,14,B,1,1.760235,1
101,359,FLDAGOLD,1110000518,FLORIDAGOLD PREM SEL,64 OZ,2.8499999,22.799999,8,,0,1.46319,1
101,372,FLDAGOLD,1110000518,FLORIDAGOLD PREM SEL,64 OZ,2.8499999,5.6999998,2,,0,2.1001649,1
101,279,FLDAGOLD,1110000518,FLORIDAGOLD PREM SEL,64 OZ,1.4299999,127.27,89,B,1,1.552122,1
101,295,FLDAGOLD,1110000518,FLORIDAGOLD PREM SEL,64 OZ,2.75,44,16,,0,1.472075,1
101,285,FLDAGOLD,1110000518,FLORIDAGOLD PREM SEL,64 OZ,2.1500001,90.300003,42,,0,1.55531,1
101,318,FLDAGOLD,1110000518,FLORIDAGOLD PREM SEL,64 OZ,0.99000001,36.630001,37,,0,1.58697,1
101,373,FLDAGOLD,1110000518,FLORIDAGOLD PREM SEL,64 OZ,2.8499999,31.35,11,,0,1.6732351,1
101,388,FLDAGOLD,1110000518,FLORIDAGOLD PREM SEL,64 OZ,2.8900001,14.45,5,,0,2.0990069,1
14,386,FLDAGOLD,1110000518,FLORIDAGOLD PREM SEL,64 OZ,3.05,12.2,4,,0,2.09901,1
14,293,FLDAGOLD,1110000518,FLORIDAGOLD PREM SEL,64 OZ,2.26,178.53999,79,B,1,1.398488,1
14,330,FLDAGOLD,1110000518,FLORIDAGOLD PREM SEL,64 OZ,2.99,8.9700003,3,,0,1.475266,1
14,278,FLDAGOLD,1110000518,FLORIDAGOLD PREM SEL,64 OZ,1.76,156.64,89,,0,1.4465441,1
14,286,FLDAGOLD,1110000518,FLORIDAGOLD PREM SEL,64 OZ,1.99,254.72,128,B,1,1.56016,1
14,388,FLDAGOLD,1110000518,FLORIDAGOLD PREM SEL,64 OZ,3.05,15.25,5,,0,2.09901,1
14,277,FLDAGOLD,1110000518,FLORIDAGOLD PREM SEL,64 OZ,2.05,131.2,64,B,1,1.478665,1
14,355,FLDAGOLD,1110000518,FLORIDAGOLD PREM SEL,64 OZ,2.1400001,29.959999,14,B,1,1.750306,1
14,292,FLDAGOLD,1110000518,FLORIDAGOLD PREM SEL,64 OZ,2.49,77.190002,31,,0,1.460883,1
14,328,FLDAGOLD,1110000518,FLORIDAGOLD PREM SEL,64 OZ,2.99,8.9700003,3,,0,1.633736,1
14,284,FLDAGOLD,1110000518,FLORIDAGOLD PREM SEL,64 OZ,2.79,44.639999,16,,0,1.560168,1
14,354,FLDAGOLD,1110000518,FLORIDAGOLD PREM SEL,64 OZ,1.99,1016.89,511,S,1,1.645929,1
14,312,FLDAGOLD,1110000518,FLORIDAGOLD PREM SEL,64 OZ,2.99,20.93,7,,0,1.460017,1
14,336,FLDAGOLD,1110000518,FLORIDAGOLD PREM SEL,64 OZ,2.99,47.84,16,,0,1.760213,1
14,392,FLDAGOLD,1110000518,FLORIDAGOLD PREM SEL,64 OZ,1.99,27.860001,14,,0,2.099052,1
14,334,FLDAGOLD,1110000518,FLORIDAGOLD PREM SEL,64 OZ,1.4299999,1481.48,1036,B,1,1.040468,1
14,382,FLDAGOLD,1110000518,FLORIDAGOLD PREM SEL,64 OZ,2.04,193.8,95,,0,1.926576,1
14,379,FLDAGOLD,1110000518,FLORIDAGOLD PREM SEL,64 OZ,2.99,20.93,7,,0,2.0595119,1
128,354,FLDAGOLD,1110000518,FLORIDAGOLD PREM SEL,64 OZ,1.99,2007.91,1009,S,1,1.648317,1
128,335,FLDAGOLD,1110000518,FLORIDAGOLD PREM SEL,64 OZ,2.5899999,186.48,72,B,1,1.354829,1
128,309,FLDAGOLD,1110000518,FLORIDAGOLD PREM SEL,64 OZ,2.99,29.9,10,,0,1.460017,1
128,307,FLDAGOLD,1110000518,FLORIDAGOLD PREM SEL,64 OZ,2.99,11.96,4,,0,1.464203,1
128,333,FLDAGOLD,1110000518,FLORIDAGOLD PREM SEL,64 OZ,2.8599999,22.879999,8,B,1,1.668524,1
128,377,FLDAGOLD,1110000518,FLORIDAGOLD PREM SEL,64 OZ,2.46,31.98,13,,0,1.599984,1
128,296,FLDAGOLD,1110000518,FLORIDAGOLD PREM SEL,64 OZ,2.99,56.810001,19,,0,1.460017,1
128,326,FLDAGOLD,1110000518,FLORIDAGOLD PREM SEL,64 OZ,2.99,35.880001,12,,0,1.909115,1
128,304,FLDAGOLD,1110000518,FLORIDAGOLD PREM SEL,64 OZ,2.6500001,166.95,63,B,1,1.58311,1
128,289,FLDAGOLD,1110000518,FLORIDAGOLD PREM SEL,64 OZ,1.99,246.75999,124,B,1,1.522151,1
128,290,FLDAGOLD,1110000518,FLORIDAGOLD PREM SEL,64 OZ,2.27,31.780001,14,B,1,1.513409,1
128,343,FLDAGOLD,1110000518,FLORIDAGOLD PREM SEL,64 OZ,2.3900001,90.82,38,B,1,1.760235,1
128,388,FLDAGOLD,1110000518,FLORIDAGOLD PREM SEL,64 OZ,3.05,3.05,1,,0,2.09901,1
116,327,FLDAGOLD,1110000518,FLORIDAGOLD PREM SEL,64 OZ,2.8499999,19.950001,7,,0,1.909215,1
116,286,FLDAGOLD,1110000518,FLORIDAGOLD PREM SEL,64 OZ,1.99,65.669998,33,B,1,1.56016,1
116,315,FLDAGOLD,1110000518,FLORIDAGOLD PREM SEL,64 OZ,2.5,27.5,11,S,1,1.46,1
116,312,FLDAGOLD,1110000518,FLORIDAGOLD PREM SEL,64 OZ,2.8499999,14.25,5,,0,1.460055,1
116,337,FLDAGOLD,1110000518,FLORIDAGOLD PREM SEL,64 OZ,2.8499999,22.799999,8,,0,1.76016,1
116,279,FLDAGOLD,1110000518,FLORIDAGOLD PREM SEL,64 OZ,1.85,22.200001,12,B,1,1.5545551,1
116,376,FLDAGOLD,1110000518,FLORIDAGOLD PREM SEL,64 OZ,2,666,333,S,1,1.8106,1
116,331,FLDAGOLD,1110000518,FLORIDAGOLD PREM SEL,64 OZ,2.8499999,19.950001,7,,0,1.47516,1
116,366,FLDAGOLD,1110000518,FLORIDAGOLD PREM SEL,64 OZ,2.6800001,10.72,4,B,1,1.944608,1
