Discrete Choice Model For Product Demand And Price Sensitivity Estimation/catsales_RefrigOJ_2017Semester_sample.csv
store,week,unibranddff,upc,descripdff,size,reprice,resales,move,sale,prom,whprice,qty
136,314,FLDAGOLD,1110000518,FLORIDAGOLD PREM SEL,64 OZ,2.8499999,162.45,57,,0,1.460055,1
136,388,FLDAGOLD,1110000518,FLORIDAGOLD PREM SEL,64 OZ,2.8900001,31.790001,11,,0,2.0990069,1
136,359,FLDAGOLD,1110000518,FLORIDAGOLD PREM SEL,64 OZ,2.8499999,28.5,10,,0,1.461195,1
136,297,FLDAGOLD,1110000518,FLORIDAGOLD PREM SEL,64 OZ,2.8499999,39.900002,14,,0,1.014315,1
136,292,FLDAGOLD,1110000518,FLORIDAGOLD PREM SEL,64 OZ,2.3399999,37.439999,16,,0,1.449396,1
136,346,FLDAGOLD,1110000518,FLORIDAGOLD PREM SEL,64 OZ,1.99,21.889999,11,S,1,1.760155,1
136,319,FLDAGOLD,1110000518,FLORIDAGOLD PREM SEL,64 OZ,2.8499999,19.950001,7,,0,1.587165,1
136,372,FLDAGOLD,1110000518,FLORIDAGOLD PREM SEL,64 OZ,2.8499999,17.1,6,,0,2.1001649,1
136,394,FLDAGOLD,1110000518,FLORIDAGOLD PREM SEL,64 OZ,2.8900001,5.7800002,2,,0,2.100163,1
136,389,FLDAGOLD,1110000518,FLORIDAGOLD PREM SEL,64 OZ,2.8900001,11.56,4,,0,2.0990069,1
136,381,FLDAGOLD,1110000518,FLORIDAGOLD PREM SEL,64 OZ,2.8900001,11.56,4,,0,1.928208,1
136,380,FLDAGOLD,1110000518,FLORIDAGOLD PREM SEL,64 OZ,2.8900001,5.7800002,2,,0,1.928208,1
136,373,FLDAGOLD,1110000518,FLORIDAGOLD PREM SEL,64 OZ,2.8499999,37.049999,13,,0,1.64331,1
136,360,FLDAGOLD,1110000518,FLORIDAGOLD PREM SEL,64 OZ,2.8499999,14.25,5,,0,1.460055,1
136,352,FLDAGOLD,1110000518,FLORIDAGOLD PREM SEL,64 OZ,2.5,15,6,B,1,1.949,1
136,325,FLDAGOLD,1110000518,FLORIDAGOLD PREM SEL,64 OZ,2.8499999,39.900002,14,,0,1.909215,1
136,303,FLDAGOLD,1110000518,FLORIDAGOLD PREM SEL,64 OZ,1.89,86.940002,46,B,1,1.679643,1
136,300,FLDAGOLD,1110000518,FLORIDAGOLD PREM SEL,64 OZ,2.1800001,28.34,13,,0,1.746398,1
136,299,FLDAGOLD,1110000518,FLORIDAGOLD PREM SEL,64 OZ,2.8499999,22.799999,8,,0,1.4606251,1
136,291,FLDAGOLD,1110000518,FLORIDAGOLD PREM SEL,64 OZ,2.3900001,88.43,37,,0,1.560192,1
136,289,FLDAGOLD,1110000518,FLORIDAGOLD PREM SEL,64 OZ,1.99,149.25,75,,0,1.505435,1
136,284,FLDAGOLD,1110000518,FLORIDAGOLD PREM SEL,64 OZ,2.3900001,59.75,25,,0,1.560192,1
136,278,FLDAGOLD,1110000518,FLORIDAGOLD PREM SEL,64 OZ,1.76,17.6,10,,0,1.377728,1
136,355,FLDAGOLD,1110000518,FLORIDAGOLD PREM SEL,64 OZ,2.28,52.439999,23,B,1,1.695864,1
68,307,FLDAGOLD,1110000518,FLORIDAGOLD PREM SEL,64 OZ,2.99,17.940001,6,,0,1.462708,1
68,287,FLDAGOLD,1110000518,FLORIDAGOLD PREM SEL,64 OZ,1.99,119.4,60,B,1,1.56016,1
68,395,FLDAGOLD,1110000518,FLORIDAGOLD PREM SEL,64 OZ,3.05,3.05,1,,0,1.99409,1
68,279,FLDAGOLD,1110000518,FLORIDAGOLD PREM SEL,64 OZ,2.24,67.199997,30,B,1,1.56016,1
68,374,FLDAGOLD,1110000518,FLORIDAGOLD PREM SEL,64 OZ,2.99,23.92,8,,0,1.561079,1
68,300,FLDAGOLD,1110000518,FLORIDAGOLD PREM SEL,64 OZ,2.3900001,47.799999,20,,0,1.753065,1
68,305,FLDAGOLD,1110000518,FLORIDAGOLD PREM SEL,64 OZ,2.74,43.84,16,B,1,1.5804321,1
68,311,FLDAGOLD,1110000518,FLORIDAGOLD PREM SEL,64 OZ,2.3399999,39.779999,17,,0,1.4578201,1
68,321,FLDAGOLD,1110000518,FLORIDAGOLD PREM SEL,64 OZ,1.26,11.34,9,B,1,0.87242401,1
68,333,FLDAGOLD,1110000518,FLORIDAGOLD PREM SEL,64 OZ,2.8599999,42.900002,15,B,1,1.674816,1
68,338,FLDAGOLD,1110000518,FLORIDAGOLD PREM SEL,64 OZ,2.99,23.92,8,,0,1.760213,1
68,339,FLDAGOLD,1110000518,FLORIDAGOLD PREM SEL,64 OZ,2.99,14.95,5,,0,1.680081,1
68,355,FLDAGOLD,1110000518,FLORIDAGOLD PREM SEL,64 OZ,2.1900001,146.73,67,B,1,1.722654,1
68,364,FLDAGOLD,1110000518,FLORIDAGOLD PREM SEL,64 OZ,2.74,30.139999,11,B,1,1.99472,1
68,375,FLDAGOLD,1110000518,FLORIDAGOLD PREM SEL,64 OZ,2.99,38.869999,13,,0,1.984762,1
68,377,FLDAGOLD,1110000518,FLORIDAGOLD PREM SEL,64 OZ,3.03,12.12,4,,0,1.8346649,1
68,394,FLDAGOLD,1110000518,FLORIDAGOLD PREM SEL,64 OZ,2.8800001,25.92,9,,0,2.028096,1
68,397,FLDAGOLD,1110000518,FLORIDAGOLD PREM SEL,64 OZ,2.3099999,16.17,7,B,1,1.708014,1
68,277,FLDAGOLD,1110000518,FLORIDAGOLD PREM SEL,64 OZ,2.29,18.32,8,B,1,1.470409,1
68,382,FLDAGOLD,1110000518,FLORIDAGOLD PREM SEL,64 OZ,3.05,9.1499996,3,,0,1.92821,1
68,294,FLDAGOLD,1110000518,FLORIDAGOLD PREM SEL,64 OZ,2.5999999,20.799999,8,B,1,1.42766,1
68,282,FLDAGOLD,1110000518,FLORIDAGOLD PREM SEL,64 OZ,1.6900001,30.42,18,B,1,1.484158,1
68,365,FLDAGOLD,1110000518,FLORIDAGOLD PREM SEL,64 OZ,2.8,28,10,,0,2.0820799,1
68,290,FLDAGOLD,1110000518,FLORIDAGOLD PREM SEL,64 OZ,2.0999999,73.5,35,B,1,1.4742,1
68,285,FLDAGOLD,1110000518,FLORIDAGOLD PREM SEL,64 OZ,2.3399999,42.119999,18,,0,1.556334,1
68,368,FLDAGOLD,1110000518,FLORIDAGOLD PREM SEL,64 OZ,2.71,18.969999,7,B,1,1.744698,1
119,374,FLDAGOLD,1110000518,FLORIDAGOLD PREM SEL,64 OZ,2.8499999,11.4,4,,0,1.5612299,1
119,293,FLDAGOLD,1110000518,FLORIDAGOLD PREM SEL,64 OZ,2.29,245.03,107,B,1,1.3991899,1
119,304,FLDAGOLD,1110000518,FLORIDAGOLD PREM SEL,64 OZ,2.6700001,109.47,41,B,1,1.5838439,1
119,289,FLDAGOLD,1110000518,FLORIDAGOLD PREM SEL,64 OZ,1.99,119.4,60,B,1,1.516778,1
119,286,FLDAGOLD,1110000518,FLORIDAGOLD PREM SEL,64 OZ,1.99,89.550003,45,B,1,1.56016,1
119,316,FLDAGOLD,1110000518,FLORIDAGOLD PREM SEL,64 OZ,2.8199999,45.119999,16,,0,1.574688,1
119,366,FLDAGOLD,1110000518,FLORIDAGOLD PREM SEL,64 OZ,2.6800001,13.4,5,B,1,1.752184,1
119,375,FLDAGOLD,1110000518,FLORIDAGOLD PREM SEL,64 OZ,2.8499999,22.799999,8,,0,1.71969,1
119,284,FLDAGOLD,1110000518,FLORIDAGOLD PREM SEL,64 OZ,2.6900001,40.349998,15,,0,1.5602,1
119,315,FLDAGOLD,1110000518,FLORIDAGOLD PREM SEL,64 OZ,2.5,160,64,S,1,1.46,1
119,328,FLDAGOLD,1110000518,FLORIDAGOLD PREM SEL,64 OZ,2.8499999,8.5500002,3,,0,1.5022351,1
119,360,FLDAGOLD,1110000518,FLORIDAGOLD PREM SEL,64 OZ,2.8499999,14.25,5,,0,1.460055,1
119,367,FLDAGOLD,1110000518,FLORIDAGOLD PREM SEL,64 OZ,2.6800001,16.08,6,B,1,1.655436,1
119,369,FLDAGOLD,1110000518,FLORIDAGOLD PREM SEL,64 OZ,2.8499999,19.950001,7,,0,2.0001299,1
119,390,FLDAGOLD,1110000518,FLORIDAGOLD PREM SEL,64 OZ,2.8900001,11.56,4,,0,2.0990069,1
89,327,FLDAGOLD,1110000518,FLORIDAGOLD PREM SEL,64 OZ,2.8499999,5.6999998,2,,0,1.909215,1
89,356,FLDAGOLD,1110000518,FLORIDAGOLD PREM SEL,64 OZ,2.1900001,254.03999,116,B,1,1.9491,1
89,360,FLDAGOLD,1110000518,FLORIDAGOLD PREM SEL,64 OZ,2.8499999,5.6999998,2,,0,1.460055,1
89,280,FLDAGOLD,1110000518,FLORIDAGOLD PREM SEL,64 OZ,2.6900001,13.45,5,,0,1.332088,1
89,375,FLDAGOLD,1110000518,FLORIDAGOLD PREM SEL,64 OZ,2.8499999,11.4,4,,0,2.0554199,1
89,313,FLDAGOLD,1110000518,FLORIDAGOLD PREM SEL,64 OZ,2.8499999,14.25,5,,0,1.460055,1
89,378,FLDAGOLD,1110000518,FLORIDAGOLD PREM SEL,64 OZ,2.8900001,17.34,6,,0,2.0501659,1
89,351,FLDAGOLD,1110000518,FLORIDAGOLD PREM SEL,64 OZ,2.5,10,4,B,1,1.949,1
89,367,FLDAGOLD,1110000518,FLORIDAGOLD PREM SEL,64 OZ,2.6800001,16.08,6,B,1,1.655436,1
89,290,FLDAGOLD,1110000518,FLORIDAGOLD PREM SEL,64 OZ,2.3399999,18.719999,8,B,1,1.53504,1
89,364,FLDAGOLD,1110000518,FLORIDAGOLD PREM SEL,64 OZ,1.99,11.94,6,B,1,1.790403,1
89,386,FLDAGOLD,1110000518,FLORIDAGOLD PREM SEL,64 OZ,2.8900001,8.6700001,3,,0,2.0990069,1
89,278,FLDAGOLD,1110000518,FLORIDAGOLD PREM SEL,64 OZ,1.7,91.800003,54,,0,1.37581,1
89,306,FLDAGOLD,1110000518,FLORIDAGOLD PREM SEL,64 OZ,2.8499999,14.25,5,,0,1.48827,1
89,285,FLDAGOLD,1110000518,FLORIDAGOLD PREM SEL,64 OZ,2.3,20.700001,9,,0,1.5594,1
89,291,FLDAGOLD,1110000518,FLORIDAGOLD PREM SEL,64 OZ,2.6900001,56.490002,21,,0,1.5602,1
89,294,FLDAGOLD,1110000518,FLORIDAGOLD PREM SEL,64 OZ,2.3800001,49.98,21,B,1,1.3999161,1
89,300,FLDAGOLD,1110000518,FLORIDAGOLD PREM SEL,64 OZ,2.5599999,15.36,6,,0,1.750784,1
89,302,FLDAGOLD,1110000518,FLORIDAGOLD PREM SEL,64 OZ,1.95,56.549999,29,B,1,1.745055,1
89,331,FLDAGOLD,1110000518,FLORIDAGOLD PREM SEL,64 OZ,2.8499999,5.6999998,2,,0,1.47516,1
89,341,FLDAGOLD,1110000518,FLORIDAGOLD PREM SEL,64 OZ,1.65,9.8999996,6,,0,1.41966,1
89,349,FLDAGOLD,1110000518,FLORIDAGOLD PREM SEL,64 OZ,1.4400001,1065.6,740,G,1,1.594224,1
89,357,FLDAGOLD,1110000518,FLORIDAGOLD PREM SEL,64 OZ,2.8499999,28.5,10,,0,1.949115,1
89,383,FLDAGOLD,1110000518,FLORIDAGOLD PREM SEL,64 OZ,2.8900001,20.23,7,,0,1.961732,1
89,385,FLDAGOLD,1110000518,FLORIDAGOLD PREM SEL,64 OZ,2.8900001,20.23,7,,0,2.0990069,1
89,390,FLDAGOLD,1110000518,FLORIDAGOLD PREM SEL,64 OZ,2.8900001,14.45,5,,0,2.0990069,1
89,391,FLDAGOLD,1110000518,FLORIDAGOLD PREM SEL,64 OZ,2.8900001,23.120001,8,,0,2.0990069,1
89,355,FLDAGOLD,1110000518,FLORIDAGOLD PREM SEL,64 OZ,2.1500001,53.75,25,B,1,1.9096299,1
89,335,FLDAGOLD,1110000518,FLORIDAGOLD PREM SEL,64 OZ,2.8499999,22.799999,8,,0,1.22778,1
100,292,FLDAGOLD,1110000518,FLORIDAGOLD PREM SEL,64 OZ,2.52,55.439999,22,,0,1.5077159,1
100,375,FLDAGOLD,1110000518,FLORIDAGOLD PREM SEL,64 OZ,2.99,65.779999,22,,0,2.046356,1
100,358,FLDAGOLD,1110000518,FLORIDAGOLD PREM SEL,64 OZ,2.99,122.59,41,,0,1.467193,1
100,331,FLDAGOLD,1110000518,FLORIDAGOLD PREM SEL,64 OZ,2.99,53.82,18,,0,1.475266,1
100,277,FLDAGOLD,1110000518,FLORIDAGOLD PREM SEL,64 OZ,2,86,43,B,1,1.4736,1
100,317,FLDAGOLD,1110000518,FLORIDAGOLD PREM SEL,64 OZ,2.99,26.91,9,,0,1.587092,1
100,376,FLDAGOLD,1110000518,FLORIDAGOLD PREM SEL,64 OZ,2,1266,633,S,1,1.74,1
100,387,FLDAGOLD,1110000518,FLORIDAGOLD PREM SEL,64 OZ,3.05,15.25,5,,0,2.09901,1
100,381,FLDAGOLD,1110000518,FLORIDAGOLD PREM SEL,64 OZ,3.05,18.299999,6,,0,1.92821,1
100,351,FLDAGOLD,1110000518,FLORIDAGOLD PREM SEL,64 OZ,2.5,27.5,11,B,1,1.949,1
100,364,FLDAGOLD,1110000518,FLORIDAGOLD PREM SEL,64 OZ,2.54,22.860001,9,B,1,1.922272,1
100,289,FLDAGOLD,1110000518,FLORIDAGOLD PREM SEL,64 OZ,1.99,147.25999,74,B,1,1.519564,1
100,335,FLDAGOLD,1110000518,FLORIDAGOLD PREM SEL,64 OZ,1.8,34.200001,19,B,1,1.08306,1
100,304,FLDAGOLD,1110000518,FLORIDAGOLD PREM SEL,64 OZ,2.6700001,136.17,51,B,1,1.581708,1
100,320,FLDAGOLD,1110000518,FLORIDAGOLD PREM SEL,64 OZ,2.99,38.869999,13,,0,1.041118,1
100,278,FLDAGOLD,1110000518,FLORIDAGOLD PREM SEL,64 OZ,1.76,24.639999,14,,0,1.3904001,1
100,282,FLDAGOLD,1110000518,FLORIDAGOLD PREM SEL,64 OZ,1.76,24.639999,14,,0,1.3904001,1
53,340,FLDAGOLD,1110000518,FLORIDAGOLD PREM SEL,64 OZ,1.42,2088.8201,1471,S,1,1.359082,1
53,287,FLDAGOLD,1110000518,FLORIDAGOLD PREM SEL,64 OZ,1.99,137.31,69,B,1,1.56016,1
53,397,FLDAGOLD,1110000518,FLORIDAGOLD PREM SEL,64 OZ,2.4000001,9.6000004,4,B,1,1.70664,1
53,360,FLDAGOLD,1110000518,FLORIDAGOLD PREM SEL,64 OZ,2.99,23.92,8,,0,1.460017,1
53,389,FLDAGOLD,1110000518,FLORIDAGOLD PREM SEL,64 OZ,3.05,9.1499996,3,,0,2.09901,1
53,343,FLDAGOLD,1110000518,FLORIDAGOLD PREM SEL,64 OZ,1.99,521.38,262,B,1,1.753389,1
53,363,FLDAGOLD,1110000518,FLORIDAGOLD PREM SEL,64 OZ,1.99,722.37,363,B,1,1.6885149,1
53,286,FLDAGOLD,1110000518,FLORIDAGOLD PREM SEL,64 OZ,1.99,218.89999,110,B,1,1.56016,1
53,291,FLDAGOLD,1110000518,FLORIDAGOLD PREM SEL,64 OZ,2.79,106.02,38,,0,1.560168,1
53,302,FLDAGOLD,1110000518,FLORIDAGOLD PREM SEL,64 OZ,1.9,70.300003,37,B,1,1.74496,1
53,303,FLDAGOLD,1110000518,FLORIDAGOLD PREM SEL,64 OZ,1.89,232.47,123,B,1,1.644489,1
53,317,FLDAGOLD,1110000518,FLORIDAGOLD PREM SEL,64 OZ,2.99,23.92,8,,0,1.587092,1
53,331,FLDAGOLD,1110000518,FLORIDAGOLD PREM SEL,64 OZ,2.99,17.940001,6,,0,1.475266,1
53,341,FLDAGOLD,1110000518,FLORIDAGOLD PREM SEL,64 OZ,2.8399999,122.12,43,,0,1.5904,1
53,346,FLDAGOLD,1110000518,FLORIDAGOLD PREM SEL,64 OZ,1.79,658.71997,368,S,1,1.760107,1
53,359,FLDAGOLD,1110000518,FLORIDAGOLD PREM SEL,64 OZ,2.99,26.91,9,,0,1.462409,1
53,366,FLDAGOLD,1110000518,FLORIDAGOLD PREM SEL,64 OZ,2.6900001,37.66,14,B,1,1.906134,1
53,373,FLDAGOLD,1110000518,FLORIDAGOLD PREM SEL,64 OZ,2.99,71.760002,24,,0,1.746758,1
53,388,FLDAGOLD,1110000518,FLORIDAGOLD PREM SEL,64 OZ,3.05,15.25,5,,0,2.09901,1
53,394,FLDAGOLD,1110000518,FLORIDAGOLD PREM SEL,64 OZ,3.05,36.599998,12,,0,2.0752201,1
53,384,FLDAGOLD,1110000518,FLORIDAGOLD PREM SEL,64 OZ,3.05,39.650002,13,,0,2.09901,1
53,334,FLDAGOLD,1110000518,FLORIDAGOLD PREM SEL,64 OZ,1.4299999,3430.5701,2399,B,1,1.040611,1
53,396,FLDAGOLD,1110000518,FLORIDAGOLD PREM SEL,64 OZ,3.05,6.0999999,2,,0,1.99409,1
53,345,FLDAGOLD,1110000518,FLORIDAGOLD PREM SEL,64 OZ,1.8099999,213.58,118,B,1,1.7596821,1
53,304,FLDAGOLD,1110000518,FLORIDAGOLD PREM SEL,64 OZ,2.6900001,172.16,64,B,1,1.584141,1
53,378,FLDAGOLD,1110000518,FLORIDAGOLD PREM SEL,64 OZ,3.05,33.549999,11,,0,2.0865049,1
53,386,FLDAGOLD,1110000518,FLORIDAGOLD PREM SEL,64 OZ,3.05,6.0999999,2,,0,2.09901,1
53,285,FLDAGOLD,1110000518,FLORIDAGOLD PREM SEL,64 OZ,2.04,193.8,95,,0,1.554072,1
53,296,FLDAGOLD,1110000518,FLORIDAGOLD PREM SEL,64 OZ,2.99,80.730003,27,,0,1.460017,1
53,332,FLDAGOLD,1110000518,FLORIDAGOLD PREM SEL,64 OZ,2.99,17.940001,6,,0,1.475266,1
92,336,FLDAGOLD,1110000518,FLORIDAGOLD PREM SEL,64 OZ,2.8499999,17.1,6,,0,1.76016,1
92,313,FLDAGOLD,1110000518,FLORIDAGOLD PREM SEL,64 OZ,2.8499999,2.8499999,1,,0,1.460055,1
92,348,FLDAGOLD,1110000518,FLORIDAGOLD PREM SEL,64 OZ,2.0999999,81.900002,39,,0,1.87236,1
92,301,FLDAGOLD,1110000518,FLORIDAGOLD PREM SEL,64 OZ,1.99,1.99,1,B,1,1.75319,1
92,284,FLDAGOLD,1110000518,FLORIDAGOLD PREM SEL,64 OZ,2.3900001,21.51,9,,0,1.560192,1
92,286,FLDAGOLD,1110000518,FLORIDAGOLD PREM SEL,64 OZ,1.99,101.49,51,B,1,1.56016,1
92,309,FLDAGOLD,1110000518,FLORIDAGOLD PREM SEL,64 OZ,2.8499999,5.6999998,2,,0,1.460055,1
92,311,FLDAGOLD,1110000518,FLORIDAGOLD PREM SEL,64 OZ,2.8499999,11.4,4,,0,1.460055,1
92,328,FLDAGOLD,1110000518,FLORIDAGOLD PREM SEL,64 OZ,2.8499999,5.6999998,2,,0,1.49625,1
92,329,FLDAGOLD,1110000518,FLORIDAGOLD PREM SEL,64 OZ,2.8499999,17.1,6,,0,1.47516,1
92,339,FLDAGOLD,1110000518,FLORIDAGOLD PREM SEL,64 OZ,2.8499999,2.8499999,1,,0,1.36002,1
92,345,FLDAGOLD,1110000518,FLORIDAGOLD PREM SEL,64 OZ,1.99,15.92,8,B,1,1.760155,1
92,356,FLDAGOLD,1110000518,FLORIDAGOLD PREM SEL,64 OZ,2.1900001,39.419998,18,B,1,1.9491,1
92,326,FLDAGOLD,1110000518,FLORIDAGOLD PREM SEL,64 OZ,2.8499999,11.4,4,,0,1.909215,1
52,308,FLDAGOLD,1110000518,FLORIDAGOLD PREM SEL,64 OZ,2.99,8.9700003,3,,0,1.460017,1
52,309,FLDAGOLD,1110000518,FLORIDAGOLD PREM SEL,64 OZ,2.99,8.9700003,3,,0,1.460017,1
52,342,FLDAGOLD,1110000518,FLORIDAGOLD PREM SEL,64 OZ,2.99,17.940001,6,B,1,1.760213,1
52,281,FLDAGOLD,1110000518,FLORIDAGOLD PREM SEL,64 OZ,2.79,33.48,12,,0,1.332225,1
52,286,FLDAGOLD,1110000518,FLORIDAGOLD PREM SEL,64 OZ,1.99,103.48,52,B,1,1.56016,1
52,287,FLDAGOLD,1110000518,FLORIDAGOLD PREM SEL,64 OZ,1.99,97.510002,49,B,1,1.56016,1
52,301,FLDAGOLD,1110000518,FLORIDAGOLD PREM SEL,64 OZ,1.99,113.43,57,B,1,1.75319,1
52,314,FLDAGOLD,1110000518,FLORIDAGOLD PREM SEL,64 OZ,2.99,29.9,10,,0,1.460017,1
52,320,FLDAGOLD,1110000518,FLORIDAGOLD PREM SEL,64 OZ,2.99,5.98,2,,0,0.87726599,1
52,340,FLDAGOLD,1110000518,FLORIDAGOLD PREM SEL,64 OZ,1.42,1400.12,986,S,1,1.360076,1
52,343,FLDAGOLD,1110000518,FLORIDAGOLD PREM SEL,64 OZ,2.53,106.26,42,B,1,1.7580971,1
52,348,FLDAGOLD,1110000518,FLORIDAGOLD PREM SEL,64 OZ,2.77,66.480003,24,B,1,1.699118,1
52,350,FLDAGOLD,1110000518,FLORIDAGOLD PREM SEL,64 OZ,1.99,59.700001,30,B,1,1.640357,1
52,354,FLDAGOLD,1110000518,FLORIDAGOLD PREM SEL,64 OZ,1.99,975.09998,490,S,1,1.6491131,1
52,355,FLDAGOLD,1110000518,FLORIDAGOLD PREM SEL,64 OZ,2.45,36.75,15,B,1,1.68462,1
52,360,FLDAGOLD,1110000518,FLORIDAGOLD PREM SEL,64 OZ,2.99,8.9700003,3,,0,1.460017,1
52,369,FLDAGOLD,1110000518,FLORIDAGOLD PREM SEL,64 OZ,2.99,20.93,7,,0,2.000011,1
52,373,FLDAGOLD,1110000518,FLORIDAGOLD PREM SEL,64 OZ,2.99,41.860001,14,,0,1.698619,1
52,385,FLDAGOLD,1110000518,FLORIDAGOLD PREM SEL,64 OZ,3.05,27.450001,9,,0,2.09901,1
52,395,FLDAGOLD,1110000518,FLORIDAGOLD PREM SEL,64 OZ,3.05,9.1499996,3,,0,1.99409,1
52,394,FLDAGOLD,1110000518,FLORIDAGOLD PREM SEL,64 OZ,3.05,18.299999,6,,0,2.0752201,1
52,358,FLDAGOLD,1110000518,FLORIDAGOLD PREM SEL,64 OZ,2.99,26.91,9,,0,1.464203,1
52,300,FLDAGOLD,1110000518,FLORIDAGOLD PREM SEL,64 OZ,2.49,24.9,10,,0,1.753209,1
52,294,FLDAGOLD,1110000518,FLORIDAGOLD PREM SEL,64 OZ,2.4000001,108,45,B,1,1.40376,1
52,304,FLDAGOLD,1110000518,FLORIDAGOLD PREM SEL,64 OZ,2.6900001,188.3,70,B,1,1.584141,1
52,365,FLDAGOLD,1110000518,FLORIDAGOLD PREM SEL,64 OZ,2.8099999,42.150002,15,B,1,2.0802431,1
52,386,FLDAGOLD,1110000518,FLORIDAGOLD PREM SEL,64 OZ,3.05,15.25,5,,0,2.09901,1
52,363,FLDAGOLD,1110000518,FLORIDAGOLD PREM SEL,64 OZ,1.99,575.10999,289,B,1,1.690107,1
