Discrete Choice Model For Product Demand And Price Sensitivity Estimation/catsales_RefrigOJ_2017Semester_sample.csv
store,week,unibranddff,upc,descripdff,size,reprice,resales,move,sale,prom,whprice,qty
76,336,FLDAGOLD,1110000518,FLORIDAGOLD PREM SEL,64 OZ,2.6500001,47.700001,18,,0,1.7543,1
76,375,FLDAGOLD,1110000518,FLORIDAGOLD PREM SEL,64 OZ,2.99,35.880001,12,,0,1.965925,1
76,341,FLDAGOLD,1110000518,FLORIDAGOLD PREM SEL,64 OZ,1.65,19.799999,12,,0,1.386495,1
76,350,FLDAGOLD,1110000518,FLORIDAGOLD PREM SEL,64 OZ,1.71,18.809999,11,B,1,1.623132,1
76,363,FLDAGOLD,1110000518,FLORIDAGOLD PREM SEL,64 OZ,1.99,75.620003,38,B,1,1.732096,1
76,377,FLDAGOLD,1110000518,FLORIDAGOLD PREM SEL,64 OZ,2.6600001,7.98,3,,0,1.50024,1
76,378,FLDAGOLD,1110000518,FLORIDAGOLD PREM SEL,64 OZ,3.05,12.2,4,,0,2.0627151,1
76,298,FLDAGOLD,1110000518,FLORIDAGOLD PREM SEL,64 OZ,1.5,1711.5,1141,S,1,0.97259998,1
76,325,FLDAGOLD,1110000518,FLORIDAGOLD PREM SEL,64 OZ,2.8499999,22.799999,8,,0,1.909215,1
76,384,FLDAGOLD,1110000518,FLORIDAGOLD PREM SEL,64 OZ,3.05,21.35,7,,0,2.09901,1
76,376,FLDAGOLD,1110000518,FLORIDAGOLD PREM SEL,64 OZ,2,1684,842,S,1,1.7236,1
76,353,FLDAGOLD,1110000518,FLORIDAGOLD PREM SEL,64 OZ,2.5799999,10.32,4,B,1,1.8686939,1
76,352,FLDAGOLD,1110000518,FLORIDAGOLD PREM SEL,64 OZ,2.5,15,6,B,1,1.949,1
76,334,FLDAGOLD,1110000518,FLORIDAGOLD PREM SEL,64 OZ,1.45,1661.7,1146,G,1,1.04487,1
76,351,FLDAGOLD,1110000518,FLORIDAGOLD PREM SEL,64 OZ,2.5,10,4,B,1,1.949,1
76,339,FLDAGOLD,1110000518,FLORIDAGOLD PREM SEL,64 OZ,1.7,178.5,105,,0,1.36306,1
76,335,FLDAGOLD,1110000518,FLORIDAGOLD PREM SEL,64 OZ,1.98,496.98001,251,,0,1.566774,1
76,324,FLDAGOLD,1110000518,FLORIDAGOLD PREM SEL,64 OZ,2.8499999,2.8499999,1,,0,1.909215,1
76,312,FLDAGOLD,1110000518,FLORIDAGOLD PREM SEL,64 OZ,2.8499999,19.950001,7,,0,1.460055,1
76,308,FLDAGOLD,1110000518,FLORIDAGOLD PREM SEL,64 OZ,2.8499999,11.4,4,,0,1.460055,1
76,399,FLDAGOLD,1110000518,FLORIDAGOLD PREM SEL,64 OZ,2.6199999,20.959999,8,B,1,2.1001921,1
76,296,FLDAGOLD,1110000518,FLORIDAGOLD PREM SEL,64 OZ,2.8499999,14.25,5,,0,1.460055,1
76,286,FLDAGOLD,1110000518,FLORIDAGOLD PREM SEL,64 OZ,1.99,65.669998,33,B,1,1.56016,1
76,354,FLDAGOLD,1110000518,FLORIDAGOLD PREM SEL,64 OZ,1.53,1430.55,935,S,1,1.6392421,1
76,373,FLDAGOLD,1110000518,FLORIDAGOLD PREM SEL,64 OZ,2.99,2.99,1,,0,1.561079,1
76,344,FLDAGOLD,1110000518,FLORIDAGOLD PREM SEL,64 OZ,2.4400001,21.959999,9,B,1,1.75924,1
76,381,FLDAGOLD,1110000518,FLORIDAGOLD PREM SEL,64 OZ,3.05,9.1499996,3,,0,1.92821,1
40,380,FLDAGOLD,1110000518,FLORIDAGOLD PREM SEL,64 OZ,2.8900001,2.8900001,1,,0,1.928208,1
40,363,FLDAGOLD,1110000518,FLORIDAGOLD PREM SEL,64 OZ,1.99,83.580002,42,B,1,1.716375,1
40,287,FLDAGOLD,1110000518,FLORIDAGOLD PREM SEL,64 OZ,1.99,31.84,16,B,1,1.56016,1
40,357,FLDAGOLD,1110000518,FLORIDAGOLD PREM SEL,64 OZ,2.6500001,50.349998,19,,0,1.945365,1
40,334,FLDAGOLD,1110000518,FLORIDAGOLD PREM SEL,64 OZ,1.46,1514.02,1037,G,1,1.044046,1
40,392,FLDAGOLD,1110000518,FLORIDAGOLD PREM SEL,64 OZ,2.8900001,5.7800002,2,,0,2.0990069,1
40,364,FLDAGOLD,1110000518,FLORIDAGOLD PREM SEL,64 OZ,2.0599999,24.719999,12,B,1,1.788904,1
40,360,FLDAGOLD,1110000518,FLORIDAGOLD PREM SEL,64 OZ,2.6900001,8.0699997,3,,0,1.460132,1
40,352,FLDAGOLD,1110000518,FLORIDAGOLD PREM SEL,64 OZ,1.42,9.9399996,7,B,1,1.937306,1
40,350,FLDAGOLD,1110000518,FLORIDAGOLD PREM SEL,64 OZ,1.9299999,13.51,7,B,1,1.6430089,1
40,314,FLDAGOLD,1110000518,FLORIDAGOLD PREM SEL,64 OZ,2.8499999,2.8499999,1,,0,1.460055,1
40,311,FLDAGOLD,1110000518,FLORIDAGOLD PREM SEL,64 OZ,2.01,28.139999,14,,0,1.4564461,1
40,304,FLDAGOLD,1110000518,FLORIDAGOLD PREM SEL,64 OZ,2.6900001,45.73,17,,0,1.584141,1
40,292,FLDAGOLD,1110000518,FLORIDAGOLD PREM SEL,64 OZ,2.3499999,18.799999,8,,0,1.498125,1
102,338,FLDAGOLD,1110000518,FLORIDAGOLD PREM SEL,64 OZ,2.8499999,8.5500002,3,,0,1.76016,1
102,358,FLDAGOLD,1110000518,FLORIDAGOLD PREM SEL,64 OZ,1.99,193.03,97,,0,1.519166,1
102,321,FLDAGOLD,1110000518,FLORIDAGOLD PREM SEL,64 OZ,1.34,8.04,6,,0,0.87381399,1
102,368,FLDAGOLD,1110000518,FLORIDAGOLD PREM SEL,64 OZ,2.8499999,2.8499999,1,,0,2.0001299,1
102,331,FLDAGOLD,1110000518,FLORIDAGOLD PREM SEL,64 OZ,2.8499999,14.25,5,,0,1.47516,1
102,344,FLDAGOLD,1110000518,FLORIDAGOLD PREM SEL,64 OZ,2.3800001,128.52,54,B,1,1.753108,1
102,285,FLDAGOLD,1110000518,FLORIDAGOLD PREM SEL,64 OZ,2.04,26.52,13,,0,1.557132,1
102,392,FLDAGOLD,1110000518,FLORIDAGOLD PREM SEL,64 OZ,0.5,17.5,35,,0,0.59899998,1
102,277,FLDAGOLD,1110000518,FLORIDAGOLD PREM SEL,64 OZ,2.03,32.48,16,B,1,1.478246,1
102,359,FLDAGOLD,1110000518,FLORIDAGOLD PREM SEL,64 OZ,2.8499999,14.25,5,,0,1.463475,1
102,385,FLDAGOLD,1110000518,FLORIDAGOLD PREM SEL,64 OZ,2.8900001,11.56,4,,0,2.0990069,1
102,336,FLDAGOLD,1110000518,FLORIDAGOLD PREM SEL,64 OZ,2.8499999,31.35,11,,0,1.76016,1
102,374,FLDAGOLD,1110000518,FLORIDAGOLD PREM SEL,64 OZ,2.8499999,19.950001,7,,0,1.5612299,1
102,384,FLDAGOLD,1110000518,FLORIDAGOLD PREM SEL,64 OZ,2.8900001,20.23,7,,0,2.0990069,1
102,330,FLDAGOLD,1110000518,FLORIDAGOLD PREM SEL,64 OZ,2.8499999,19.950001,7,,0,1.47516,1
102,296,FLDAGOLD,1110000518,FLORIDAGOLD PREM SEL,64 OZ,2.8499999,34.200001,12,,0,1.460055,1
2,316,FLDAGOLD,1110000518,FLORIDAGOLD PREM SEL,64 OZ,2.9200001,40.880001,14,,0,1.532708,1
2,343,FLDAGOLD,1110000518,FLORIDAGOLD PREM SEL,64 OZ,2.3900001,90.82,38,B,1,1.760235,1
2,318,FLDAGOLD,1110000518,FLORIDAGOLD PREM SEL,64 OZ,2.99,32.889999,11,,0,1.587092,1
2,301,FLDAGOLD,1110000518,FLORIDAGOLD PREM SEL,64 OZ,1.3200001,530.64001,402,B,1,1.744248,1
2,284,FLDAGOLD,1110000518,FLORIDAGOLD PREM SEL,64 OZ,2.79,55.799999,20,,0,1.560168,1
2,391,FLDAGOLD,1110000518,FLORIDAGOLD PREM SEL,64 OZ,3.05,27.450001,9,,0,2.09901,1
2,381,FLDAGOLD,1110000518,FLORIDAGOLD PREM SEL,64 OZ,3.05,30.5,10,,0,1.92821,1
2,388,FLDAGOLD,1110000518,FLORIDAGOLD PREM SEL,64 OZ,3.05,21.35,7,,0,2.09901,1
2,314,FLDAGOLD,1110000518,FLORIDAGOLD PREM SEL,64 OZ,2.99,32.889999,11,,0,1.460017,1
77,290,FLDAGOLD,1110000518,FLORIDAGOLD PREM SEL,64 OZ,2.02,151.5,75,B,1,1.49682,1
77,328,FLDAGOLD,1110000518,FLORIDAGOLD PREM SEL,64 OZ,2.6900001,18.83,7,,0,1.496985,1
77,351,FLDAGOLD,1110000518,FLORIDAGOLD PREM SEL,64 OZ,2.5,17.5,7,B,1,1.949,1
77,318,FLDAGOLD,1110000518,FLORIDAGOLD PREM SEL,64 OZ,2.6900001,13.45,5,,0,1.5871,1
77,365,FLDAGOLD,1110000518,FLORIDAGOLD PREM SEL,64 OZ,2.6900001,37.66,14,,0,2.0820601,1
77,395,FLDAGOLD,1110000518,FLORIDAGOLD PREM SEL,64 OZ,2.75,11,4,,0,1.994025,1
77,382,FLDAGOLD,1110000518,FLORIDAGOLD PREM SEL,64 OZ,2.75,35.75,13,,0,1.928025,1
77,381,FLDAGOLD,1110000518,FLORIDAGOLD PREM SEL,64 OZ,2.75,24.75,9,,0,1.928025,1
77,379,FLDAGOLD,1110000518,FLORIDAGOLD PREM SEL,64 OZ,2.75,35.75,13,,0,2.0504,1
77,368,FLDAGOLD,1110000518,FLORIDAGOLD PREM SEL,64 OZ,2.6900001,5.3800001,2,,0,1.825165,1
77,364,FLDAGOLD,1110000518,FLORIDAGOLD PREM SEL,64 OZ,2.0999999,37.799999,18,B,1,1.93977,1
77,353,FLDAGOLD,1110000518,FLORIDAGOLD PREM SEL,64 OZ,2.5,37.5,15,B,1,1.949,1
77,350,FLDAGOLD,1110000518,FLORIDAGOLD PREM SEL,64 OZ,2.5799999,38.700001,15,B,1,1.593666,1
77,349,FLDAGOLD,1110000518,FLORIDAGOLD PREM SEL,64 OZ,1.36,1429.36,1051,G,1,1.594056,1
77,348,FLDAGOLD,1110000518,FLORIDAGOLD PREM SEL,64 OZ,2.49,27.389999,11,,0,1.691955,1
77,333,FLDAGOLD,1110000518,FLORIDAGOLD PREM SEL,64 OZ,2.6900001,8.0699997,3,,0,1.534376,1
77,331,FLDAGOLD,1110000518,FLORIDAGOLD PREM SEL,64 OZ,2.6900001,2.6900001,1,,0,1.475196,1
77,330,FLDAGOLD,1110000518,FLORIDAGOLD PREM SEL,64 OZ,2.6900001,26.9,10,,0,1.475196,1
77,320,FLDAGOLD,1110000518,FLORIDAGOLD PREM SEL,64 OZ,2.6900001,5.3800001,2,,0,1.5871,1
77,314,FLDAGOLD,1110000518,FLORIDAGOLD PREM SEL,64 OZ,2.6900001,45.73,17,,0,1.460132,1
77,303,FLDAGOLD,1110000518,FLORIDAGOLD PREM SEL,64 OZ,1.89,90.720001,48,B,1,1.7002439,1
77,288,FLDAGOLD,1110000518,FLORIDAGOLD PREM SEL,64 OZ,2,28,14,B,1,1.559,1
77,282,FLDAGOLD,1110000518,FLORIDAGOLD PREM SEL,64 OZ,1.8200001,18.200001,10,,0,1.371734,1
77,278,FLDAGOLD,1110000518,FLORIDAGOLD PREM SEL,64 OZ,1.8200001,18.200001,10,,0,1.371734,1
77,399,FLDAGOLD,1110000518,FLORIDAGOLD PREM SEL,64 OZ,2.51,47.689999,19,B,1,2.0966029,1
77,367,FLDAGOLD,1110000518,FLORIDAGOLD PREM SEL,64 OZ,2.6900001,43.040001,16,,0,1.658116,1
77,369,FLDAGOLD,1110000518,FLORIDAGOLD PREM SEL,64 OZ,2.6900001,24.209999,9,,0,2.000015,1
77,390,FLDAGOLD,1110000518,FLORIDAGOLD PREM SEL,64 OZ,2.75,30.25,11,,0,2.0990751,1
77,280,FLDAGOLD,1110000518,FLORIDAGOLD PREM SEL,64 OZ,2.1500001,53.75,25,,0,1.33214,1
18,368,FLDAGOLD,1110000518,FLORIDAGOLD PREM SEL,64 OZ,2.7,40.5,15,B,1,1.71855,1
18,353,FLDAGOLD,1110000518,FLORIDAGOLD PREM SEL,64 OZ,2.55,35.700001,14,B,1,1.9063801,1
18,382,FLDAGOLD,1110000518,FLORIDAGOLD PREM SEL,64 OZ,2.9400001,64.68,22,,0,1.927758,1
18,305,FLDAGOLD,1110000518,FLORIDAGOLD PREM SEL,64 OZ,2.6900001,115.67,43,B,1,1.581989,1
18,394,FLDAGOLD,1110000518,FLORIDAGOLD PREM SEL,64 OZ,2.8900001,23.120001,8,,0,2.062593,1
18,345,FLDAGOLD,1110000518,FLORIDAGOLD PREM SEL,64 OZ,1.99,23.879999,12,B,1,1.760155,1
18,289,FLDAGOLD,1110000518,FLORIDAGOLD PREM SEL,64 OZ,1.99,151.24001,76,B,1,1.4996639,1
18,314,FLDAGOLD,1110000518,FLORIDAGOLD PREM SEL,64 OZ,2.8499999,39.900002,14,,0,1.460055,1
18,348,FLDAGOLD,1110000518,FLORIDAGOLD PREM SEL,64 OZ,0.99000001,186.12,188,,0,1.805562,1
18,308,FLDAGOLD,1110000518,FLORIDAGOLD PREM SEL,64 OZ,2.8499999,22.799999,8,,0,1.460055,1
135,356,FLDAGOLD,1110000518,FLORIDAGOLD PREM SEL,64 OZ,0.99000001,721.71002,729,,0,1.942479,1
135,366,FLDAGOLD,1110000518,FLORIDAGOLD PREM SEL,64 OZ,2.3900001,26.290001,11,,0,1.713869,1
135,367,FLDAGOLD,1110000518,FLORIDAGOLD PREM SEL,64 OZ,2.3900001,45.41,19,,0,1.6586601,1
135,381,FLDAGOLD,1110000518,FLORIDAGOLD PREM SEL,64 OZ,2.45,22.049999,9,,0,1.9281501,1
135,385,FLDAGOLD,1110000518,FLORIDAGOLD PREM SEL,64 OZ,2.45,14.7,6,,0,2.09916,1
135,384,FLDAGOLD,1110000518,FLORIDAGOLD PREM SEL,64 OZ,2.45,2.45,1,,0,2.09916,1
135,374,FLDAGOLD,1110000518,FLORIDAGOLD PREM SEL,64 OZ,2.3900001,7.1700001,3,,0,1.561148,1
135,364,FLDAGOLD,1110000518,FLORIDAGOLD PREM SEL,64 OZ,2.0599999,148.32001,72,B,1,1.856266,1
135,362,FLDAGOLD,1110000518,FLORIDAGOLD PREM SEL,64 OZ,2.3900001,35.849998,15,,0,1.763342,1
135,349,FLDAGOLD,1110000518,FLORIDAGOLD PREM SEL,64 OZ,1.21,181.5,150,G,1,1.597684,1
32,343,FLDAGOLD,1110000518,FLORIDAGOLD PREM SEL,64 OZ,2.3900001,62.139999,26,B,1,1.760235,1
32,350,FLDAGOLD,1110000518,FLORIDAGOLD PREM SEL,64 OZ,2.6099999,7.8299999,3,B,1,1.827783,1
32,347,FLDAGOLD,1110000518,FLORIDAGOLD PREM SEL,64 OZ,2.99,17.940001,6,,0,1.760213,1
32,287,FLDAGOLD,1110000518,FLORIDAGOLD PREM SEL,64 OZ,1.99,220.89,111,B,1,1.56016,1
32,278,FLDAGOLD,1110000518,FLORIDAGOLD PREM SEL,64 OZ,1.78,40.939999,23,,0,1.406912,1
32,348,FLDAGOLD,1110000518,FLORIDAGOLD PREM SEL,64 OZ,1.02,157.08,154,B,1,1.882512,1
32,378,FLDAGOLD,1110000518,FLORIDAGOLD PREM SEL,64 OZ,3.05,45.75,15,,0,2.0901649,1
32,296,FLDAGOLD,1110000518,FLORIDAGOLD PREM SEL,64 OZ,2.99,56.810001,19,,0,1.460017,1
32,399,FLDAGOLD,1110000518,FLORIDAGOLD PREM SEL,64 OZ,2.47,22.23,9,B,1,2.0945599,1
32,303,FLDAGOLD,1110000518,FLORIDAGOLD PREM SEL,64 OZ,1.89,77.489998,41,B,1,1.691172,1
32,391,FLDAGOLD,1110000518,FLORIDAGOLD PREM SEL,64 OZ,3.05,85.400002,28,,0,2.09901,1
32,395,FLDAGOLD,1110000518,FLORIDAGOLD PREM SEL,64 OZ,3.05,9.1499996,3,,0,1.99409,1
32,379,FLDAGOLD,1110000518,FLORIDAGOLD PREM SEL,64 OZ,3.05,42.700001,14,,0,2.0517349,1
32,366,FLDAGOLD,1110000518,FLORIDAGOLD PREM SEL,64 OZ,2.6099999,78.300003,30,B,1,1.822041,1
143,356,FLDAGOLD,1110000518,FLORIDAGOLD PREM SEL,64 OZ,2.1900001,61.32,28,B,1,1.9491,1
143,369,FLDAGOLD,1110000518,FLORIDAGOLD PREM SEL,64 OZ,2.8499999,5.6999998,2,,0,2.0001299,1
143,388,FLDAGOLD,1110000518,FLORIDAGOLD PREM SEL,64 OZ,2.8900001,14.45,5,,0,2.0990069,1
143,384,FLDAGOLD,1110000518,FLORIDAGOLD PREM SEL,64 OZ,2.8900001,17.34,6,,0,2.0990069,1
143,380,FLDAGOLD,1110000518,FLORIDAGOLD PREM SEL,64 OZ,2.8900001,8.6700001,3,,0,1.928208,1
143,378,FLDAGOLD,1110000518,FLORIDAGOLD PREM SEL,64 OZ,2.8900001,26.01,9,,0,2.0669279,1
143,374,FLDAGOLD,1110000518,FLORIDAGOLD PREM SEL,64 OZ,2.8499999,25.65,9,,0,1.5612299,1
143,372,FLDAGOLD,1110000518,FLORIDAGOLD PREM SEL,64 OZ,2.8499999,17.1,6,,0,2.1001649,1
143,364,FLDAGOLD,1110000518,FLORIDAGOLD PREM SEL,64 OZ,2.1600001,21.6,10,B,1,1.80036,1
143,363,FLDAGOLD,1110000518,FLORIDAGOLD PREM SEL,64 OZ,1.99,129.35001,65,B,1,1.717967,1
141,387,FLDAGOLD,1110000518,FLORIDAGOLD PREM SEL,64 OZ,2.45,14.7,6,,0,2.09916,1
141,373,FLDAGOLD,1110000518,FLORIDAGOLD PREM SEL,64 OZ,2.3900001,45.41,19,,0,1.738964,1
141,398,FLDAGOLD,1110000518,FLORIDAGOLD PREM SEL,64 OZ,2.1900001,30.66,14,B,1,1.877268,1
141,397,FLDAGOLD,1110000518,FLORIDAGOLD PREM SEL,64 OZ,2.21,22.1,10,B,1,1.705457,1
141,396,FLDAGOLD,1110000518,FLORIDAGOLD PREM SEL,64 OZ,2.45,17.15,7,,0,1.87229,1
141,393,FLDAGOLD,1110000518,FLORIDAGOLD PREM SEL,64 OZ,2.45,12.25,5,,0,2.0102251,1
141,392,FLDAGOLD,1110000518,FLORIDAGOLD PREM SEL,64 OZ,2.45,19.6,8,,0,2.09916,1
141,385,FLDAGOLD,1110000518,FLORIDAGOLD PREM SEL,64 OZ,2.45,12.25,5,,0,2.09916,1
141,378,FLDAGOLD,1110000518,FLORIDAGOLD PREM SEL,64 OZ,2.45,22.049999,9,,0,2.1001401,1
141,368,FLDAGOLD,1110000518,FLORIDAGOLD PREM SEL,64 OZ,2.3900001,11.95,5,,0,1.720083,1
141,366,FLDAGOLD,1110000518,FLORIDAGOLD PREM SEL,64 OZ,2.3900001,9.5600004,4,,0,1.6820821,1
98,390,FLDAGOLD,1110000518,FLORIDAGOLD PREM SEL,64 OZ,2.8900001,31.790001,11,,0,2.0990069,1
98,360,FLDAGOLD,1110000518,FLORIDAGOLD PREM SEL,64 OZ,2.8499999,19.950001,7,,0,1.460055,1
98,385,FLDAGOLD,1110000518,FLORIDAGOLD PREM SEL,64 OZ,2.8900001,31.790001,11,,0,2.0990069,1
98,280,FLDAGOLD,1110000518,FLORIDAGOLD PREM SEL,64 OZ,2.6900001,29.59,11,,0,1.332088,1
98,295,FLDAGOLD,1110000518,FLORIDAGOLD PREM SEL,64 OZ,2.72,46.240002,17,,0,1.470432,1
98,384,FLDAGOLD,1110000518,FLORIDAGOLD PREM SEL,64 OZ,2.8900001,26.01,9,,0,2.0990069,1
98,394,FLDAGOLD,1110000518,FLORIDAGOLD PREM SEL,64 OZ,2.8900001,2.8900001,1,,0,2.100163,1
98,339,FLDAGOLD,1110000518,FLORIDAGOLD PREM SEL,64 OZ,2.8499999,25.65,9,,0,1.62678,1
98,283,FLDAGOLD,1110000518,FLORIDAGOLD PREM SEL,64 OZ,1.6900001,45.630001,27,B,1,1.553279,1
98,288,FLDAGOLD,1110000518,FLORIDAGOLD PREM SEL,64 OZ,2.01,64.32,32,B,1,1.5585541,1
98,291,FLDAGOLD,1110000518,FLORIDAGOLD PREM SEL,64 OZ,2.6900001,53.799999,20,,0,1.5602,1
98,297,FLDAGOLD,1110000518,FLORIDAGOLD PREM SEL,64 OZ,2.8499999,39.900002,14,,0,1.122615,1
98,298,FLDAGOLD,1110000518,FLORIDAGOLD PREM SEL,64 OZ,1.49,2600.05,1745,,0,0.96701002,1
98,300,FLDAGOLD,1110000518,FLORIDAGOLD PREM SEL,64 OZ,2.3699999,21.33,9,,0,1.75143,1
98,311,FLDAGOLD,1110000518,FLORIDAGOLD PREM SEL,64 OZ,1.85,85.099998,46,,0,1.45595,1
98,320,FLDAGOLD,1110000518,FLORIDAGOLD PREM SEL,64 OZ,2.8499999,14.25,5,,0,1.01916,1
98,326,FLDAGOLD,1110000518,FLORIDAGOLD PREM SEL,64 OZ,2.8499999,31.35,11,,0,1.909215,1
98,344,FLDAGOLD,1110000518,FLORIDAGOLD PREM SEL,64 OZ,2.46,61.5,25,B,1,1.75767,1
98,387,FLDAGOLD,1110000518,FLORIDAGOLD PREM SEL,64 OZ,2.8900001,20.23,7,,0,2.0990069,1
98,372,FLDAGOLD,1110000518,FLORIDAGOLD PREM SEL,64 OZ,2.8499999,14.25,5,,0,2.1001649,1
98,378,FLDAGOLD,1110000518,FLORIDAGOLD PREM SEL,64 OZ,2.8900001,20.23,7,,0,2.0787771,1
98,383,FLDAGOLD,1110000518,FLORIDAGOLD PREM SEL,64 OZ,2.8900001,40.459999,14,,0,1.940346,1
98,386,FLDAGOLD,1110000518,FLORIDAGOLD PREM SEL,64 OZ,2.8900001,28.9,10,,0,2.0990069,1
28,337,FLDAGOLD,1110000518,FLORIDAGOLD PREM SEL,64 OZ,2.8499999,2.8499999,1,,0,1.76016,1
28,350,FLDAGOLD,1110000518,FLORIDAGOLD PREM SEL,64 OZ,2.25,36,16,B,1,1.77165,1
28,326,FLDAGOLD,1110000518,FLORIDAGOLD PREM SEL,64 OZ,2.8499999,17.1,6,,0,1.909215,1
28,368,FLDAGOLD,1110000518,FLORIDAGOLD PREM SEL,64 OZ,2.8499999,5.6999998,2,,0,2.0001299,1
28,296,FLDAGOLD,1110000518,FLORIDAGOLD PREM SEL,64 OZ,2.8499999,17.1,6,,0,1.460055,1
28,382,FLDAGOLD,1110000518,FLORIDAGOLD PREM SEL,64 OZ,2.8900001,26.01,9,,0,1.928208,1
28,316,FLDAGOLD,1110000518,FLORIDAGOLD PREM SEL,64 OZ,2.8499999,39.900002,14,,0,1.568925,1
28,286,FLDAGOLD,1110000518,FLORIDAGOLD PREM SEL,64 OZ,1.99,47.759998,24,B,1,1.56016,1
28,309,FLDAGOLD,1110000518,FLORIDAGOLD PREM SEL,64 OZ,2.8499999,28.5,10,,0,1.460055,1
28,297,FLDAGOLD,1110000518,FLORIDAGOLD PREM SEL,64 OZ,2.8499999,25.65,9,,0,1.317555,1
