Discrete Choice Model For Product Demand And Price Sensitivity Estimation/catsales_RefrigOJ_2017Semester_sample.csv
store,week,unibranddff,upc,descripdff,size,reprice,resales,move,sale,prom,whprice,qty
56,369,FLDAGOLD,1110000518,FLORIDAGOLD PREM SEL,64 OZ,2.05,194.75,95,,0,1.996495,1
56,327,FLDAGOLD,1110000518,FLORIDAGOLD PREM SEL,64 OZ,2.8499999,8.5500002,3,,0,1.909215,1
56,286,FLDAGOLD,1110000518,FLORIDAGOLD PREM SEL,64 OZ,1.99,119.4,60,B,1,1.56016,1
56,283,FLDAGOLD,1110000518,FLORIDAGOLD PREM SEL,64 OZ,1.76,22.879999,13,B,1,1.5539041,1
56,339,FLDAGOLD,1110000518,FLORIDAGOLD PREM SEL,64 OZ,2.8499999,37.049999,13,,0,1.42158,1
56,395,FLDAGOLD,1110000518,FLORIDAGOLD PREM SEL,64 OZ,2.8900001,11.56,4,,0,1.9941,1
56,391,FLDAGOLD,1110000518,FLORIDAGOLD PREM SEL,64 OZ,2.8900001,31.790001,11,,0,2.0990069,1
56,386,FLDAGOLD,1110000518,FLORIDAGOLD PREM SEL,64 OZ,2.8900001,11.56,4,,0,2.0990069,1
56,288,FLDAGOLD,1110000518,FLORIDAGOLD PREM SEL,64 OZ,2.0799999,64.480003,31,B,1,1.559792,1
56,295,FLDAGOLD,1110000518,FLORIDAGOLD PREM SEL,64 OZ,2.72,27.200001,10,,0,1.4742399,1
56,305,FLDAGOLD,1110000518,FLORIDAGOLD PREM SEL,64 OZ,2.73,40.950001,15,B,1,1.582581,1
56,364,FLDAGOLD,1110000518,FLORIDAGOLD PREM SEL,64 OZ,2.21,33.150002,15,B,1,1.864135,1
56,315,FLDAGOLD,1110000518,FLORIDAGOLD PREM SEL,64 OZ,2.5,412.5,165,S,1,1.46,1
56,352,FLDAGOLD,1110000518,FLORIDAGOLD PREM SEL,64 OZ,2.27,43.130001,19,B,1,1.9458441,1
56,329,FLDAGOLD,1110000518,FLORIDAGOLD PREM SEL,64 OZ,2.8499999,17.1,6,,0,1.47516,1
56,330,FLDAGOLD,1110000518,FLORIDAGOLD PREM SEL,64 OZ,2.8499999,31.35,11,,0,1.47516,1
56,336,FLDAGOLD,1110000518,FLORIDAGOLD PREM SEL,64 OZ,2.8499999,74.099998,26,,0,1.76016,1
56,345,FLDAGOLD,1110000518,FLORIDAGOLD PREM SEL,64 OZ,1.87,39.27,21,B,1,1.7548079,1
56,344,FLDAGOLD,1110000518,FLORIDAGOLD PREM SEL,64 OZ,1.34,263.98001,197,B,1,1.756606,1
56,343,FLDAGOLD,1110000518,FLORIDAGOLD PREM SEL,64 OZ,2.05,211.14999,103,B,1,1.755005,1
56,277,FLDAGOLD,1110000518,FLORIDAGOLD PREM SEL,64 OZ,2.1500001,45.150002,21,B,1,1.470385,1
56,334,FLDAGOLD,1110000518,FLORIDAGOLD PREM SEL,64 OZ,1.4400001,866.88,602,G,1,1.039968,1
56,380,FLDAGOLD,1110000518,FLORIDAGOLD PREM SEL,64 OZ,2.8900001,14.45,5,,0,1.928208,1
113,346,FLDAGOLD,1110000518,FLORIDAGOLD PREM SEL,64 OZ,1.99,17.91,9,S,1,1.760155,1
113,383,FLDAGOLD,1110000518,FLORIDAGOLD PREM SEL,64 OZ,2.8900001,8.6700001,3,,0,1.971558,1
113,397,FLDAGOLD,1110000518,FLORIDAGOLD PREM SEL,64 OZ,2.45,19.6,8,B,1,1.708385,1
113,313,FLDAGOLD,1110000518,FLORIDAGOLD PREM SEL,64 OZ,2.8499999,8.5500002,3,,0,1.460055,1
113,329,FLDAGOLD,1110000518,FLORIDAGOLD PREM SEL,64 OZ,2.8499999,14.25,5,,0,1.47516,1
113,394,FLDAGOLD,1110000518,FLORIDAGOLD PREM SEL,64 OZ,2.8900001,37.57,13,,0,2.0539229,1
113,317,FLDAGOLD,1110000518,FLORIDAGOLD PREM SEL,64 OZ,2.8499999,14.25,5,,0,1.587165,1
113,280,FLDAGOLD,1110000518,FLORIDAGOLD PREM SEL,64 OZ,2.6900001,26.9,10,,0,1.332088,1
113,396,FLDAGOLD,1110000518,FLORIDAGOLD PREM SEL,64 OZ,2.8900001,23.120001,8,,0,1.887748,1
113,342,FLDAGOLD,1110000518,FLORIDAGOLD PREM SEL,64 OZ,2.74,24.66,9,B,1,1.755244,1
113,296,FLDAGOLD,1110000518,FLORIDAGOLD PREM SEL,64 OZ,2.8499999,48.450001,17,,0,1.460055,1
117,346,FLDAGOLD,1110000518,FLORIDAGOLD PREM SEL,64 OZ,1.99,5.9699998,3,S,1,1.760155,1
117,331,FLDAGOLD,1110000518,FLORIDAGOLD PREM SEL,64 OZ,2.8499999,11.4,4,,0,1.47516,1
117,349,FLDAGOLD,1110000518,FLORIDAGOLD PREM SEL,64 OZ,1.45,514.75,355,G,1,1.59558,1
117,300,FLDAGOLD,1110000518,FLORIDAGOLD PREM SEL,64 OZ,2.02,48.48,24,,0,1.748108,1
117,310,FLDAGOLD,1110000518,FLORIDAGOLD PREM SEL,64 OZ,1.42,880.40002,620,S,1,1.459902,1
117,291,FLDAGOLD,1110000518,FLORIDAGOLD PREM SEL,64 OZ,2.3900001,35.849998,15,,0,1.560192,1
117,279,FLDAGOLD,1110000518,FLORIDAGOLD PREM SEL,64 OZ,1.9,24.700001,13,B,1,1.55572,1
117,359,FLDAGOLD,1110000518,FLORIDAGOLD PREM SEL,64 OZ,2.8499999,8.5500002,3,,0,1.464045,1
126,391,FLDAGOLD,1110000518,FLORIDAGOLD PREM SEL,64 OZ,2.8900001,5.7800002,2,,0,2.0990069,1
126,398,FLDAGOLD,1110000518,FLORIDAGOLD PREM SEL,64 OZ,2.1900001,15.33,7,B,1,1.821642,1
126,307,FLDAGOLD,1110000518,FLORIDAGOLD PREM SEL,64 OZ,2.8499999,19.950001,7,,0,1.462905,1
126,383,FLDAGOLD,1110000518,FLORIDAGOLD PREM SEL,64 OZ,2.8900001,49.130001,17,,0,1.9342771,1
126,374,FLDAGOLD,1110000518,FLORIDAGOLD PREM SEL,64 OZ,2.8499999,11.4,4,,0,1.5612299,1
126,301,FLDAGOLD,1110000518,FLORIDAGOLD PREM SEL,64 OZ,1.99,159.2,80,B,1,1.75319,1
126,291,FLDAGOLD,1110000518,FLORIDAGOLD PREM SEL,64 OZ,2.6900001,96.839996,36,,0,1.5602,1
126,321,FLDAGOLD,1110000518,FLORIDAGOLD PREM SEL,64 OZ,1.39,40.310001,29,B,1,0.87625599,1
126,344,FLDAGOLD,1110000518,FLORIDAGOLD PREM SEL,64 OZ,2.3900001,64.529999,27,,0,1.758562,1
126,295,FLDAGOLD,1110000518,FLORIDAGOLD PREM SEL,64 OZ,2.71,56.91,21,,0,1.468549,1
105,292,FLDAGOLD,1110000518,FLORIDAGOLD PREM SEL,64 OZ,2.29,6.8699999,3,B,1,1.3991899,1
105,349,FLDAGOLD,1110000518,FLORIDAGOLD PREM SEL,64 OZ,1.4400001,557.28003,387,G,1,1.595088,1
105,380,FLDAGOLD,1110000518,FLORIDAGOLD PREM SEL,64 OZ,2.8900001,5.7800002,2,,0,1.928208,1
105,351,FLDAGOLD,1110000518,FLORIDAGOLD PREM SEL,64 OZ,2.5,15,6,B,1,1.949,1
105,277,FLDAGOLD,1110000518,FLORIDAGOLD PREM SEL,64 OZ,2.03,34.509998,17,B,1,1.480276,1
105,337,FLDAGOLD,1110000518,FLORIDAGOLD PREM SEL,64 OZ,2.8499999,2.8499999,1,,0,1.76016,1
105,350,FLDAGOLD,1110000518,FLORIDAGOLD PREM SEL,64 OZ,2.3900001,47.799999,20,B,1,1.719844,1
105,299,FLDAGOLD,1110000518,FLORIDAGOLD PREM SEL,64 OZ,2.8499999,5.6999998,2,,0,1.363155,1
105,315,FLDAGOLD,1110000518,FLORIDAGOLD PREM SEL,64 OZ,2.5,117.5,47,S,1,1.46,1
105,389,FLDAGOLD,1110000518,FLORIDAGOLD PREM SEL,64 OZ,2.8900001,5.7800002,2,,0,2.0990069,1
105,375,FLDAGOLD,1110000518,FLORIDAGOLD PREM SEL,64 OZ,2.8499999,8.5500002,3,,0,1.879005,1
105,345,FLDAGOLD,1110000518,FLORIDAGOLD PREM SEL,64 OZ,1.99,15.92,8,B,1,1.760155,1
105,363,FLDAGOLD,1110000518,FLORIDAGOLD PREM SEL,64 OZ,2,150,75,B,1,1.7062,1
105,341,FLDAGOLD,1110000518,FLORIDAGOLD PREM SEL,64 OZ,2.8499999,2.8499999,1,,0,1.76016,1
105,386,FLDAGOLD,1110000518,FLORIDAGOLD PREM SEL,64 OZ,2.8900001,8.6700001,3,,0,2.0990069,1
